Archive member included because of file (symbol)

/cygdrive/c/Users/Public/Desktop/CmpE146Package/GNUARM/bin/../lib/gcc/arm-elf/4.3.2/libgcc.a(_udivsi3.o)
                              ./utils/src/rprintf.o (__udivsi3)
/cygdrive/c/Users/Public/Desktop/CmpE146Package/GNUARM/bin/../lib/gcc/arm-elf/4.3.2/libgcc.a(_umodsi3.o)
                              ./utils/src/rprintf.o (__umodsi3)
/cygdrive/c/Users/Public/Desktop/CmpE146Package/GNUARM/bin/../lib/gcc/arm-elf/4.3.2/libgcc.a(_dvmd_tls.o)
                              /cygdrive/c/Users/Public/Desktop/CmpE146Package/GNUARM/bin/../lib/gcc/arm-elf/4.3.2/libgcc.a(_udivsi3.o) (__div0)
/cygdrive/c/Users/Public/Desktop/CmpE146Package/GNUARM/bin/../lib/gcc/arm-elf/4.3.2/../../../../arm-elf/lib/libc.a(lib_a-atoi.o)
                              ./tasks/userInterface.o (atoi)
/cygdrive/c/Users/Public/Desktop/CmpE146Package/GNUARM/bin/../lib/gcc/arm-elf/4.3.2/../../../../arm-elf/lib/libc.a(lib_a-malloc.o)
                              ./System/cppmem.o (free)
/cygdrive/c/Users/Public/Desktop/CmpE146Package/GNUARM/bin/../lib/gcc/arm-elf/4.3.2/../../../../arm-elf/lib/libc.a(lib_a-mallocr.o)
                              /cygdrive/c/Users/Public/Desktop/CmpE146Package/GNUARM/bin/../lib/gcc/arm-elf/4.3.2/../../../../arm-elf/lib/libc.a(lib_a-malloc.o) (_malloc_r)
/cygdrive/c/Users/Public/Desktop/CmpE146Package/GNUARM/bin/../lib/gcc/arm-elf/4.3.2/../../../../arm-elf/lib/libc.a(lib_a-memcmp.o)
                              ./FreeRTOS/src/tasks.o (memcmp)
/cygdrive/c/Users/Public/Desktop/CmpE146Package/GNUARM/bin/../lib/gcc/arm-elf/4.3.2/../../../../arm-elf/lib/libc.a(lib_a-memcpy.o)
                              ./FreeRTOS/src/queue.o (memcpy)
/cygdrive/c/Users/Public/Desktop/CmpE146Package/GNUARM/bin/../lib/gcc/arm-elf/4.3.2/../../../../arm-elf/lib/libc.a(lib_a-memset.o)
                              ./tasks/userInterface.o (memset)
/cygdrive/c/Users/Public/Desktop/CmpE146Package/GNUARM/bin/../lib/gcc/arm-elf/4.3.2/../../../../arm-elf/lib/libc.a(lib_a-mlock.o)
                              /cygdrive/c/Users/Public/Desktop/CmpE146Package/GNUARM/bin/../lib/gcc/arm-elf/4.3.2/../../../../arm-elf/lib/libc.a(lib_a-mallocr.o) (__malloc_lock)
/cygdrive/c/Users/Public/Desktop/CmpE146Package/GNUARM/bin/../lib/gcc/arm-elf/4.3.2/../../../../arm-elf/lib/libc.a(lib_a-siprintf.o)
                              ./FreeRTOS/src/tasks.o (siprintf)
/cygdrive/c/Users/Public/Desktop/CmpE146Package/GNUARM/bin/../lib/gcc/arm-elf/4.3.2/../../../../arm-elf/lib/libc.a(lib_a-strcmp.o)
                              ./tasks/userInterface.o (strcmp)
/cygdrive/c/Users/Public/Desktop/CmpE146Package/GNUARM/bin/../lib/gcc/arm-elf/4.3.2/../../../../arm-elf/lib/libc.a(lib_a-strcpy.o)
                              ./FreeRTOS/src/tasks.o (strcpy)
/cygdrive/c/Users/Public/Desktop/CmpE146Package/GNUARM/bin/../lib/gcc/arm-elf/4.3.2/../../../../arm-elf/lib/libc.a(lib_a-strlen.o)
                              ./FreeRTOS/src/tasks.o (strlen)
/cygdrive/c/Users/Public/Desktop/CmpE146Package/GNUARM/bin/../lib/gcc/arm-elf/4.3.2/../../../../arm-elf/lib/libc.a(lib_a-strncpy.o)
                              ./FreeRTOS/src/tasks.o (strncpy)
/cygdrive/c/Users/Public/Desktop/CmpE146Package/GNUARM/bin/../lib/gcc/arm-elf/4.3.2/../../../../arm-elf/lib/libc.a(lib_a-strtok.o)
                              ./tasks/userInterface.o (strtok)
/cygdrive/c/Users/Public/Desktop/CmpE146Package/GNUARM/bin/../lib/gcc/arm-elf/4.3.2/../../../../arm-elf/lib/libc.a(lib_a-strtok_r.o)
                              /cygdrive/c/Users/Public/Desktop/CmpE146Package/GNUARM/bin/../lib/gcc/arm-elf/4.3.2/../../../../arm-elf/lib/libc.a(lib_a-strtok.o) (__strtok_r)
/cygdrive/c/Users/Public/Desktop/CmpE146Package/GNUARM/bin/../lib/gcc/arm-elf/4.3.2/../../../../arm-elf/lib/libc.a(lib_a-strtol.o)
                              /cygdrive/c/Users/Public/Desktop/CmpE146Package/GNUARM/bin/../lib/gcc/arm-elf/4.3.2/../../../../arm-elf/lib/libc.a(lib_a-atoi.o) (_strtol_r)
/cygdrive/c/Users/Public/Desktop/CmpE146Package/GNUARM/bin/../lib/gcc/arm-elf/4.3.2/../../../../arm-elf/lib/libc.a(lib_a-vfiprintf.o)
                              /cygdrive/c/Users/Public/Desktop/CmpE146Package/GNUARM/bin/../lib/gcc/arm-elf/4.3.2/../../../../arm-elf/lib/libc.a(lib_a-siprintf.o) (_vfiprintf_r)
/cygdrive/c/Users/Public/Desktop/CmpE146Package/GNUARM/bin/../lib/gcc/arm-elf/4.3.2/../../../../arm-elf/lib/libc.a(lib_a-wsetup.o)
                              /cygdrive/c/Users/Public/Desktop/CmpE146Package/GNUARM/bin/../lib/gcc/arm-elf/4.3.2/../../../../arm-elf/lib/libc.a(lib_a-vfiprintf.o) (__swsetup_r)
/cygdrive/c/Users/Public/Desktop/CmpE146Package/GNUARM/bin/../lib/gcc/arm-elf/4.3.2/../../../../arm-elf/lib/libc.a(lib_a-ctype_.o)
                              /cygdrive/c/Users/Public/Desktop/CmpE146Package/GNUARM/bin/../lib/gcc/arm-elf/4.3.2/../../../../arm-elf/lib/libc.a(lib_a-strtol.o) (__ctype_ptr)
[...]
Memory Configuration

Name             Origin             Length             Attributes
FLASH_BOOT       0x00000000         0x00001000         xr
FLASH_APP        0x00001000         0x0007c000         xr
SRAM             0x40000000         0x00008000         xw
USB_DMA_RAM      0x7fd00000         0x00002000         xw
*default*        0x00000000         0xffffffff

Linker script and memory map

LOAD ./main.o
LOAD ./utils/src/rprintf.o
LOAD ./utils/src/timer.o
LOAD ./tasks/userInterface.o
LOAD ./drivers/uart0.o
LOAD ./drivers/watchdog.o
LOAD ./System/cppmem.o
LOAD ./System/cpu.o
LOAD ./System/syscalls.o
LOAD ./System/startup/Arm7CStartup.o
LOAD ./System/startup/Lpc2000ExceptionVectors.o
LOAD ./System/startup/exceptionHandlers.o
LOAD ./FreeRTOS/src/croutine.o
LOAD ./FreeRTOS/src/list.o
LOAD ./FreeRTOS/src/port.o
LOAD ./FreeRTOS/src/portISR.o
LOAD ./FreeRTOS/src/queue.o
LOAD ./FreeRTOS/src/tasks.o
LOAD ./FreeRTOS/src/timers.o
LOAD ./FreeRTOS/mem/heap_3.o
LOAD ./FreeRTOS/hooks/hooks.o
LOAD /cygdrive/c/Users/Public/Desktop/CmpE146Package/GNUARM/bin/../lib/gcc/arm-elf/4.3.2/../../../../arm-elf/lib/libstdc++.a
LOAD /cygdrive/c/Users/Public/Desktop/CmpE146Package/GNUARM/bin/../lib/gcc/arm-elf/4.3.2/../../../../arm-elf/lib/libm.a
START GROUP
LOAD /cygdrive/c/Users/Public/Desktop/CmpE146Package/GNUARM/bin/../lib/gcc/arm-elf/4.3.2/libgcc.a
LOAD /cygdrive/c/Users/Public/Desktop/CmpE146Package/GNUARM/bin/../lib/gcc/arm-elf/4.3.2/../../../../arm-elf/lib/libc.a
END GROUP
                0x00001000                __FLASH_segment_start__ = 0x1000
                0x40000000                __SRAM_segment_start__ = 0x40000000
                0x00000000                __STACKSIZE_SYS__ = 0x0
                0x00000000                __STACKSIZE_USER__ = 0x0
                0x00000200                __STACKSIZE_IRQ__ = 0x200
                0x00000040                __STACKSIZE_FIQ__ = 0x40
                0x00000200                __STACKSIZE_SVC__ = 0x200
                0x00000000                __STACKSIZE_ABT__ = 0x0
                0x00000000                __STACKSIZE_UND__ = 0x0
                0x00000000                __HEAPSIZE__ = 0x0
                0x0000003c                __EXCEPTION_VECTORS_SIZE__ = 0x3c
                0x40000000                __lpc2000ExceptionVectors_ram_load_start__ = __SRAM_segment_start__

.lpc2000ExceptionVectors_ram
                0x40000000       0x3c
                0x40000000                __lpc2000ExceptionVectors_ram_start__ = .
 *(.lpc2000ExceptionVectors_ram)
                0x4000003c                . = ((__lpc2000ExceptionVectors_ram_start__ + __EXCEPTION_VECTORS_SIZE__) MAX .)
 *fill*         0x40000000       0x3c 00
                0x4000003c                __lpc2000ExceptionVectors_ram_end__ = (__lpc2000ExceptionVectors_ram_start__ + SIZEOF (.lpc2000ExceptionVectors_ram))
                0x00001000                __lpc2000ExceptionVectors_load_start__ = __FLASH_segment_start__

.lpc2000ExceptionVectors
                0x00001000       0x38
                0x00001000                __lpc2000ExceptionVectors_start__ = .
 *(.lpc2000ExceptionVectors .lpc2000ExceptionVectors.*)
 .lpc2000ExceptionVectors
                0x00001000       0x38 ./System/startup/Lpc2000ExceptionVectors.o
                0x00001038                __lpc2000ExceptionVectors_end__ = (__lpc2000ExceptionVectors_start__ + SIZEOF (.lpc2000ExceptionVectors))
                0x00001038                __init_start__ = (__lpc2000ExceptionVectors_end__ ALIGN 0x4)

.init           0x00001038      0x1fc
                0x00001038                __init_start__ = .
 *(.init .init.*)
 *fill*         0x00001038        0x8 00
 .init          0x00001040      0x1b0 ./System/startup/Arm7CStartup.o
                0x00001040                Arm7StartupStart
 .init          0x000011f0       0x44 ./System/startup/Lpc2000ExceptionVectors.o
                0x00001228                _Lpc2000ExceptionVectorsFIQHandler
                0x0000121c                _Lpc2000ExceptionVectorsSoftwareIntHandler
                0x00001224                _Lpc2000ExceptionVectorsAbortDataHandler
                0x00001218                _Lpc2000ExceptionVectorsUndefinedHandler
                0x00001220                _Lpc2000ExceptionVectorsAbortPrefetchHandler
                0x00001234                __init_end__ = (__init_start__ + SIZEOF (.init))
                0x00001234                __text_load_start__ = (__init_end__ ALIGN 0x4)

.text           0x00001234     0x7968
                0x00001234                __text_start__ = .
 *(.text .text.* .glue_7t .glue_7 .gnu.linkonce.t.* .gcc_except_table)
 .text          0x00001234      0x1f4 ./main.o
                0x00001234                main
                0x0000134c                _Z8led_taskPv
                0x000013a4                _Z9SD_StatusPv
 .glue_7        0x00001428        0x0 ./main.o
 .glue_7t       0x00001428        0x0 ./main.o
 .text          0x00001428      0x264 ./utils/src/rprintf.o
                0x00001428                rprintf_devopen
                0x00001478                rprintf
 .glue_7        0x0000168c        0x0 ./utils/src/rprintf.o
 .glue_7t       0x0000168c        0x0 ./utils/src/rprintf.o
 .text          0x0000168c      0x294 ./utils/src/timer.o
                0x000017a0                _ZN5Timer12resetFromISREv
                0x00001830                _ZN5Timer9isRunningEv
                0x000018e8                _ZN5TimerC2EPFvPvEm9TimerType
                0x000018b0                _ZN5TimerC1EPFvPvEm9TimerType
                0x0000172c                _ZN5Timer19changePeriodFromISREm
                0x000017e8                _ZN5Timer12startFromISREv
                0x00001848                _ZN5Timer5resetEv
                0x000016b4                _ZN5Timer4stopEv
                0x0000168c                _ZN5Timer12changePeriodEm
                0x000016dc                _ZN5TimerD1Ev
                0x00001704                _ZN5TimerD2Ev
                0x0000187c                _ZN5Timer5startEv
                0x00001768                _ZN5Timer11stopFromISREv
 .glue_7        0x00001920        0x0 ./utils/src/timer.o
 .glue_7t       0x00001920        0x0 ./utils/src/timer.o
 .text          0x00001920      0x2f4 ./tasks/userInterface.o
                0x000019c4                _Z9printLinev
                0x00001920                _Z11getUartLinePc
                0x000019d0                _Z6uartUIPv
 .glue_7        0x00001c14        0x0 ./tasks/userInterface.o
 .glue_7t       0x00001c14        0x0 ./tasks/userInterface.o
 .text          0x00001c14       0xb4 ./drivers/uart0.o
                0x00001c80                uart0GetChar
                0x00001c14                uart0Init
                0x00001ca4                uart0PutChar
 .glue_7        0x00001cc8        0x0 ./drivers/uart0.o
 .glue_7t       0x00001cc8        0x0 ./drivers/uart0.o
 .text          0x00001cc8       0xd4 ./drivers/watchdog.o
                0x00001cf8                watchdog_Start
                0x00001cc8                watchdog_Reset
                0x00001ce0                watchdog_Feed
                0x00001d40                watchdogDelayUs
                0x00001d20                watchdog_Stop
 .glue_7        0x00001d9c        0x0 ./drivers/watchdog.o
 .glue_7t       0x00001d9c        0x0 ./drivers/watchdog.o
 .text          0x00001d9c       0x10 ./System/cppmem.o
                0x00001da8                _Znwm
                0x00001da0                _ZdlPv
                0x00001d9c                _ZdaPv
                0x00001da4                _Znam
 .glue_7        0x00001dac        0x0 ./System/cppmem.o
 .glue_7t       0x00001dac        0x0 ./System/cppmem.o
 .text          0x00001dac      0x170 ./System/cpu.o
                0x00001e4c                cpuPrintMemoryInfo
                0x00001dac                cpuSetupHardware
 .glue_7        0x00001f1c        0x0 ./System/cpu.o
 .glue_7t       0x00001f1c        0x0 ./System/cpu.o
 .text          0x00001f1c       0xfc ./System/syscalls.o
                0x00001f24                _lseek_r
                0x00001fe8                _kill_r
                0x00001f2c                _fstat_r
                0x00002000                _getpid_r
                0x00001f3c                _sbrk_r
                0x00001fa8                _read_r
                0x00001f1c                _close_r
                0x00001f6c                _write_r
 .glue_7        0x00002018        0x0 ./System/syscalls.o
 .glue_7t       0x00002018        0x0 ./System/syscalls.o
 .text          0x00002018        0x0 ./System/startup/Arm7CStartup.o
 .glue_7        0x00002018        0x0 ./System/startup/Arm7CStartup.o
 .glue_7t       0x00002018        0x0 ./System/startup/Arm7CStartup.o
 .text          0x00002018        0x0 ./System/startup/Lpc2000ExceptionVectors.o
 .glue_7        0x00002018        0x0 ./System/startup/Lpc2000ExceptionVectors.o
 .glue_7t       0x00002018        0x0 ./System/startup/Lpc2000ExceptionVectors.o
 .text          0x00002018       0x88 ./System/startup/exceptionHandlers.o
                0x00002070                Exception_PrefetchAbort
                0x00002088                Exception_UndefinedAddress
                0x00002040                Exception_FIQHandler
                0x00002058                Exception_DataAbort
                0x00002018                printExceptionInfo
 .glue_7        0x000020a0        0x0 ./System/startup/exceptionHandlers.o
 .glue_7t       0x000020a0        0x0 ./System/startup/exceptionHandlers.o
 .text          0x000020a0        0x0 ./FreeRTOS/src/croutine.o
 .glue_7        0x000020a0        0x0 ./FreeRTOS/src/croutine.o
 .glue_7t       0x000020a0        0x0 ./FreeRTOS/src/croutine.o
 .text          0x000020a0       0xf4 ./FreeRTOS/src/list.o
                0x000020d0                vListInsertEnd
                0x00002158                vListRemove
                0x000020c4                vListInitialiseItem
                0x000020a0                vListInitialise
                0x00002104                vListInsert
 .glue_7        0x00002194        0x0 ./FreeRTOS/src/list.o
 .glue_7t       0x00002194        0x0 ./FreeRTOS/src/list.o
 .text          0x00002194      0x1c0 ./FreeRTOS/src/port.o
                0x000022e8                xPortStartScheduler
                0x000022e4                vPortEndScheduler
                0x00002194                pxPortInitialiseStack
 .glue_7        0x00002354        0x0 ./FreeRTOS/src/port.o
 .glue_7t       0x00002354        0x0 ./FreeRTOS/src/port.o
 .text          0x00002354      0x228 ./FreeRTOS/src/portISR.o
                0x00002444                vTickISR
                0x00002530                vPortExitCritical
                0x000023a0                vPortYieldProcessor
                0x00002354                vPortISRStartFirstTask
                0x00002504                vPortEnterCritical
 .glue_7        0x0000257c        0x0 ./FreeRTOS/src/portISR.o
 .glue_7t       0x0000257c        0x0 ./FreeRTOS/src/portISR.o
 .text          0x0000257c      0x77c ./FreeRTOS/src/queue.o
                0x00002684                vQueueWaitForMessageRestricted
                0x00002a1c                xQueueGenericSendFromISR
                0x000026d8                vQueueDelete
                0x00002a8c                xQueueGenericSend
                0x00002584                ucQueueGetQueueNumber
                0x00002594                ucQueueGetQueueType
                0x000026f4                xQueueReceiveFromISR
                0x00002c50                xQueueGenericCreate
                0x0000258c                vQueueSetQueueNumber
                0x000025ac                xQueueIsQueueFullFromISR
                0x0000279c                xQueueGenericReceive
                0x000025c4                uxQueueMessagesWaiting
                0x0000257c                uxQueueMessagesWaitingFromISR
                0x0000259c                xQueueIsQueueEmptyFromISR
                0x00002bd4                xQueueCreateMutex
 .glue_7        0x00002cf8        0x0 ./FreeRTOS/src/queue.o
 .glue_7t       0x00002cf8        0x0 ./FreeRTOS/src/queue.o
 .text          0x00002cf8     0x13d8 ./FreeRTOS/src/tasks.o
                0x00003a30                vTaskGetRunTimeStats
                0x00003d78                vTaskEndScheduler
                0x000036cc                vTaskPlaceOnEventList
                0x00003dac                xTaskGenericCreate
                0x00002cf8                xTaskIsTaskSuspended
                0x00002e2c                uxTaskGetStackHighWaterMark
                0x0000319c                xTaskResumeFromISR
                0x00002da8                runTimeStatISRExit
                0x00003300                xTaskGetTickCount
                0x00002fa8                xTaskRemoveFromEventList
                0x00003264                xTaskCheckForTimeOut
                0x00002d34                vTaskSuspendAll
                0x00002d4c                xTaskGetTickCountFromISR
                0x00002ea0                vTaskPriorityDisinherit
                0x00002f08                vTaskPriorityInherit
                0x00003460                vTaskResume
                0x0000372c                vTaskSwitchContext
                0x00003594                vTaskPlaceOnEventListRestricted
                0x00002e20                vTaskSetTaskNumber
                0x00003860                vTaskSuspend
                0x00002d5c                uxTaskGetNumberOfTasks
                0x00003040                vTaskIncrementTick
                0x00003c9c                vTaskList
                0x00002e14                uxTaskGetTaskNumber
                0x00003630                vTaskDelayUntil
                0x00002e60                xTaskGetCurrentTaskHandle
                0x00003320                xTaskResumeAll
                0x00004024                vTaskStartScheduler
                0x00002e00                vTaskMissedYield
                0x00002d6c                runTimeStatISREntry
                0x000035d4                vTaskDelay
                0x00002e70                xTaskGetSchedulerState
                0x00002de0                vTaskSetTimeOutState
 .glue_7        0x000040d0        0x0 ./FreeRTOS/src/tasks.o
 .glue_7t       0x000040d0        0x0 ./FreeRTOS/src/tasks.o
 .text          0x000040d0      0x53c ./FreeRTOS/src/timers.o
                0x000041ec                xTimerCreate
                0x000040fc                xTimerGenericCommand
                0x00004244                xTimerCreateTimerTask
                0x000040d0                pvTimerGetTimerID
                0x000040d8                xTimerIsTimerActive
 .glue_7        0x0000460c        0x0 ./FreeRTOS/src/timers.o
 .glue_7t       0x0000460c        0x0 ./FreeRTOS/src/timers.o
 .text          0x0000460c       0x4c ./FreeRTOS/mem/heap_3.o
                0x0000460c                vPortFree
                0x0000462c                pvPortMalloc
 .glue_7        0x00004658        0x0 ./FreeRTOS/mem/heap_3.o
 .glue_7t       0x00004658        0x0 ./FreeRTOS/mem/heap_3.o
 .text          0x00004658       0x4c ./FreeRTOS/hooks/hooks.o
                0x00004670                vApplicationMallocFailedHook
                0x00004684                vApplicationStackOverflowHook
                0x00004658                vApplicationIdleHook
 .glue_7        0x000046a4        0x0 ./FreeRTOS/hooks/hooks.o
 .glue_7t       0x000046a4        0x0 ./FreeRTOS/hooks/hooks.o
 .text          0x000046a4      0x110 /cygdrive/c/Users/Public/Desktop/CmpE146Package/GNUARM/bin/../lib/gcc/arm-elf/4.3.2/libgcc.a(_udivsi3.o)
                0x000046a4                __udivsi3
                0x000046a4                __aeabi_uidiv
                0x0000479c                __aeabi_uidivmod
 .glue_7        0x000047b4        0x0 /cygdrive/c/Users/Public/Desktop/CmpE146Package/GNUARM/bin/../lib/gcc/arm-elf/4.3.2/libgcc.a(_udivsi3.o)
 .glue_7t       0x000047b4        0x0 /cygdrive/c/Users/Public/Desktop/CmpE146Package/GNUARM/bin/../lib/gcc/arm-elf/4.3.2/libgcc.a(_udivsi3.o)
 .text          0x000047b4       0xcc /cygdrive/c/Users/Public/Desktop/CmpE146Package/GNUARM/bin/../lib/gcc/arm-elf/4.3.2/libgcc.a(_umodsi3.o)
                0x000047b4                __umodsi3
 .glue_7        0x00004880        0x0 /cygdrive/c/Users/Public/Desktop/CmpE146Package/GNUARM/bin/../lib/gcc/arm-elf/4.3.2/libgcc.a(_umodsi3.o)
 .glue_7t       0x00004880        0x0 /cygdrive/c/Users/Public/Desktop/CmpE146Package/GNUARM/bin/../lib/gcc/arm-elf/4.3.2/libgcc.a(_umodsi3.o)
 .text          0x00004880        0x4 /cygdrive/c/Users/Public/Desktop/CmpE146Package/GNUARM/bin/../lib/gcc/arm-elf/4.3.2/libgcc.a(_dvmd_tls.o)
                0x00004880                __aeabi_ldiv0
                0x00004880                __div0
                0x00004880                __aeabi_idiv0
 .glue_7        0x00004884        0x0 /cygdrive/c/Users/Public/Desktop/CmpE146Package/GNUARM/bin/../lib/gcc/arm-elf/4.3.2/libgcc.a(_dvmd_tls.o)
 .glue_7t       0x00004884        0x0 /cygdrive/c/Users/Public/Desktop/CmpE146Package/GNUARM/bin/../lib/gcc/arm-elf/4.3.2/libgcc.a(_dvmd_tls.o)
 .text          0x00004884       0x18 /cygdrive/c/Users/Public/Desktop/CmpE146Package/GNUARM/bin/../lib/gcc/arm-elf/4.3.2/../../../../arm-elf/lib/libc.a(lib_a-atoi.o)
                0x00004884                _atoi_r
                0x00004890                atoi
 .glue_7        0x0000489c        0x0 /cygdrive/c/Users/Public/Desktop/CmpE146Package/GNUARM/bin/../lib/gcc/arm-elf/4.3.2/../../../../arm-elf/lib/libc.a(lib_a-atoi.o)
 .glue_7t       0x0000489c        0x0 /cygdrive/c/Users/Public/Desktop/CmpE146Package/GNUARM/bin/../lib/gcc/arm-elf/4.3.2/../../../../arm-elf/lib/libc.a(lib_a-atoi.o)
 .text          0x0000489c       0x28 /cygdrive/c/Users/Public/Desktop/CmpE146Package/GNUARM/bin/../lib/gcc/arm-elf/4.3.2/../../../../arm-elf/lib/libc.a(lib_a-malloc.o)
                0x000048b0                malloc
                0x0000489c                free
 .glue_7        0x000048c4        0x0 /cygdrive/c/Users/Public/Desktop/CmpE146Package/GNUARM/bin/../lib/gcc/arm-elf/4.3.2/../../../../arm-elf/lib/libc.a(lib_a-malloc.o)
 .glue_7t       0x000048c4        0x0 /cygdrive/c/Users/Public/Desktop/CmpE146Package/GNUARM/bin/../lib/gcc/arm-elf/4.3.2/../../../../arm-elf/lib/libc.a(lib_a-malloc.o)
 .text          0x000048c4      0x734 /cygdrive/c/Users/Public/Desktop/CmpE146Package/GNUARM/bin/../lib/gcc/arm-elf/4.3.2/../../../../arm-elf/lib/libc.a(lib_a-mallocr.o)
                0x000048c4                _malloc_r
 .glue_7        0x00004ff8        0x0 /cygdrive/c/Users/Public/Desktop/CmpE146Package/GNUARM/bin/../lib/gcc/arm-elf/4.3.2/../../../../arm-elf/lib/libc.a(lib_a-mallocr.o)
 .glue_7t       0x00004ff8        0x0 /cygdrive/c/Users/Public/Desktop/CmpE146Package/GNUARM/bin/../lib/gcc/arm-elf/4.3.2/../../../../arm-elf/lib/libc.a(lib_a-mallocr.o)
 .text          0x00004ff8       0xac /cygdrive/c/Users/Public/Desktop/CmpE146Package/GNUARM/bin/../lib/gcc/arm-elf/4.3.2/../../../../arm-elf/lib/libc.a(lib_a-memcmp.o)
                0x00004ff8                memcmp
 .glue_7        0x000050a4        0x0 /cygdrive/c/Users/Public/Desktop/CmpE146Package/GNUARM/bin/../lib/gcc/arm-elf/4.3.2/../../../../arm-elf/lib/libc.a(lib_a-memcmp.o)
 .glue_7t       0x000050a4        0x0 /cygdrive/c/Users/Public/Desktop/CmpE146Package/GNUARM/bin/../lib/gcc/arm-elf/4.3.2/../../../../arm-elf/lib/libc.a(lib_a-memcmp.o)
 .text          0x000050a4       0xfc /cygdrive/c/Users/Public/Desktop/CmpE146Package/GNUARM/bin/../lib/gcc/arm-elf/4.3.2/../../../../arm-elf/lib/libc.a(lib_a-memcpy.o)
                0x000050a4                memcpy
 .glue_7        0x000051a0        0x0 /cygdrive/c/Users/Public/Desktop/CmpE146Package/GNUARM/bin/../lib/gcc/arm-elf/4.3.2/../../../../arm-elf/lib/libc.a(lib_a-memcpy.o)
 .glue_7t       0x000051a0        0x0 /cygdrive/c/Users/Public/Desktop/CmpE146Package/GNUARM/bin/../lib/gcc/arm-elf/4.3.2/../../../../arm-elf/lib/libc.a(lib_a-memcpy.o)
 .text          0x000051a0       0xd0 /cygdrive/c/Users/Public/Desktop/CmpE146Package/GNUARM/bin/../lib/gcc/arm-elf/4.3.2/../../../../arm-elf/lib/libc.a(lib_a-memset.o)
                0x000051a0                memset
 .glue_7        0x00005270        0x0 /cygdrive/c/Users/Public/Desktop/CmpE146Package/GNUARM/bin/../lib/gcc/arm-elf/4.3.2/../../../../arm-elf/lib/libc.a(lib_a-memset.o)
 .glue_7t       0x00005270        0x0 /cygdrive/c/Users/Public/Desktop/CmpE146Package/GNUARM/bin/../lib/gcc/arm-elf/4.3.2/../../../../arm-elf/lib/libc.a(lib_a-memset.o)
 .text          0x00005270        0x8 /cygdrive/c/Users/Public/Desktop/CmpE146Package/GNUARM/bin/../lib/gcc/arm-elf/4.3.2/../../../../arm-elf/lib/libc.a(lib_a-mlock.o)
                0x00005274                __malloc_unlock
                0x00005270                __malloc_lock
 .glue_7        0x00005278        0x0 /cygdrive/c/Users/Public/Desktop/CmpE146Package/GNUARM/bin/../lib/gcc/arm-elf/4.3.2/../../../../arm-elf/lib/libc.a(lib_a-mlock.o)
 .glue_7t       0x00005278        0x0 /cygdrive/c/Users/Public/Desktop/CmpE146Package/GNUARM/bin/../lib/gcc/arm-elf/4.3.2/../../../../arm-elf/lib/libc.a(lib_a-mlock.o)
 .text          0x00005278       0xcc /cygdrive/c/Users/Public/Desktop/CmpE146Package/GNUARM/bin/../lib/gcc/arm-elf/4.3.2/../../../../arm-elf/lib/libc.a(lib_a-siprintf.o)
                0x000052e4                _siprintf_r
                0x00005278                siprintf
 .glue_7        0x00005344        0x0 /cygdrive/c/Users/Public/Desktop/CmpE146Package/GNUARM/bin/../lib/gcc/arm-elf/4.3.2/../../../../arm-elf/lib/libc.a(lib_a-siprintf.o)
 .glue_7t       0x00005344        0x0 /cygdrive/c/Users/Public/Desktop/CmpE146Package/GNUARM/bin/../lib/gcc/arm-elf/4.3.2/../../../../arm-elf/lib/libc.a(lib_a-siprintf.o)
 .text          0x00005344       0xe8 /cygdrive/c/Users/Public/Desktop/CmpE146Package/GNUARM/bin/../lib/gcc/arm-elf/4.3.2/../../../../arm-elf/lib/libc.a(lib_a-strcmp.o)
                0x00005344                strcmp
 .glue_7        0x0000542c        0x0 /cygdrive/c/Users/Public/Desktop/CmpE146Package/GNUARM/bin/../lib/gcc/arm-elf/4.3.2/../../../../arm-elf/lib/libc.a(lib_a-strcmp.o)
 .glue_7t       0x0000542c        0x0 /cygdrive/c/Users/Public/Desktop/CmpE146Package/GNUARM/bin/../lib/gcc/arm-elf/4.3.2/../../../../arm-elf/lib/libc.a(lib_a-strcmp.o)
 .text          0x0000542c       0xb8 /cygdrive/c/Users/Public/Desktop/CmpE146Package/GNUARM/bin/../lib/gcc/arm-elf/4.3.2/../../../../arm-elf/lib/libc.a(lib_a-strcpy.o)
                0x0000542c                strcpy
 .glue_7        0x000054e4        0x0 /cygdrive/c/Users/Public/Desktop/CmpE146Package/GNUARM/bin/../lib/gcc/arm-elf/4.3.2/../../../../arm-elf/lib/libc.a(lib_a-strcpy.o)
 .glue_7t       0x000054e4        0x0 /cygdrive/c/Users/Public/Desktop/CmpE146Package/GNUARM/bin/../lib/gcc/arm-elf/4.3.2/../../../../arm-elf/lib/libc.a(lib_a-strcpy.o)
 .text          0x000054e4       0x9c /cygdrive/c/Users/Public/Desktop/CmpE146Package/GNUARM/bin/../lib/gcc/arm-elf/4.3.2/../../../../arm-elf/lib/libc.a(lib_a-strlen.o)
                0x000054e4                strlen
 .glue_7        0x00005580        0x0 /cygdrive/c/Users/Public/Desktop/CmpE146Package/GNUARM/bin/../lib/gcc/arm-elf/4.3.2/../../../../arm-elf/lib/libc.a(lib_a-strlen.o)
 .glue_7t       0x00005580        0x0 /cygdrive/c/Users/Public/Desktop/CmpE146Package/GNUARM/bin/../lib/gcc/arm-elf/4.3.2/../../../../arm-elf/lib/libc.a(lib_a-strlen.o)
 .text          0x00005580      0x10c /cygdrive/c/Users/Public/Desktop/CmpE146Package/GNUARM/bin/../lib/gcc/arm-elf/4.3.2/../../../../arm-elf/lib/libc.a(lib_a-strncpy.o)
                0x00005580                strncpy
 .glue_7        0x0000568c        0x0 /cygdrive/c/Users/Public/Desktop/CmpE146Package/GNUARM/bin/../lib/gcc/arm-elf/4.3.2/../../../../arm-elf/lib/libc.a(lib_a-strncpy.o)
 .glue_7t       0x0000568c        0x0 /cygdrive/c/Users/Public/Desktop/CmpE146Package/GNUARM/bin/../lib/gcc/arm-elf/4.3.2/../../../../arm-elf/lib/libc.a(lib_a-strncpy.o)
 .text          0x0000568c       0x18 /cygdrive/c/Users/Public/Desktop/CmpE146Package/GNUARM/bin/../lib/gcc/arm-elf/4.3.2/../../../../arm-elf/lib/libc.a(lib_a-strtok.o)
                0x0000568c                strtok
 .glue_7        0x000056a4        0x0 /cygdrive/c/Users/Public/Desktop/CmpE146Package/GNUARM/bin/../lib/gcc/arm-elf/4.3.2/../../../../arm-elf/lib/libc.a(lib_a-strtok.o)
 .glue_7t       0x000056a4        0x0 /cygdrive/c/Users/Public/Desktop/CmpE146Package/GNUARM/bin/../lib/gcc/arm-elf/4.3.2/../../../../arm-elf/lib/libc.a(lib_a-strtok.o)
 .text          0x000056a4       0xd0 /cygdrive/c/Users/Public/Desktop/CmpE146Package/GNUARM/bin/../lib/gcc/arm-elf/4.3.2/../../../../arm-elf/lib/libc.a(lib_a-strtok_r.o)
                0x0000576c                strtok_r
                0x000056a4                __strtok_r
 .glue_7        0x00005774        0x0 /cygdrive/c/Users/Public/Desktop/CmpE146Package/GNUARM/bin/../lib/gcc/arm-elf/4.3.2/../../../../arm-elf/lib/libc.a(lib_a-strtok_r.o)
 .glue_7t       0x00005774        0x0 /cygdrive/c/Users/Public/Desktop/CmpE146Package/GNUARM/bin/../lib/gcc/arm-elf/4.3.2/../../../../arm-elf/lib/libc.a(lib_a-strtok_r.o)
 .text          0x00005774      0x1e0 /cygdrive/c/Users/Public/Desktop/CmpE146Package/GNUARM/bin/../lib/gcc/arm-elf/4.3.2/../../../../arm-elf/lib/libc.a(lib_a-strtol.o)
                0x00005928                strtol
                0x00005774                _strtol_r
 .glue_7        0x00005954        0x0 /cygdrive/c/Users/Public/Desktop/CmpE146Package/GNUARM/bin/../lib/gcc/arm-elf/4.3.2/../../../../arm-elf/lib/libc.a(lib_a-strtol.o)
 .glue_7t       0x00005954        0x0 /cygdrive/c/Users/Public/Desktop/CmpE146Package/GNUARM/bin/../lib/gcc/arm-elf/4.3.2/../../../../arm-elf/lib/libc.a(lib_a-strtol.o)
 .text          0x00005954      0xff0 /cygdrive/c/Users/Public/Desktop/CmpE146Package/GNUARM/bin/../lib/gcc/arm-elf/4.3.2/../../../../arm-elf/lib/libc.a(lib_a-vfiprintf.o)
                0x00006918                vfiprintf
                0x00005984                _vfiprintf_r
 .glue_7        0x00006944        0x0 /cygdrive/c/Users/Public/Desktop/CmpE146Package/GNUARM/bin/../lib/gcc/arm-elf/4.3.2/../../../../arm-elf/lib/libc.a(lib_a-vfiprintf.o)
 .glue_7t       0x00006944        0x0 /cygdrive/c/Users/Public/Desktop/CmpE146Package/GNUARM/bin/../lib/gcc/arm-elf/4.3.2/../../../../arm-elf/lib/libc.a(lib_a-vfiprintf.o)
 .text          0x00006944      0x144 /cygdrive/c/Users/Public/Desktop/CmpE146Package/GNUARM/bin/../lib/gcc/arm-elf/4.3.2/../../../../arm-elf/lib/libc.a(lib_a-wsetup.o)
                0x00006944                __swsetup_r
 .glue_7        0x00006a88        0x0 /cygdrive/c/Users/Public/Desktop/CmpE146Package/GNUARM/bin/../lib/gcc/arm-elf/4.3.2/../../../../arm-elf/lib/libc.a(lib_a-wsetup.o)
 .glue_7t       0x00006a88        0x0 /cygdrive/c/Users/Public/Desktop/CmpE146Package/GNUARM/bin/../lib/gcc/arm-elf/4.3.2/../../../../arm-elf/lib/libc.a(lib_a-wsetup.o)
 .text          0x00006a88        0x0 /cygdrive/c/Users/Public/Desktop/CmpE146Package/GNUARM/bin/../lib/gcc/arm-elf/4.3.2/../../../../arm-elf/lib/libc.a(lib_a-ctype_.o)
 .glue_7        0x00006a88        0x0 /cygdrive/c/Users/Public/Desktop/CmpE146Package/GNUARM/bin/../lib/gcc/arm-elf/4.3.2/../../../../arm-elf/lib/libc.a(lib_a-ctype_.o)
 .glue_7t       0x00006a88        0x0 /cygdrive/c/Users/Public/Desktop/CmpE146Package/GNUARM/bin/../lib/gcc/arm-elf/4.3.2/../../../../arm-elf/lib/libc.a(lib_a-ctype_.o)
 .text          0x00006a88      0x1dc /cygdrive/c/Users/Public/Desktop/CmpE146Package/GNUARM/bin/../lib/gcc/arm-elf/4.3.2/../../../../arm-elf/lib/libc.a(lib_a-fflush.o)
                0x00006c30                fflush
                0x00006a88                _fflush_r
 .glue_7        0x00006c64        0x0 /cygdrive/c/Users/Public/Desktop/CmpE146Package/GNUARM/bin/../lib/gcc/arm-elf/4.3.2/../../../../arm-elf/lib/libc.a(lib_a-fflush.o)
 .glue_7t       0x00006c64        0x0 /cygdrive/c/Users/Public/Desktop/CmpE146Package/GNUARM/bin/../lib/gcc/arm-elf/4.3.2/../../../../arm-elf/lib/libc.a(lib_a-fflush.o)
 .text          0x00006c64      0x2ac /cygdrive/c/Users/Public/Desktop/CmpE146Package/GNUARM/bin/../lib/gcc/arm-elf/4.3.2/../../../../arm-elf/lib/libc.a(lib_a-findfp.o)
                0x00006c64                __sinit
                0x00006df4                __sfmoreglue
                0x00006ddc                _cleanup
                0x00006dd0                _cleanup_r
                0x00006db8                __fp_lock_all
                0x00006d80                __sfp_lock_acquire
                0x00006e3c                __sfp
                0x00006d8c                __sinit_lock_release
                0x00006da0                __fp_unlock_all
                0x00006d84                __sfp_lock_release
                0x00006d88                __sinit_lock_acquire
 .glue_7        0x00006f10        0x0 /cygdrive/c/Users/Public/Desktop/CmpE146Package/GNUARM/bin/../lib/gcc/arm-elf/4.3.2/../../../../arm-elf/lib/libc.a(lib_a-findfp.o)
 .glue_7t       0x00006f10        0x0 /cygdrive/c/Users/Public/Desktop/CmpE146Package/GNUARM/bin/../lib/gcc/arm-elf/4.3.2/../../../../arm-elf/lib/libc.a(lib_a-findfp.o)
 .text          0x00006f10      0x370 /cygdrive/c/Users/Public/Desktop/CmpE146Package/GNUARM/bin/../lib/gcc/arm-elf/4.3.2/../../../../arm-elf/lib/libc.a(lib_a-freer.o)
                0x00007008                _free_r
                0x00006f10                _malloc_trim_r
 .glue_7        0x00007280        0x0 /cygdrive/c/Users/Public/Desktop/CmpE146Package/GNUARM/bin/../lib/gcc/arm-elf/4.3.2/../../../../arm-elf/lib/libc.a(lib_a-freer.o)
 .glue_7t       0x00007280        0x0 /cygdrive/c/Users/Public/Desktop/CmpE146Package/GNUARM/bin/../lib/gcc/arm-elf/4.3.2/../../../../arm-elf/lib/libc.a(lib_a-freer.o)
 .text          0x00007280      0x46c /cygdrive/c/Users/Public/Desktop/CmpE146Package/GNUARM/bin/../lib/gcc/arm-elf/4.3.2/../../../../arm-elf/lib/libc.a(lib_a-fvwrite.o)
                0x00007280                __sfvwrite_r
 .glue_7        0x000076ec        0x0 /cygdrive/c/Users/Public/Desktop/CmpE146Package/GNUARM/bin/../lib/gcc/arm-elf/4.3.2/../../../../arm-elf/lib/libc.a(lib_a-fvwrite.o)
 .glue_7t       0x000076ec        0x0 /cygdrive/c/Users/Public/Desktop/CmpE146Package/GNUARM/bin/../lib/gcc/arm-elf/4.3.2/../../../../arm-elf/lib/libc.a(lib_a-fvwrite.o)
 .text          0x000076ec      0x10c /cygdrive/c/Users/Public/Desktop/CmpE146Package/GNUARM/bin/../lib/gcc/arm-elf/4.3.2/../../../../arm-elf/lib/libc.a(lib_a-fwalk.o)
                0x00007774                _fwalk
                0x000076ec                _fwalk_reent
 .glue_7        0x000077f8        0x0 /cygdrive/c/Users/Public/Desktop/CmpE146Package/GNUARM/bin/../lib/gcc/arm-elf/4.3.2/../../../../arm-elf/lib/libc.a(lib_a-fwalk.o)
 .glue_7t       0x000077f8        0x0 /cygdrive/c/Users/Public/Desktop/CmpE146Package/GNUARM/bin/../lib/gcc/arm-elf/4.3.2/../../../../arm-elf/lib/libc.a(lib_a-fwalk.o)
 .text          0x000077f8        0x0 /cygdrive/c/Users/Public/Desktop/CmpE146Package/GNUARM/bin/../lib/gcc/arm-elf/4.3.2/../../../../arm-elf/lib/libc.a(lib_a-impure.o)
 .glue_7        0x000077f8        0x0 /cygdrive/c/Users/Public/Desktop/CmpE146Package/GNUARM/bin/../lib/gcc/arm-elf/4.3.2/../../../../arm-elf/lib/libc.a(lib_a-impure.o)
 .glue_7t       0x000077f8        0x0 /cygdrive/c/Users/Public/Desktop/CmpE146Package/GNUARM/bin/../lib/gcc/arm-elf/4.3.2/../../../../arm-elf/lib/libc.a(lib_a-impure.o)
 .text          0x000077f8      0x164 /cygdrive/c/Users/Public/Desktop/CmpE146Package/GNUARM/bin/../lib/gcc/arm-elf/4.3.2/../../../../arm-elf/lib/libc.a(lib_a-makebuf.o)
                0x000077f8                __smakebuf_r
 .glue_7        0x0000795c        0x0 /cygdrive/c/Users/Public/Desktop/CmpE146Package/GNUARM/bin/../lib/gcc/arm-elf/4.3.2/../../../../arm-elf/lib/libc.a(lib_a-makebuf.o)
 .glue_7t       0x0000795c        0x0 /cygdrive/c/Users/Public/Desktop/CmpE146Package/GNUARM/bin/../lib/gcc/arm-elf/4.3.2/../../../../arm-elf/lib/libc.a(lib_a-makebuf.o)
 .text          0x0000795c      0x118 /cygdrive/c/Users/Public/Desktop/CmpE146Package/GNUARM/bin/../lib/gcc/arm-elf/4.3.2/../../../../arm-elf/lib/libc.a(lib_a-memchr.o)
                0x0000795c                memchr
 .glue_7        0x00007a74        0x0 /cygdrive/c/Users/Public/Desktop/CmpE146Package/GNUARM/bin/../lib/gcc/arm-elf/4.3.2/../../../../arm-elf/lib/libc.a(lib_a-memchr.o)
 .glue_7t       0x00007a74        0x0 /cygdrive/c/Users/Public/Desktop/CmpE146Package/GNUARM/bin/../lib/gcc/arm-elf/4.3.2/../../../../arm-elf/lib/libc.a(lib_a-memchr.o)
 .text          0x00007a74      0x144 /cygdrive/c/Users/Public/Desktop/CmpE146Package/GNUARM/bin/../lib/gcc/arm-elf/4.3.2/../../../../arm-elf/lib/libc.a(lib_a-memmove.o)
                0x00007a74                memmove
 .glue_7        0x00007bb8        0x0 /cygdrive/c/Users/Public/Desktop/CmpE146Package/GNUARM/bin/../lib/gcc/arm-elf/4.3.2/../../../../arm-elf/lib/libc.a(lib_a-memmove.o)
 .glue_7t       0x00007bb8        0x0 /cygdrive/c/Users/Public/Desktop/CmpE146Package/GNUARM/bin/../lib/gcc/arm-elf/4.3.2/../../../../arm-elf/lib/libc.a(lib_a-memmove.o)
 .text          0x00007bb8      0x510 /cygdrive/c/Users/Public/Desktop/CmpE146Package/GNUARM/bin/../lib/gcc/arm-elf/4.3.2/../../../../arm-elf/lib/libc.a(lib_a-reallocr.o)
                0x00007bb8                _realloc_r
 .glue_7        0x000080c8        0x0 /cygdrive/c/Users/Public/Desktop/CmpE146Package/GNUARM/bin/../lib/gcc/arm-elf/4.3.2/../../../../arm-elf/lib/libc.a(lib_a-reallocr.o)
 .glue_7t       0x000080c8        0x0 /cygdrive/c/Users/Public/Desktop/CmpE146Package/GNUARM/bin/../lib/gcc/arm-elf/4.3.2/../../../../arm-elf/lib/libc.a(lib_a-reallocr.o)
 .text          0x000080c8       0xc0 /cygdrive/c/Users/Public/Desktop/CmpE146Package/GNUARM/bin/../lib/gcc/arm-elf/4.3.2/../../../../arm-elf/lib/libc.a(lib_a-stdio.o)
                0x000080d0                __sseek
                0x00008158                __sread
                0x000080c8                __sclose
                0x00008104                __swrite
 .glue_7        0x00008188        0x0 /cygdrive/c/Users/Public/Desktop/CmpE146Package/GNUARM/bin/../lib/gcc/arm-elf/4.3.2/../../../../arm-elf/lib/libc.a(lib_a-stdio.o)
 .glue_7t       0x00008188        0x0 /cygdrive/c/Users/Public/Desktop/CmpE146Package/GNUARM/bin/../lib/gcc/arm-elf/4.3.2/../../../../arm-elf/lib/libc.a(lib_a-stdio.o)
 .text          0x00008188      0x8ec /cygdrive/c/Users/Public/Desktop/CmpE146Package/GNUARM/bin/../lib/gcc/arm-elf/4.3.2/../../../../arm-elf/lib/libc.a(lib_a-syscalls.o)
                0x000082b0                _getpid
                0x00008188                initialise_monitor_handles
                0x00008680                isatty
                0x00008a44                _fstat
                0x00008590                _open
                0x000085b0                _sbrk
                0x000082c0                _raise
                0x00008308                _times
                0x000089f8                _stat
                0x00008908                _lseek
                0x000082b8                _link
                0x00008730                _swiwrite
                0x00008384                _rename
                0x00008814                _swilseek
                0x000086b8                _swiclose
                0x000084b0                _swiopen
                0x0000846c                _unlink
                0x0000876c                _write
                0x0000823c                _kill
                0x000082c4                _gettimeofday
                0x00008954                _read
                0x00008290                _exit
                0x000083dc                _system
                0x00008918                _swiread
                0x00008720                _close
 .glue_7        0x00008a74        0x0 /cygdrive/c/Users/Public/Desktop/CmpE146Package/GNUARM/bin/../lib/gcc/arm-elf/4.3.2/../../../../arm-elf/lib/libc.a(lib_a-syscalls.o)
 .glue_7t       0x00008a74        0x0 /cygdrive/c/Users/Public/Desktop/CmpE146Package/GNUARM/bin/../lib/gcc/arm-elf/4.3.2/../../../../arm-elf/lib/libc.a(lib_a-syscalls.o)
 .text          0x00008a74       0x10 /cygdrive/c/Users/Public/Desktop/CmpE146Package/GNUARM/bin/../lib/gcc/arm-elf/4.3.2/../../../../arm-elf/lib/libc.a(lib_a-errno.o)
                0x00008a74                __errno
 .glue_7        0x00008a84        0x0 /cygdrive/c/Users/Public/Desktop/CmpE146Package/GNUARM/bin/../lib/gcc/arm-elf/4.3.2/../../../../arm-elf/lib/libc.a(lib_a-errno.o)
 .glue_7t       0x00008a84        0x0 /cygdrive/c/Users/Public/Desktop/CmpE146Package/GNUARM/bin/../lib/gcc/arm-elf/4.3.2/../../../../arm-elf/lib/libc.a(lib_a-errno.o)
 .text          0x00008a84      0x118 /cygdrive/c/Users/Public/Desktop/CmpE146Package/GNUARM/bin/../lib/gcc/arm-elf/4.3.2/../../../../arm-elf/lib/libc.a(lib_a-fclose.o)
                0x00008a84                _fclose_r
                0x00008b88                fclose
 .glue_7        0x00008b9c        0x0 /cygdrive/c/Users/Public/Desktop/CmpE146Package/GNUARM/bin/../lib/gcc/arm-elf/4.3.2/../../../../arm-elf/lib/libc.a(lib_a-fclose.o)
 .glue_7t       0x00008b9c        0x0 /cygdrive/c/Users/Public/Desktop/CmpE146Package/GNUARM/bin/../lib/gcc/arm-elf/4.3.2/../../../../arm-elf/lib/libc.a(lib_a-fclose.o)
                0x00008b9c                __text_end__ = (__text_start__ + SIZEOF (.text))
                0x00008b9c                __dtors_load_start__ = (__text_end__ ALIGN 0x4)

.vfp11_veneer   0x00000000        0x0
 .vfp11_veneer  0x00000000        0x0 ./main.o
 .vfp11_veneer  0x00000000        0x0 ./utils/src/rprintf.o
 .vfp11_veneer  0x00000000        0x0 ./utils/src/timer.o
 .vfp11_veneer  0x00000000        0x0 ./tasks/userInterface.o
 .vfp11_veneer  0x00000000        0x0 ./drivers/uart0.o
 .vfp11_veneer  0x00000000        0x0 ./drivers/watchdog.o
 .vfp11_veneer  0x00000000        0x0 ./System/cppmem.o
 .vfp11_veneer  0x00000000        0x0 ./System/cpu.o
 .vfp11_veneer  0x00000000        0x0 ./System/syscalls.o
 .vfp11_veneer  0x00000000        0x0 ./System/startup/Arm7CStartup.o
 .vfp11_veneer  0x00000000        0x0 ./System/startup/Lpc2000ExceptionVectors.o
 .vfp11_veneer  0x00000000        0x0 ./System/startup/exceptionHandlers.o
 .vfp11_veneer  0x00000000        0x0 ./FreeRTOS/src/croutine.o
 .vfp11_veneer  0x00000000        0x0 ./FreeRTOS/src/list.o
 .vfp11_veneer  0x00000000        0x0 ./FreeRTOS/src/port.o
 .vfp11_veneer  0x00000000        0x0 ./FreeRTOS/src/portISR.o
 .vfp11_veneer  0x00000000        0x0 ./FreeRTOS/src/queue.o
 .vfp11_veneer  0x00000000        0x0 ./FreeRTOS/src/tasks.o
 .vfp11_veneer  0x00000000        0x0 ./FreeRTOS/src/timers.o
 .vfp11_veneer  0x00000000        0x0 ./FreeRTOS/mem/heap_3.o
 .vfp11_veneer  0x00000000        0x0 ./FreeRTOS/hooks/hooks.o
 .vfp11_veneer  0x00000000        0x0 /cygdrive/c/Users/Public/Desktop/CmpE146Package/GNUARM/bin/../lib/gcc/arm-elf/4.3.2/libgcc.a(_udivsi3.o)
 .vfp11_veneer  0x00000000        0x0 /cygdrive/c/Users/Public/Desktop/CmpE146Package/GNUARM/bin/../lib/gcc/arm-elf/4.3.2/libgcc.a(_umodsi3.o)
 .vfp11_veneer  0x00000000        0x0 /cygdrive/c/Users/Public/Desktop/CmpE146Package/GNUARM/bin/../lib/gcc/arm-elf/4.3.2/libgcc.a(_dvmd_tls.o)
 .vfp11_veneer  0x00000000        0x0 /cygdrive/c/Users/Public/Desktop/CmpE146Package/GNUARM/bin/../lib/gcc/arm-elf/4.3.2/../../../../arm-elf/lib/libc.a(lib_a-atoi.o)
 .vfp11_veneer  0x00000000        0x0 /cygdrive/c/Users/Public/Desktop/CmpE146Package/GNUARM/bin/../lib/gcc/arm-elf/4.3.2/../../../../arm-elf/lib/libc.a(lib_a-malloc.o)
 .vfp11_veneer  0x00000000        0x0 /cygdrive/c/Users/Public/Desktop/CmpE146Package/GNUARM/bin/../lib/gcc/arm-elf/4.3.2/../../../../arm-elf/lib/libc.a(lib_a-mallocr.o)
 .vfp11_veneer  0x00000000        0x0 /cygdrive/c/Users/Public/Desktop/CmpE146Package/GNUARM/bin/../lib/gcc/arm-elf/4.3.2/../../../../arm-elf/lib/libc.a(lib_a-memcmp.o)
 .vfp11_veneer  0x00000000        0x0 /cygdrive/c/Users/Public/Desktop/CmpE146Package/GNUARM/bin/../lib/gcc/arm-elf/4.3.2/../../../../arm-elf/lib/libc.a(lib_a-memcpy.o)
 .vfp11_veneer  0x00000000        0x0 /cygdrive/c/Users/Public/Desktop/CmpE146Package/GNUARM/bin/../lib/gcc/arm-elf/4.3.2/../../../../arm-elf/lib/libc.a(lib_a-memset.o)
 .vfp11_veneer  0x00000000        0x0 /cygdrive/c/Users/Public/Desktop/CmpE146Package/GNUARM/bin/../lib/gcc/arm-elf/4.3.2/../../../../arm-elf/lib/libc.a(lib_a-mlock.o)
 .vfp11_veneer  0x00000000        0x0 /cygdrive/c/Users/Public/Desktop/CmpE146Package/GNUARM/bin/../lib/gcc/arm-elf/4.3.2/../../../../arm-elf/lib/libc.a(lib_a-siprintf.o)
 .vfp11_veneer  0x00000000        0x0 /cygdrive/c/Users/Public/Desktop/CmpE146Package/GNUARM/bin/../lib/gcc/arm-elf/4.3.2/../../../../arm-elf/lib/libc.a(lib_a-strcmp.o)
 .vfp11_veneer  0x00000000        0x0 /cygdrive/c/Users/Public/Desktop/CmpE146Package/GNUARM/bin/../lib/gcc/arm-elf/4.3.2/../../../../arm-elf/lib/libc.a(lib_a-strcpy.o)
 .vfp11_veneer  0x00000000        0x0 /cygdrive/c/Users/Public/Desktop/CmpE146Package/GNUARM/bin/../lib/gcc/arm-elf/4.3.2/../../../../arm-elf/lib/libc.a(lib_a-strlen.o)
 .vfp11_veneer  0x00000000        0x0 /cygdrive/c/Users/Public/Desktop/CmpE146Package/GNUARM/bin/../lib/gcc/arm-elf/4.3.2/../../../../arm-elf/lib/libc.a(lib_a-strncpy.o)
 .vfp11_veneer  0x00000000        0x0 /cygdrive/c/Users/Public/Desktop/CmpE146Package/GNUARM/bin/../lib/gcc/arm-elf/4.3.2/../../../../arm-elf/lib/libc.a(lib_a-strtok.o)
 .vfp11_veneer  0x00000000        0x0 /cygdrive/c/Users/Public/Desktop/CmpE146Package/GNUARM/bin/../lib/gcc/arm-elf/4.3.2/../../../../arm-elf/lib/libc.a(lib_a-strtok_r.o)
 .vfp11_veneer  0x00000000        0x0 /cygdrive/c/Users/Public/Desktop/CmpE146Package/GNUARM/bin/../lib/gcc/arm-elf/4.3.2/../../../../arm-elf/lib/libc.a(lib_a-strtol.o)
 .vfp11_veneer  0x00000000        0x0 /cygdrive/c/Users/Public/Desktop/CmpE146Package/GNUARM/bin/../lib/gcc/arm-elf/4.3.2/../../../../arm-elf/lib/libc.a(lib_a-vfiprintf.o)
 .vfp11_veneer  0x00000000        0x0 /cygdrive/c/Users/Public/Desktop/CmpE146Package/GNUARM/bin/../lib/gcc/arm-elf/4.3.2/../../../../arm-elf/lib/libc.a(lib_a-wsetup.o)
 .vfp11_veneer  0x00000000        0x0 /cygdrive/c/Users/Public/Desktop/CmpE146Package/GNUARM/bin/../lib/gcc/arm-elf/4.3.2/../../../../arm-elf/lib/libc.a(lib_a-ctype_.o)
 .vfp11_veneer  0x00000000        0x0 /cygdrive/c/Users/Public/Desktop/CmpE146Package/GNUARM/bin/../lib/gcc/arm-elf/4.3.2/../../../../arm-elf/lib/libc.a(lib_a-fflush.o)
 .vfp11_veneer  0x00000000        0x0 /cygdrive/c/Users/Public/Desktop/CmpE146Package/GNUARM/bin/../lib/gcc/arm-elf/4.3.2/../../../../arm-elf/lib/libc.a(lib_a-findfp.o)
 .vfp11_veneer  0x00000000        0x0 /cygdrive/c/Users/Public/Desktop/CmpE146Package/GNUARM/bin/../lib/gcc/arm-elf/4.3.2/../../../../arm-elf/lib/libc.a(lib_a-freer.o)
 .vfp11_veneer  0x00000000        0x0 /cygdrive/c/Users/Public/Desktop/CmpE146Package/GNUARM/bin/../lib/gcc/arm-elf/4.3.2/../../../../arm-elf/lib/libc.a(lib_a-fvwrite.o)
 .vfp11_veneer  0x00000000        0x0 /cygdrive/c/Users/Public/Desktop/CmpE146Package/GNUARM/bin/../lib/gcc/arm-elf/4.3.2/../../../../arm-elf/lib/libc.a(lib_a-fwalk.o)
 .vfp11_veneer  0x00000000        0x0 /cygdrive/c/Users/Public/Desktop/CmpE146Package/GNUARM/bin/../lib/gcc/arm-elf/4.3.2/../../../../arm-elf/lib/libc.a(lib_a-impure.o)
 .vfp11_veneer  0x00000000        0x0 /cygdrive/c/Users/Public/Desktop/CmpE146Package/GNUARM/bin/../lib/gcc/arm-elf/4.3.2/../../../../arm-elf/lib/libc.a(lib_a-makebuf.o)
 .vfp11_veneer  0x00000000        0x0 /cygdrive/c/Users/Public/Desktop/CmpE146Package/GNUARM/bin/../lib/gcc/arm-elf/4.3.2/../../../../arm-elf/lib/libc.a(lib_a-memchr.o)
 .vfp11_veneer  0x00000000        0x0 /cygdrive/c/Users/Public/Desktop/CmpE146Package/GNUARM/bin/../lib/gcc/arm-elf/4.3.2/../../../../arm-elf/lib/libc.a(lib_a-memmove.o)
 .vfp11_veneer  0x00000000        0x0 /cygdrive/c/Users/Public/Desktop/CmpE146Package/GNUARM/bin/../lib/gcc/arm-elf/4.3.2/../../../../arm-elf/lib/libc.a(lib_a-reallocr.o)
 .vfp11_veneer  0x00000000        0x0 /cygdrive/c/Users/Public/Desktop/CmpE146Package/GNUARM/bin/../lib/gcc/arm-elf/4.3.2/../../../../arm-elf/lib/libc.a(lib_a-stdio.o)
 .vfp11_veneer  0x00000000        0x0 /cygdrive/c/Users/Public/Desktop/CmpE146Package/GNUARM/bin/../lib/gcc/arm-elf/4.3.2/../../../../arm-elf/lib/libc.a(lib_a-syscalls.o)
 .vfp11_veneer  0x00000000        0x0 /cygdrive/c/Users/Public/Desktop/CmpE146Package/GNUARM/bin/../lib/gcc/arm-elf/4.3.2/../../../../arm-elf/lib/libc.a(lib_a-errno.o)
 .vfp11_veneer  0x00000000        0x0 /cygdrive/c/Users/Public/Desktop/CmpE146Package/GNUARM/bin/../lib/gcc/arm-elf/4.3.2/../../../../arm-elf/lib/libc.a(lib_a-fclose.o)

.v4_bx          0x00000000        0x0
 .v4_bx         0x00000000        0x0 ./main.o
 .v4_bx         0x00000000        0x0 ./utils/src/rprintf.o
 .v4_bx         0x00000000        0x0 ./utils/src/timer.o
 .v4_bx         0x00000000        0x0 ./tasks/userInterface.o
 .v4_bx         0x00000000        0x0 ./drivers/uart0.o
 .v4_bx         0x00000000        0x0 ./drivers/watchdog.o
 .v4_bx         0x00000000        0x0 ./System/cppmem.o
 .v4_bx         0x00000000        0x0 ./System/cpu.o
 .v4_bx         0x00000000        0x0 ./System/syscalls.o
 .v4_bx         0x00000000        0x0 ./System/startup/Arm7CStartup.o
 .v4_bx         0x00000000        0x0 ./System/startup/Lpc2000ExceptionVectors.o
 .v4_bx         0x00000000        0x0 ./System/startup/exceptionHandlers.o
 .v4_bx         0x00000000        0x0 ./FreeRTOS/src/croutine.o
 .v4_bx         0x00000000        0x0 ./FreeRTOS/src/list.o
 .v4_bx         0x00000000        0x0 ./FreeRTOS/src/port.o
 .v4_bx         0x00000000        0x0 ./FreeRTOS/src/portISR.o
 .v4_bx         0x00000000        0x0 ./FreeRTOS/src/queue.o
 .v4_bx         0x00000000        0x0 ./FreeRTOS/src/tasks.o
 .v4_bx         0x00000000        0x0 ./FreeRTOS/src/timers.o
 .v4_bx         0x00000000        0x0 ./FreeRTOS/mem/heap_3.o
 .v4_bx         0x00000000        0x0 ./FreeRTOS/hooks/hooks.o
 .v4_bx         0x00000000        0x0 /cygdrive/c/Users/Public/Desktop/CmpE146Package/GNUARM/bin/../lib/gcc/arm-elf/4.3.2/libgcc.a(_udivsi3.o)
 .v4_bx         0x00000000        0x0 /cygdrive/c/Users/Public/Desktop/CmpE146Package/GNUARM/bin/../lib/gcc/arm-elf/4.3.2/libgcc.a(_umodsi3.o)
 .v4_bx         0x00000000        0x0 /cygdrive/c/Users/Public/Desktop/CmpE146Package/GNUARM/bin/../lib/gcc/arm-elf/4.3.2/libgcc.a(_dvmd_tls.o)
 .v4_bx         0x00000000        0x0 /cygdrive/c/Users/Public/Desktop/CmpE146Package/GNUARM/bin/../lib/gcc/arm-elf/4.3.2/../../../../arm-elf/lib/libc.a(lib_a-atoi.o)
 .v4_bx         0x00000000        0x0 /cygdrive/c/Users/Public/Desktop/CmpE146Package/GNUARM/bin/../lib/gcc/arm-elf/4.3.2/../../../../arm-elf/lib/libc.a(lib_a-malloc.o)
 .v4_bx         0x00000000        0x0 /cygdrive/c/Users/Public/Desktop/CmpE146Package/GNUARM/bin/../lib/gcc/arm-elf/4.3.2/../../../../arm-elf/lib/libc.a(lib_a-mallocr.o)
 .v4_bx         0x00000000        0x0 /cygdrive/c/Users/Public/Desktop/CmpE146Package/GNUARM/bin/../lib/gcc/arm-elf/4.3.2/../../../../arm-elf/lib/libc.a(lib_a-memcmp.o)
 .v4_bx         0x00000000        0x0 /cygdrive/c/Users/Public/Desktop/CmpE146Package/GNUARM/bin/../lib/gcc/arm-elf/4.3.2/../../../../arm-elf/lib/libc.a(lib_a-memcpy.o)
 .v4_bx         0x00000000        0x0 /cygdrive/c/Users/Public/Desktop/CmpE146Package/GNUARM/bin/../lib/gcc/arm-elf/4.3.2/../../../../arm-elf/lib/libc.a(lib_a-memset.o)
 .v4_bx         0x00000000        0x0 /cygdrive/c/Users/Public/Desktop/CmpE146Package/GNUARM/bin/../lib/gcc/arm-elf/4.3.2/../../../../arm-elf/lib/libc.a(lib_a-mlock.o)
 .v4_bx         0x00000000        0x0 /cygdrive/c/Users/Public/Desktop/CmpE146Package/GNUARM/bin/../lib/gcc/arm-elf/4.3.2/../../../../arm-elf/lib/libc.a(lib_a-siprintf.o)
 .v4_bx         0x00000000        0x0 /cygdrive/c/Users/Public/Desktop/CmpE146Package/GNUARM/bin/../lib/gcc/arm-elf/4.3.2/../../../../arm-elf/lib/libc.a(lib_a-strcmp.o)
 .v4_bx         0x00000000        0x0 /cygdrive/c/Users/Public/Desktop/CmpE146Package/GNUARM/bin/../lib/gcc/arm-elf/4.3.2/../../../../arm-elf/lib/libc.a(lib_a-strcpy.o)
 .v4_bx         0x00000000        0x0 /cygdrive/c/Users/Public/Desktop/CmpE146Package/GNUARM/bin/../lib/gcc/arm-elf/4.3.2/../../../../arm-elf/lib/libc.a(lib_a-strlen.o)
 .v4_bx         0x00000000        0x0 /cygdrive/c/Users/Public/Desktop/CmpE146Package/GNUARM/bin/../lib/gcc/arm-elf/4.3.2/../../../../arm-elf/lib/libc.a(lib_a-strncpy.o)
 .v4_bx         0x00000000        0x0 /cygdrive/c/Users/Public/Desktop/CmpE146Package/GNUARM/bin/../lib/gcc/arm-elf/4.3.2/../../../../arm-elf/lib/libc.a(lib_a-strtok.o)
 .v4_bx         0x00000000        0x0 /cygdrive/c/Users/Public/Desktop/CmpE146Package/GNUARM/bin/../lib/gcc/arm-elf/4.3.2/../../../../arm-elf/lib/libc.a(lib_a-strtok_r.o)
 .v4_bx         0x00000000        0x0 /cygdrive/c/Users/Public/Desktop/CmpE146Package/GNUARM/bin/../lib/gcc/arm-elf/4.3.2/../../../../arm-elf/lib/libc.a(lib_a-strtol.o)
 .v4_bx         0x00000000        0x0 /cygdrive/c/Users/Public/Desktop/CmpE146Package/GNUARM/bin/../lib/gcc/arm-elf/4.3.2/../../../../arm-elf/lib/libc.a(lib_a-vfiprintf.o)
 .v4_bx         0x00000000        0x0 /cygdrive/c/Users/Public/Desktop/CmpE146Package/GNUARM/bin/../lib/gcc/arm-elf/4.3.2/../../../../arm-elf/lib/libc.a(lib_a-wsetup.o)
 .v4_bx         0x00000000        0x0 /cygdrive/c/Users/Public/Desktop/CmpE146Package/GNUARM/bin/../lib/gcc/arm-elf/4.3.2/../../../../arm-elf/lib/libc.a(lib_a-ctype_.o)
 .v4_bx         0x00000000        0x0 /cygdrive/c/Users/Public/Desktop/CmpE146Package/GNUARM/bin/../lib/gcc/arm-elf/4.3.2/../../../../arm-elf/lib/libc.a(lib_a-fflush.o)
 .v4_bx         0x00000000        0x0 /cygdrive/c/Users/Public/Desktop/CmpE146Package/GNUARM/bin/../lib/gcc/arm-elf/4.3.2/../../../../arm-elf/lib/libc.a(lib_a-findfp.o)
 .v4_bx         0x00000000        0x0 /cygdrive/c/Users/Public/Desktop/CmpE146Package/GNUARM/bin/../lib/gcc/arm-elf/4.3.2/../../../../arm-elf/lib/libc.a(lib_a-freer.o)
 .v4_bx         0x00000000        0x0 /cygdrive/c/Users/Public/Desktop/CmpE146Package/GNUARM/bin/../lib/gcc/arm-elf/4.3.2/../../../../arm-elf/lib/libc.a(lib_a-fvwrite.o)
 .v4_bx         0x00000000        0x0 /cygdrive/c/Users/Public/Desktop/CmpE146Package/GNUARM/bin/../lib/gcc/arm-elf/4.3.2/../../../../arm-elf/lib/libc.a(lib_a-fwalk.o)
 .v4_bx         0x00000000        0x0 /cygdrive/c/Users/Public/Desktop/CmpE146Package/GNUARM/bin/../lib/gcc/arm-elf/4.3.2/../../../../arm-elf/lib/libc.a(lib_a-impure.o)
 .v4_bx         0x00000000        0x0 /cygdrive/c/Users/Public/Desktop/CmpE146Package/GNUARM/bin/../lib/gcc/arm-elf/4.3.2/../../../../arm-elf/lib/libc.a(lib_a-makebuf.o)
 .v4_bx         0x00000000        0x0 /cygdrive/c/Users/Public/Desktop/CmpE146Package/GNUARM/bin/../lib/gcc/arm-elf/4.3.2/../../../../arm-elf/lib/libc.a(lib_a-memchr.o)
 .v4_bx         0x00000000        0x0 /cygdrive/c/Users/Public/Desktop/CmpE146Package/GNUARM/bin/../lib/gcc/arm-elf/4.3.2/../../../../arm-elf/lib/libc.a(lib_a-memmove.o)
 .v4_bx         0x00000000        0x0 /cygdrive/c/Users/Public/Desktop/CmpE146Package/GNUARM/bin/../lib/gcc/arm-elf/4.3.2/../../../../arm-elf/lib/libc.a(lib_a-reallocr.o)
 .v4_bx         0x00000000        0x0 /cygdrive/c/Users/Public/Desktop/CmpE146Package/GNUARM/bin/../lib/gcc/arm-elf/4.3.2/../../../../arm-elf/lib/libc.a(lib_a-stdio.o)
 .v4_bx         0x00000000        0x0 /cygdrive/c/Users/Public/Desktop/CmpE146Package/GNUARM/bin/../lib/gcc/arm-elf/4.3.2/../../../../arm-elf/lib/libc.a(lib_a-syscalls.o)
 .v4_bx         0x00000000        0x0 /cygdrive/c/Users/Public/Desktop/CmpE146Package/GNUARM/bin/../lib/gcc/arm-elf/4.3.2/../../../../arm-elf/lib/libc.a(lib_a-errno.o)
 .v4_bx         0x00000000        0x0 /cygdrive/c/Users/Public/Desktop/CmpE146Package/GNUARM/bin/../lib/gcc/arm-elf/4.3.2/../../../../arm-elf/lib/libc.a(lib_a-fclose.o)

.dtors          0x00008b9c        0x0
                0x00008b9c                __dtors_start__ = .
 *(SORT(.dtors.*))
 *(.dtors)
                0x00008b9c                __dtors_end__ = (__dtors_start__ + SIZEOF (.dtors))
                0x00008b9c                __ctors_load_start__ = (__dtors_end__ ALIGN 0x4)

.ctors          0x00008b9c        0x0
                0x00008b9c                __ctors_start__ = .
 *(SORT(.ctors.*))
 *(.ctors)
                0x00008b9c                __ctors_end__ = (__ctors_start__ + SIZEOF (.ctors))
                0x00008b9c                __rodata_load_start__ = (__ctors_end__ ALIGN 0x4)

.rodata         0x00008b9c      0x7f0
                0x00008b9c                __rodata_start__ = .
 *(.rodata .rodata.* .gnu.linkonce.r.*)
 .rodata.str1.1
                0x00008b9c       0xc0 ./main.o
 .rodata.str1.1
                0x00008c5c      0x307 ./tasks/userInterface.o
                                0x30c (size before relaxing)
 .rodata.str1.1
                0x00008f63       0x9d ./System/cpu.o
                                 0xc8 (size before relaxing)
 .rodata.str1.1
                0x00009000       0x14 ./System/syscalls.o
 .rodata.str1.1
                0x00009014       0xd6 ./System/startup/exceptionHandlers.o
 .rodata.str1.1
                0x000090ea       0x80 ./FreeRTOS/src/tasks.o
 .rodata        0x0000916a       0x14 ./FreeRTOS/src/tasks.o
 .rodata.str1.1
                0x0000917e        0x8 ./FreeRTOS/src/timers.o
 .rodata.str1.1
                0x00009186       0x8d ./FreeRTOS/hooks/hooks.o
 *fill*         0x00009213        0x1 00
 .rodata.str1.4
                0x00009214       0x4a /cygdrive/c/Users/Public/Desktop/CmpE146Package/GNUARM/bin/../lib/gcc/arm-elf/4.3.2/../../../../arm-elf/lib/libc.a(lib_a-vfiprintf.o)
                                 0x4c (size before relaxing)
 .rodata        0x0000925e       0x20 /cygdrive/c/Users/Public/Desktop/CmpE146Package/GNUARM/bin/../lib/gcc/arm-elf/4.3.2/../../../../arm-elf/lib/libc.a(lib_a-vfiprintf.o)
 .rodata        0x0000927e      0x101 /cygdrive/c/Users/Public/Desktop/CmpE146Package/GNUARM/bin/../lib/gcc/arm-elf/4.3.2/../../../../arm-elf/lib/libc.a(lib_a-ctype_.o)
                0x0000927e                _ctype_
 *fill*         0x0000937f        0x1 00
 .rodata        0x00009380        0x4 /cygdrive/c/Users/Public/Desktop/CmpE146Package/GNUARM/bin/../lib/gcc/arm-elf/4.3.2/../../../../arm-elf/lib/libc.a(lib_a-impure.o)
                0x00009380                _global_impure_ptr
 .rodata.str1.4
                0x00009384        0x2 /cygdrive/c/Users/Public/Desktop/CmpE146Package/GNUARM/bin/../lib/gcc/arm-elf/4.3.2/../../../../arm-elf/lib/libc.a(lib_a-impure.o)
                                  0x4 (size before relaxing)
 *fill*         0x00009386        0x2 00
 .rodata.str1.4
                0x00009388        0x4 /cygdrive/c/Users/Public/Desktop/CmpE146Package/GNUARM/bin/../lib/gcc/arm-elf/4.3.2/../../../../arm-elf/lib/libc.a(lib_a-syscalls.o)
                0x0000938c                __rodata_end__ = (__rodata_start__ + SIZEOF (.rodata))
                0x0000938c                __symbol_table_start__ = (__rodata_end__ ALIGN 0x4)

.symbol_table   0x0000938c        0x0
                0x0000938c                __symbol_table_start__ = .
 *(.symbol_table)
                0x0000938c                __symbol_table_end__ = (__symbol_table_start__ + SIZEOF (.symbol_table))
                0x0000938c                __fast_load_start__ = (__symbol_table_end__ ALIGN 0x4)

.fast           0x4000003c        0x0 load address 0x0000938c
                0x4000003c                __fast_start__ = .
 *(.fast .fast.*)
                0x4000003c                __fast_end__ = (__fast_start__ + SIZEOF (.fast))
                0x0000938c                __fast_load_end__ = (__fast_load_start__ + SIZEOF (.fast))

.fast_run       0x4000003c        0x0
                0x4000003c                __fast_run_start__ = .
                0x4000003c                . = ((__fast_run_start__ + SIZEOF (.fast)) MAX .)
                0x4000003c                __fast_run_end__ = (__fast_run_start__ + SIZEOF (.fast_run))
                0x0000938c                __data_load_start__ = ((__fast_load_start__ + SIZEOF (.fast)) ALIGN 0x4)

.data           0x4000003c      0x824 load address 0x0000938c
                0x4000003c                __data_start__ = .
 *(.data .data.* .gnu.linkonce.d.*)
 .data          0x4000003c        0x0 ./main.o
 .data          0x4000003c        0x0 ./utils/src/rprintf.o
 .data          0x4000003c        0x4 ./utils/src/timer.o
 .data          0x40000040        0x0 ./tasks/userInterface.o
 .data          0x40000040        0x0 ./drivers/uart0.o
 .data          0x40000040        0x0 ./drivers/watchdog.o
 .data          0x40000040        0x0 ./System/cppmem.o
 .data          0x40000040        0x0 ./System/cpu.o
 .data          0x40000040        0x0 ./System/syscalls.o
 .data          0x40000040        0x0 ./System/startup/Arm7CStartup.o
 .data          0x40000040        0x0 ./System/startup/Lpc2000ExceptionVectors.o
 .data          0x40000040        0x0 ./System/startup/exceptionHandlers.o
 .data          0x40000040        0x0 ./FreeRTOS/src/croutine.o
 .data          0x40000040        0x0 ./FreeRTOS/src/list.o
 .data          0x40000040        0x0 ./FreeRTOS/src/port.o
 .data          0x40000040        0x4 ./FreeRTOS/src/portISR.o
                0x40000040                ulCriticalNesting
 .data          0x40000044        0x0 ./FreeRTOS/src/queue.o
 .data          0x40000044        0x4 ./FreeRTOS/src/tasks.o
 .data          0x40000048        0x0 ./FreeRTOS/src/timers.o
 .data          0x40000048        0x0 ./FreeRTOS/mem/heap_3.o
 .data          0x40000048        0x0 ./FreeRTOS/hooks/hooks.o
 .data          0x40000048        0x0 /cygdrive/c/Users/Public/Desktop/CmpE146Package/GNUARM/bin/../lib/gcc/arm-elf/4.3.2/libgcc.a(_udivsi3.o)
 .data          0x40000048        0x0 /cygdrive/c/Users/Public/Desktop/CmpE146Package/GNUARM/bin/../lib/gcc/arm-elf/4.3.2/libgcc.a(_umodsi3.o)
 .data          0x40000048        0x0 /cygdrive/c/Users/Public/Desktop/CmpE146Package/GNUARM/bin/../lib/gcc/arm-elf/4.3.2/libgcc.a(_dvmd_tls.o)
 .data          0x40000048        0x0 /cygdrive/c/Users/Public/Desktop/CmpE146Package/GNUARM/bin/../lib/gcc/arm-elf/4.3.2/../../../../arm-elf/lib/libc.a(lib_a-atoi.o)
 .data          0x40000048        0x0 /cygdrive/c/Users/Public/Desktop/CmpE146Package/GNUARM/bin/../lib/gcc/arm-elf/4.3.2/../../../../arm-elf/lib/libc.a(lib_a-malloc.o)
 .data          0x40000048      0x410 /cygdrive/c/Users/Public/Desktop/CmpE146Package/GNUARM/bin/../lib/gcc/arm-elf/4.3.2/../../../../arm-elf/lib/libc.a(lib_a-mallocr.o)
                0x40000454                __malloc_sbrk_base
                0x40000048                __malloc_av_
                0x40000450                __malloc_trim_threshold
 .data          0x40000458        0x0 /cygdrive/c/Users/Public/Desktop/CmpE146Package/GNUARM/bin/../lib/gcc/arm-elf/4.3.2/../../../../arm-elf/lib/libc.a(lib_a-memcmp.o)
 .data          0x40000458        0x0 /cygdrive/c/Users/Public/Desktop/CmpE146Package/GNUARM/bin/../lib/gcc/arm-elf/4.3.2/../../../../arm-elf/lib/libc.a(lib_a-memcpy.o)
 .data          0x40000458        0x0 /cygdrive/c/Users/Public/Desktop/CmpE146Package/GNUARM/bin/../lib/gcc/arm-elf/4.3.2/../../../../arm-elf/lib/libc.a(lib_a-memset.o)
 .data          0x40000458        0x0 /cygdrive/c/Users/Public/Desktop/CmpE146Package/GNUARM/bin/../lib/gcc/arm-elf/4.3.2/../../../../arm-elf/lib/libc.a(lib_a-mlock.o)
 .data          0x40000458        0x0 /cygdrive/c/Users/Public/Desktop/CmpE146Package/GNUARM/bin/../lib/gcc/arm-elf/4.3.2/../../../../arm-elf/lib/libc.a(lib_a-siprintf.o)
 .data          0x40000458        0x0 /cygdrive/c/Users/Public/Desktop/CmpE146Package/GNUARM/bin/../lib/gcc/arm-elf/4.3.2/../../../../arm-elf/lib/libc.a(lib_a-strcmp.o)
 .data          0x40000458        0x0 /cygdrive/c/Users/Public/Desktop/CmpE146Package/GNUARM/bin/../lib/gcc/arm-elf/4.3.2/../../../../arm-elf/lib/libc.a(lib_a-strcpy.o)
 .data          0x40000458        0x0 /cygdrive/c/Users/Public/Desktop/CmpE146Package/GNUARM/bin/../lib/gcc/arm-elf/4.3.2/../../../../arm-elf/lib/libc.a(lib_a-strlen.o)
 .data          0x40000458        0x0 /cygdrive/c/Users/Public/Desktop/CmpE146Package/GNUARM/bin/../lib/gcc/arm-elf/4.3.2/../../../../arm-elf/lib/libc.a(lib_a-strncpy.o)
 .data          0x40000458        0x0 /cygdrive/c/Users/Public/Desktop/CmpE146Package/GNUARM/bin/../lib/gcc/arm-elf/4.3.2/../../../../arm-elf/lib/libc.a(lib_a-strtok.o)
 .data          0x40000458        0x0 /cygdrive/c/Users/Public/Desktop/CmpE146Package/GNUARM/bin/../lib/gcc/arm-elf/4.3.2/../../../../arm-elf/lib/libc.a(lib_a-strtok_r.o)
 .data          0x40000458        0x0 /cygdrive/c/Users/Public/Desktop/CmpE146Package/GNUARM/bin/../lib/gcc/arm-elf/4.3.2/../../../../arm-elf/lib/libc.a(lib_a-strtol.o)
 .data          0x40000458        0x0 /cygdrive/c/Users/Public/Desktop/CmpE146Package/GNUARM/bin/../lib/gcc/arm-elf/4.3.2/../../../../arm-elf/lib/libc.a(lib_a-vfiprintf.o)
 .data          0x40000458        0x0 /cygdrive/c/Users/Public/Desktop/CmpE146Package/GNUARM/bin/../lib/gcc/arm-elf/4.3.2/../../../../arm-elf/lib/libc.a(lib_a-wsetup.o)
 .data          0x40000458        0x4 /cygdrive/c/Users/Public/Desktop/CmpE146Package/GNUARM/bin/../lib/gcc/arm-elf/4.3.2/../../../../arm-elf/lib/libc.a(lib_a-ctype_.o)
                0x40000458                __ctype_ptr
 .data          0x4000045c        0x0 /cygdrive/c/Users/Public/Desktop/CmpE146Package/GNUARM/bin/../lib/gcc/arm-elf/4.3.2/../../../../arm-elf/lib/libc.a(lib_a-fflush.o)
 .data          0x4000045c        0x0 /cygdrive/c/Users/Public/Desktop/CmpE146Package/GNUARM/bin/../lib/gcc/arm-elf/4.3.2/../../../../arm-elf/lib/libc.a(lib_a-findfp.o)
 .data          0x4000045c        0x0 /cygdrive/c/Users/Public/Desktop/CmpE146Package/GNUARM/bin/../lib/gcc/arm-elf/4.3.2/../../../../arm-elf/lib/libc.a(lib_a-freer.o)
 .data          0x4000045c        0x0 /cygdrive/c/Users/Public/Desktop/CmpE146Package/GNUARM/bin/../lib/gcc/arm-elf/4.3.2/../../../../arm-elf/lib/libc.a(lib_a-fvwrite.o)
 .data          0x4000045c        0x0 /cygdrive/c/Users/Public/Desktop/CmpE146Package/GNUARM/bin/../lib/gcc/arm-elf/4.3.2/../../../../arm-elf/lib/libc.a(lib_a-fwalk.o)
 .data          0x4000045c      0x404 /cygdrive/c/Users/Public/Desktop/CmpE146Package/GNUARM/bin/../lib/gcc/arm-elf/4.3.2/../../../../arm-elf/lib/libc.a(lib_a-impure.o)
                0x4000045c                _impure_ptr
 .data          0x40000860        0x0 /cygdrive/c/Users/Public/Desktop/CmpE146Package/GNUARM/bin/../lib/gcc/arm-elf/4.3.2/../../../../arm-elf/lib/libc.a(lib_a-makebuf.o)
 .data          0x40000860        0x0 /cygdrive/c/Users/Public/Desktop/CmpE146Package/GNUARM/bin/../lib/gcc/arm-elf/4.3.2/../../../../arm-elf/lib/libc.a(lib_a-memchr.o)
 .data          0x40000860        0x0 /cygdrive/c/Users/Public/Desktop/CmpE146Package/GNUARM/bin/../lib/gcc/arm-elf/4.3.2/../../../../arm-elf/lib/libc.a(lib_a-memmove.o)
 .data          0x40000860        0x0 /cygdrive/c/Users/Public/Desktop/CmpE146Package/GNUARM/bin/../lib/gcc/arm-elf/4.3.2/../../../../arm-elf/lib/libc.a(lib_a-reallocr.o)
 .data          0x40000860        0x0 /cygdrive/c/Users/Public/Desktop/CmpE146Package/GNUARM/bin/../lib/gcc/arm-elf/4.3.2/../../../../arm-elf/lib/libc.a(lib_a-stdio.o)
 .data          0x40000860        0x0 /cygdrive/c/Users/Public/Desktop/CmpE146Package/GNUARM/bin/../lib/gcc/arm-elf/4.3.2/../../../../arm-elf/lib/libc.a(lib_a-syscalls.o)
 .data          0x40000860        0x0 /cygdrive/c/Users/Public/Desktop/CmpE146Package/GNUARM/bin/../lib/gcc/arm-elf/4.3.2/../../../../arm-elf/lib/libc.a(lib_a-errno.o)
 .data          0x40000860        0x0 /cygdrive/c/Users/Public/Desktop/CmpE146Package/GNUARM/bin/../lib/gcc/arm-elf/4.3.2/../../../../arm-elf/lib/libc.a(lib_a-fclose.o)
                0x40000860                __data_end__ = (__data_start__ + SIZEOF (.data))
                0x00009bb0                __data_load_end__ = (__data_load_start__ + SIZEOF (.data))

.data_run       0x4000003c      0x824
                0x4000003c                __data_run_start__ = .
                0x40000860                . = ((__data_run_start__ + SIZEOF (.data)) MAX .)
 *fill*         0x4000003c      0x824 00
                0x40000860                __data_run_end__ = (__data_run_start__ + SIZEOF (.data_run))
                0x40000860                __bss_load_start__ = (__data_run_end__ ALIGN 0x4)

.bss            0x40000860      0x200 load address 0x00009bb0
                0x40000860                __bss_start__ = .
 *(.bss .bss.* .gnu.linkonce.b.*)
 .bss           0x40000860        0x0 ./main.o
 .bss           0x40000860        0x4 ./utils/src/rprintf.o
 .bss           0x40000864        0x0 ./utils/src/timer.o
 .bss           0x40000864        0x0 ./tasks/userInterface.o
 .bss           0x40000864        0x0 ./drivers/uart0.o
 .bss           0x40000864        0x0 ./drivers/watchdog.o
 .bss           0x40000864        0x0 ./System/cppmem.o
 .bss           0x40000864        0x0 ./System/cpu.o
 .bss           0x40000864        0x4 ./System/syscalls.o
 .bss           0x40000868        0x0 ./System/startup/Arm7CStartup.o
 .bss           0x40000868        0x0 ./System/startup/Lpc2000ExceptionVectors.o
 .bss           0x40000868        0x0 ./System/startup/exceptionHandlers.o
 .bss           0x40000868        0x0 ./FreeRTOS/src/croutine.o
 .bss           0x40000868        0x0 ./FreeRTOS/src/list.o
 .bss           0x40000868        0x0 ./FreeRTOS/src/port.o
 .bss           0x40000868        0x0 ./FreeRTOS/src/portISR.o
 .bss           0x40000868        0x0 ./FreeRTOS/src/queue.o
 .bss           0x40000868       0xdc ./FreeRTOS/src/tasks.o
                0x40000868                pxCurrentTCB
                0x4000086c                ulISROverhead
 .bss           0x40000944       0x38 ./FreeRTOS/src/timers.o
 .bss           0x4000097c        0x0 ./FreeRTOS/mem/heap_3.o
 .bss           0x4000097c        0x0 ./FreeRTOS/hooks/hooks.o
 .bss           0x4000097c        0x0 /cygdrive/c/Users/Public/Desktop/CmpE146Package/GNUARM/bin/../lib/gcc/arm-elf/4.3.2/libgcc.a(_udivsi3.o)
 .bss           0x4000097c        0x0 /cygdrive/c/Users/Public/Desktop/CmpE146Package/GNUARM/bin/../lib/gcc/arm-elf/4.3.2/libgcc.a(_umodsi3.o)
 .bss           0x4000097c        0x0 /cygdrive/c/Users/Public/Desktop/CmpE146Package/GNUARM/bin/../lib/gcc/arm-elf/4.3.2/libgcc.a(_dvmd_tls.o)
 .bss           0x4000097c        0x0 /cygdrive/c/Users/Public/Desktop/CmpE146Package/GNUARM/bin/../lib/gcc/arm-elf/4.3.2/../../../../arm-elf/lib/libc.a(lib_a-atoi.o)
 .bss           0x4000097c        0x0 /cygdrive/c/Users/Public/Desktop/CmpE146Package/GNUARM/bin/../lib/gcc/arm-elf/4.3.2/../../../../arm-elf/lib/libc.a(lib_a-malloc.o)
 .bss           0x4000097c       0x34 /cygdrive/c/Users/Public/Desktop/CmpE146Package/GNUARM/bin/../lib/gcc/arm-elf/4.3.2/../../../../arm-elf/lib/libc.a(lib_a-mallocr.o)
                0x4000097c                __malloc_top_pad
                0x40000980                __malloc_max_sbrked_mem
                0x40000988                __malloc_current_mallinfo
                0x40000984                __malloc_max_total_mem
 .bss           0x400009b0        0x0 /cygdrive/c/Users/Public/Desktop/CmpE146Package/GNUARM/bin/../lib/gcc/arm-elf/4.3.2/../../../../arm-elf/lib/libc.a(lib_a-memcmp.o)
 .bss           0x400009b0        0x0 /cygdrive/c/Users/Public/Desktop/CmpE146Package/GNUARM/bin/../lib/gcc/arm-elf/4.3.2/../../../../arm-elf/lib/libc.a(lib_a-memcpy.o)
 .bss           0x400009b0        0x0 /cygdrive/c/Users/Public/Desktop/CmpE146Package/GNUARM/bin/../lib/gcc/arm-elf/4.3.2/../../../../arm-elf/lib/libc.a(lib_a-memset.o)
 .bss           0x400009b0        0x0 /cygdrive/c/Users/Public/Desktop/CmpE146Package/GNUARM/bin/../lib/gcc/arm-elf/4.3.2/../../../../arm-elf/lib/libc.a(lib_a-mlock.o)
 .bss           0x400009b0        0x0 /cygdrive/c/Users/Public/Desktop/CmpE146Package/GNUARM/bin/../lib/gcc/arm-elf/4.3.2/../../../../arm-elf/lib/libc.a(lib_a-siprintf.o)
 .bss           0x400009b0        0x0 /cygdrive/c/Users/Public/Desktop/CmpE146Package/GNUARM/bin/../lib/gcc/arm-elf/4.3.2/../../../../arm-elf/lib/libc.a(lib_a-strcmp.o)
 .bss           0x400009b0        0x0 /cygdrive/c/Users/Public/Desktop/CmpE146Package/GNUARM/bin/../lib/gcc/arm-elf/4.3.2/../../../../arm-elf/lib/libc.a(lib_a-strcpy.o)
 .bss           0x400009b0        0x0 /cygdrive/c/Users/Public/Desktop/CmpE146Package/GNUARM/bin/../lib/gcc/arm-elf/4.3.2/../../../../arm-elf/lib/libc.a(lib_a-strlen.o)
 .bss           0x400009b0        0x0 /cygdrive/c/Users/Public/Desktop/CmpE146Package/GNUARM/bin/../lib/gcc/arm-elf/4.3.2/../../../../arm-elf/lib/libc.a(lib_a-strncpy.o)
 .bss           0x400009b0        0x0 /cygdrive/c/Users/Public/Desktop/CmpE146Package/GNUARM/bin/../lib/gcc/arm-elf/4.3.2/../../../../arm-elf/lib/libc.a(lib_a-strtok.o)
 .bss           0x400009b0        0x0 /cygdrive/c/Users/Public/Desktop/CmpE146Package/GNUARM/bin/../lib/gcc/arm-elf/4.3.2/../../../../arm-elf/lib/libc.a(lib_a-strtok_r.o)
 .bss           0x400009b0        0x0 /cygdrive/c/Users/Public/Desktop/CmpE146Package/GNUARM/bin/../lib/gcc/arm-elf/4.3.2/../../../../arm-elf/lib/libc.a(lib_a-strtol.o)
 .bss           0x400009b0        0x0 /cygdrive/c/Users/Public/Desktop/CmpE146Package/GNUARM/bin/../lib/gcc/arm-elf/4.3.2/../../../../arm-elf/lib/libc.a(lib_a-vfiprintf.o)
 .bss           0x400009b0        0x0 /cygdrive/c/Users/Public/Desktop/CmpE146Package/GNUARM/bin/../lib/gcc/arm-elf/4.3.2/../../../../arm-elf/lib/libc.a(lib_a-wsetup.o)
 .bss           0x400009b0        0x0 /cygdrive/c/Users/Public/Desktop/CmpE146Package/GNUARM/bin/../lib/gcc/arm-elf/4.3.2/../../../../arm-elf/lib/libc.a(lib_a-ctype_.o)
 .bss           0x400009b0        0x0 /cygdrive/c/Users/Public/Desktop/CmpE146Package/GNUARM/bin/../lib/gcc/arm-elf/4.3.2/../../../../arm-elf/lib/libc.a(lib_a-fflush.o)
 .bss           0x400009b0        0x0 /cygdrive/c/Users/Public/Desktop/CmpE146Package/GNUARM/bin/../lib/gcc/arm-elf/4.3.2/../../../../arm-elf/lib/libc.a(lib_a-findfp.o)
 .bss           0x400009b0        0x0 /cygdrive/c/Users/Public/Desktop/CmpE146Package/GNUARM/bin/../lib/gcc/arm-elf/4.3.2/../../../../arm-elf/lib/libc.a(lib_a-freer.o)
 .bss           0x400009b0        0x0 /cygdrive/c/Users/Public/Desktop/CmpE146Package/GNUARM/bin/../lib/gcc/arm-elf/4.3.2/../../../../arm-elf/lib/libc.a(lib_a-fvwrite.o)
 .bss           0x400009b0        0x0 /cygdrive/c/Users/Public/Desktop/CmpE146Package/GNUARM/bin/../lib/gcc/arm-elf/4.3.2/../../../../arm-elf/lib/libc.a(lib_a-fwalk.o)
 .bss           0x400009b0        0x0 /cygdrive/c/Users/Public/Desktop/CmpE146Package/GNUARM/bin/../lib/gcc/arm-elf/4.3.2/../../../../arm-elf/lib/libc.a(lib_a-impure.o)
 .bss           0x400009b0        0x0 /cygdrive/c/Users/Public/Desktop/CmpE146Package/GNUARM/bin/../lib/gcc/arm-elf/4.3.2/../../../../arm-elf/lib/libc.a(lib_a-makebuf.o)
 .bss           0x400009b0        0x0 /cygdrive/c/Users/Public/Desktop/CmpE146Package/GNUARM/bin/../lib/gcc/arm-elf/4.3.2/../../../../arm-elf/lib/libc.a(lib_a-memchr.o)
 .bss           0x400009b0        0x0 /cygdrive/c/Users/Public/Desktop/CmpE146Package/GNUARM/bin/../lib/gcc/arm-elf/4.3.2/../../../../arm-elf/lib/libc.a(lib_a-memmove.o)
 .bss           0x400009b0        0x0 /cygdrive/c/Users/Public/Desktop/CmpE146Package/GNUARM/bin/../lib/gcc/arm-elf/4.3.2/../../../../arm-elf/lib/libc.a(lib_a-reallocr.o)
 .bss           0x400009b0        0x0 /cygdrive/c/Users/Public/Desktop/CmpE146Package/GNUARM/bin/../lib/gcc/arm-elf/4.3.2/../../../../arm-elf/lib/libc.a(lib_a-stdio.o)
 .bss           0x400009b0       0xb0 /cygdrive/c/Users/Public/Desktop/CmpE146Package/GNUARM/bin/../lib/gcc/arm-elf/4.3.2/../../../../arm-elf/lib/libc.a(lib_a-syscalls.o)
 .bss           0x40000a60        0x0 /cygdrive/c/Users/Public/Desktop/CmpE146Package/GNUARM/bin/../lib/gcc/arm-elf/4.3.2/../../../../arm-elf/lib/libc.a(lib_a-errno.o)
 .bss           0x40000a60        0x0 /cygdrive/c/Users/Public/Desktop/CmpE146Package/GNUARM/bin/../lib/gcc/arm-elf/4.3.2/../../../../arm-elf/lib/libc.a(lib_a-fclose.o)
 *(COMMON)
                0x40000a60                __bss_end__ = (__bss_start__ + SIZEOF (.bss))
                0x40000a60                __non_init_load_start__ = (__bss_end__ ALIGN 0x4)

.non_init       0x40000a60        0x0
                0x40000a60                __non_init_start__ = .
 *(.non_init .non_init.*)
                0x40000a60                __non_init_end__ = (__non_init_start__ + SIZEOF (.non_init))
                0x40000a60                __stack_user_load_start__ = (__non_init_end__ ALIGN 0x4)

.stack          0x40000a60        0x0
                0x40000a60                __stack_user_start__ = .
 *(.stack)
                0x40000a60                . = ((__stack_user_start__ + __STACKSIZE_USER__) MAX .)
                0x40000a60                __stack_user_end__ = (__stack_user_start__ + SIZEOF (.stack))
                0x40000a60                __stack_irq_load_start__ = (__stack_user_end__ ALIGN 0x4)

.stack_irq      0x40000a60      0x200
                0x40000a60                __stack_irq_start__ = .
 *(.stack_irq)
                0x40000c60                . = ((__stack_irq_start__ + __STACKSIZE_IRQ__) MAX .)
 *fill*         0x40000a60      0x200 00
                0x40000c60                __stack_irq_end__ = (__stack_irq_start__ + SIZEOF (.stack_irq))
                0x40000c60                __stack_fiq_load_start__ = (__stack_irq_end__ ALIGN 0x4)

.stack_fiq      0x40000c60       0x40
                0x40000c60                __stack_fiq_start__ = .
 *(.stack_fiq)
                0x40000ca0                . = ((__stack_fiq_start__ + __STACKSIZE_FIQ__) MAX .)
 *fill*         0x40000c60       0x40 00
                0x40000ca0                __stack_fiq_end__ = (__stack_fiq_start__ + SIZEOF (.stack_fiq))
                0x40000ca0                __stack_svc_load_start__ = (__stack_fiq_end__ ALIGN 0x4)

.stack_svc      0x40000ca0      0x200
                0x40000ca0                __stack_svc_start__ = .
 *(.stack_svc)
                0x40000ea0                . = ((__stack_svc_start__ + __STACKSIZE_SVC__) MAX .)
 *fill*         0x40000ca0      0x200 00
                0x40000ea0                __stack_svc_end__ = (__stack_svc_start__ + SIZEOF (.stack_svc))
                0x40000ea0                __stack_abt_load_start__ = (__stack_svc_end__ ALIGN 0x4)

.stack_abt      0x40000ea0        0x0
                0x40000ea0                __stack_abt_start__ = .
 *(.stack_abt)
                0x40000ea0                . = ((__stack_abt_start__ + __STACKSIZE_ABT__) MAX .)
                0x40000ea0                __stack_abt_end__ = (__stack_abt_start__ + SIZEOF (.stack_abt))
                0x40000ea0                __stack_und_load_start__ = (__stack_abt_end__ ALIGN 0x4)

.stack_und      0x40000ea0        0x0
                0x40000ea0                __stack_und_start__ = .
 *(.stack_und)
                0x40000ea0                . = ((__stack_und_start__ + __STACKSIZE_UND__) MAX .)
                0x40000ea0                __stack_und_end__ = (__stack_und_start__ + SIZEOF (.stack_und))
                0x40000ea0                __heap_load_start__ = (__stack_und_end__ ALIGN 0x4)

.heap           0x40000ea0        0x0
                0x40000ea0                __heap_start__ = .
 *(.heap)
                0x40000ea0                . = ((__heap_start__ + __HEAPSIZE__) MAX .)
                0x40000ea0                __heap_end__ = (__heap_start__ + SIZEOF (.heap))
                0x40000ea0                end = .
OUTPUT(L1_lpc2148_freertos_cpp_uart.elf elf32-littlearm)

.comment        0x00000000      0x396
 .comment       0x00000000       0x12 ./main.o
 .comment       0x00000012       0x12 ./utils/src/rprintf.o
 .comment       0x00000024       0x12 ./utils/src/timer.o
 .comment       0x00000036       0x12 ./tasks/userInterface.o
 .comment       0x00000048       0x12 ./drivers/uart0.o
 .comment       0x0000005a       0x12 ./drivers/watchdog.o
 .comment       0x0000006c       0x12 ./System/cppmem.o
 .comment       0x0000007e       0x12 ./System/cpu.o
 .comment       0x00000090       0x12 ./System/syscalls.o
 .comment       0x000000a2       0x12 ./System/startup/exceptionHandlers.o
 .comment       0x000000b4       0x12 ./FreeRTOS/src/croutine.o
 .comment       0x000000c6       0x12 ./FreeRTOS/src/list.o
 .comment       0x000000d8       0x12 ./FreeRTOS/src/port.o
 .comment       0x000000ea       0x12 ./FreeRTOS/src/portISR.o
 .comment       0x000000fc       0x12 ./FreeRTOS/src/queue.o
 .comment       0x0000010e       0x12 ./FreeRTOS/src/tasks.o
 .comment       0x00000120       0x12 ./FreeRTOS/src/timers.o
 .comment       0x00000132       0x12 ./FreeRTOS/mem/heap_3.o
 .comment       0x00000144       0x12 ./FreeRTOS/hooks/hooks.o
 .comment       0x00000156       0x12 /cygdrive/c/Users/Public/Desktop/CmpE146Package/GNUARM/bin/../lib/gcc/arm-elf/4.3.2/../../../../arm-elf/lib/libc.a(lib_a-atoi.o)
 .comment       0x00000168       0x12 /cygdrive/c/Users/Public/Desktop/CmpE146Package/GNUARM/bin/../lib/gcc/arm-elf/4.3.2/../../../../arm-elf/lib/libc.a(lib_a-malloc.o)
 .comment       0x0000017a       0x12 /cygdrive/c/Users/Public/Desktop/CmpE146Package/GNUARM/bin/../lib/gcc/arm-elf/4.3.2/../../../../arm-elf/lib/libc.a(lib_a-mallocr.o)
 .comment       0x0000018c       0x12 /cygdrive/c/Users/Public/Desktop/CmpE146Package/GNUARM/bin/../lib/gcc/arm-elf/4.3.2/../../../../arm-elf/lib/libc.a(lib_a-memcmp.o)
 .comment       0x0000019e       0x12 /cygdrive/c/Users/Public/Desktop/CmpE146Package/GNUARM/bin/../lib/gcc/arm-elf/4.3.2/../../../../arm-elf/lib/libc.a(lib_a-memcpy.o)
 .comment       0x000001b0       0x12 /cygdrive/c/Users/Public/Desktop/CmpE146Package/GNUARM/bin/../lib/gcc/arm-elf/4.3.2/../../../../arm-elf/lib/libc.a(lib_a-memset.o)
 .comment       0x000001c2       0x12 /cygdrive/c/Users/Public/Desktop/CmpE146Package/GNUARM/bin/../lib/gcc/arm-elf/4.3.2/../../../../arm-elf/lib/libc.a(lib_a-mlock.o)
 .comment       0x000001d4       0x12 /cygdrive/c/Users/Public/Desktop/CmpE146Package/GNUARM/bin/../lib/gcc/arm-elf/4.3.2/../../../../arm-elf/lib/libc.a(lib_a-siprintf.o)
 .comment       0x000001e6       0x12 /cygdrive/c/Users/Public/Desktop/CmpE146Package/GNUARM/bin/../lib/gcc/arm-elf/4.3.2/../../../../arm-elf/lib/libc.a(lib_a-strcmp.o)
 .comment       0x000001f8       0x12 /cygdrive/c/Users/Public/Desktop/CmpE146Package/GNUARM/bin/../lib/gcc/arm-elf/4.3.2/../../../../arm-elf/lib/libc.a(lib_a-strcpy.o)
 .comment       0x0000020a       0x12 /cygdrive/c/Users/Public/Desktop/CmpE146Package/GNUARM/bin/../lib/gcc/arm-elf/4.3.2/../../../../arm-elf/lib/libc.a(lib_a-strlen.o)
 .comment       0x0000021c       0x12 /cygdrive/c/Users/Public/Desktop/CmpE146Package/GNUARM/bin/../lib/gcc/arm-elf/4.3.2/../../../../arm-elf/lib/libc.a(lib_a-strncpy.o)
 .comment       0x0000022e       0x12 /cygdrive/c/Users/Public/Desktop/CmpE146Package/GNUARM/bin/../lib/gcc/arm-elf/4.3.2/../../../../arm-elf/lib/libc.a(lib_a-strtok.o)
 .comment       0x00000240       0x12 /cygdrive/c/Users/Public/Desktop/CmpE146Package/GNUARM/bin/../lib/gcc/arm-elf/4.3.2/../../../../arm-elf/lib/libc.a(lib_a-strtok_r.o)
 .comment       0x00000252       0x12 /cygdrive/c/Users/Public/Desktop/CmpE146Package/GNUARM/bin/../lib/gcc/arm-elf/4.3.2/../../../../arm-elf/lib/libc.a(lib_a-strtol.o)
 .comment       0x00000264       0x12 /cygdrive/c/Users/Public/Desktop/CmpE146Package/GNUARM/bin/../lib/gcc/arm-elf/4.3.2/../../../../arm-elf/lib/libc.a(lib_a-vfiprintf.o)
 .comment       0x00000276       0x12 /cygdrive/c/Users/Public/Desktop/CmpE146Package/GNUARM/bin/../lib/gcc/arm-elf/4.3.2/../../../../arm-elf/lib/libc.a(lib_a-wsetup.o)
 .comment       0x00000288       0x12 /cygdrive/c/Users/Public/Desktop/CmpE146Package/GNUARM/bin/../lib/gcc/arm-elf/4.3.2/../../../../arm-elf/lib/libc.a(lib_a-ctype_.o)
 .comment       0x0000029a       0x12 /cygdrive/c/Users/Public/Desktop/CmpE146Package/GNUARM/bin/../lib/gcc/arm-elf/4.3.2/../../../../arm-elf/lib/libc.a(lib_a-fflush.o)
 .comment       0x000002ac       0x12 /cygdrive/c/Users/Public/Desktop/CmpE146Package/GNUARM/bin/../lib/gcc/arm-elf/4.3.2/../../../../arm-elf/lib/libc.a(lib_a-findfp.o)
 .comment       0x000002be       0x12 /cygdrive/c/Users/Public/Desktop/CmpE146Package/GNUARM/bin/../lib/gcc/arm-elf/4.3.2/../../../../arm-elf/lib/libc.a(lib_a-freer.o)
 .comment       0x000002d0       0x12 /cygdrive/c/Users/Public/Desktop/CmpE146Package/GNUARM/bin/../lib/gcc/arm-elf/4.3.2/../../../../arm-elf/lib/libc.a(lib_a-fvwrite.o)
 .comment       0x000002e2       0x12 /cygdrive/c/Users/Public/Desktop/CmpE146Package/GNUARM/bin/../lib/gcc/arm-elf/4.3.2/../../../../arm-elf/lib/libc.a(lib_a-fwalk.o)
 .comment       0x000002f4       0x12 /cygdrive/c/Users/Public/Desktop/CmpE146Package/GNUARM/bin/../lib/gcc/arm-elf/4.3.2/../../../../arm-elf/lib/libc.a(lib_a-impure.o)
 .comment       0x00000306       0x12 /cygdrive/c/Users/Public/Desktop/CmpE146Package/GNUARM/bin/../lib/gcc/arm-elf/4.3.2/../../../../arm-elf/lib/libc.a(lib_a-makebuf.o)
 .comment       0x00000318       0x12 /cygdrive/c/Users/Public/Desktop/CmpE146Package/GNUARM/bin/../lib/gcc/arm-elf/4.3.2/../../../../arm-elf/lib/libc.a(lib_a-memchr.o)
 .comment       0x0000032a       0x12 /cygdrive/c/Users/Public/Desktop/CmpE146Package/GNUARM/bin/../lib/gcc/arm-elf/4.3.2/../../../../arm-elf/lib/libc.a(lib_a-memmove.o)
 .comment       0x0000033c       0x12 /cygdrive/c/Users/Public/Desktop/CmpE146Package/GNUARM/bin/../lib/gcc/arm-elf/4.3.2/../../../../arm-elf/lib/libc.a(lib_a-reallocr.o)
 .comment       0x0000034e       0x12 /cygdrive/c/Users/Public/Desktop/CmpE146Package/GNUARM/bin/../lib/gcc/arm-elf/4.3.2/../../../../arm-elf/lib/libc.a(lib_a-stdio.o)
 .comment       0x00000360       0x12 /cygdrive/c/Users/Public/Desktop/CmpE146Package/GNUARM/bin/../lib/gcc/arm-elf/4.3.2/../../../../arm-elf/lib/libc.a(lib_a-syscalls.o)
 .comment       0x00000372       0x12 /cygdrive/c/Users/Public/Desktop/CmpE146Package/GNUARM/bin/../lib/gcc/arm-elf/4.3.2/../../../../arm-elf/lib/libc.a(lib_a-errno.o)
 .comment       0x00000384       0x12 /cygdrive/c/Users/Public/Desktop/CmpE146Package/GNUARM/bin/../lib/gcc/arm-elf/4.3.2/../../../../arm-elf/lib/libc.a(lib_a-fclose.o)

.ARM.attributes
                0x00000000       0x10
 .ARM.attributes
                0x00000000       0x10 ./main.o
 .ARM.attributes
                0x00000010       0x10 ./utils/src/rprintf.o
 .ARM.attributes
                0x00000020       0x10 ./utils/src/timer.o
 .ARM.attributes
                0x00000030       0x10 ./tasks/userInterface.o
 .ARM.attributes
                0x00000040       0x10 ./drivers/uart0.o
 .ARM.attributes
                0x00000050       0x10 ./drivers/watchdog.o
 .ARM.attributes
                0x00000060       0x10 ./System/cppmem.o
 .ARM.attributes
                0x00000070       0x10 ./System/cpu.o
 .ARM.attributes
                0x00000080       0x10 ./System/syscalls.o
 .ARM.attributes
                0x00000090       0x10 ./System/startup/Arm7CStartup.o
 .ARM.attributes
                0x000000a0       0x10 ./System/startup/Lpc2000ExceptionVectors.o
 .ARM.attributes
                0x000000b0       0x10 ./System/startup/exceptionHandlers.o
 .ARM.attributes
                0x000000c0       0x10 ./FreeRTOS/src/croutine.o
 .ARM.attributes
                0x000000d0       0x10 ./FreeRTOS/src/list.o
 .ARM.attributes
                0x000000e0       0x10 ./FreeRTOS/src/port.o
 .ARM.attributes
                0x000000f0       0x10 ./FreeRTOS/src/portISR.o
 .ARM.attributes
                0x00000100       0x10 ./FreeRTOS/src/queue.o
 .ARM.attributes
                0x00000110       0x10 ./FreeRTOS/src/tasks.o
 .ARM.attributes
                0x00000120       0x10 ./FreeRTOS/src/timers.o
 .ARM.attributes
                0x00000130       0x10 ./FreeRTOS/mem/heap_3.o
 .ARM.attributes
                0x00000140       0x10 ./FreeRTOS/hooks/hooks.o
 .ARM.attributes
                0x00000150       0x10 /cygdrive/c/Users/Public/Desktop/CmpE146Package/GNUARM/bin/../lib/gcc/arm-elf/4.3.2/libgcc.a(_udivsi3.o)
 .ARM.attributes
                0x00000160       0x10 /cygdrive/c/Users/Public/Desktop/CmpE146Package/GNUARM/bin/../lib/gcc/arm-elf/4.3.2/libgcc.a(_umodsi3.o)
 .ARM.attributes
                0x00000170       0x10 /cygdrive/c/Users/Public/Desktop/CmpE146Package/GNUARM/bin/../lib/gcc/arm-elf/4.3.2/libgcc.a(_dvmd_tls.o)
 .ARM.attributes
                0x00000180       0x10 /cygdrive/c/Users/Public/Desktop/CmpE146Package/GNUARM/bin/../lib/gcc/arm-elf/4.3.2/../../../../arm-elf/lib/libc.a(lib_a-atoi.o)
 .ARM.attributes
                0x00000190       0x10 /cygdrive/c/Users/Public/Desktop/CmpE146Package/GNUARM/bin/../lib/gcc/arm-elf/4.3.2/../../../../arm-elf/lib/libc.a(lib_a-malloc.o)
 .ARM.attributes
                0x000001a0       0x10 /cygdrive/c/Users/Public/Desktop/CmpE146Package/GNUARM/bin/../lib/gcc/arm-elf/4.3.2/../../../../arm-elf/lib/libc.a(lib_a-mallocr.o)
 .ARM.attributes
                0x000001b0       0x10 /cygdrive/c/Users/Public/Desktop/CmpE146Package/GNUARM/bin/../lib/gcc/arm-elf/4.3.2/../../../../arm-elf/lib/libc.a(lib_a-memcmp.o)
 .ARM.attributes
                0x000001c0       0x10 /cygdrive/c/Users/Public/Desktop/CmpE146Package/GNUARM/bin/../lib/gcc/arm-elf/4.3.2/../../../../arm-elf/lib/libc.a(lib_a-memcpy.o)
 .ARM.attributes
                0x000001d0       0x10 /cygdrive/c/Users/Public/Desktop/CmpE146Package/GNUARM/bin/../lib/gcc/arm-elf/4.3.2/../../../../arm-elf/lib/libc.a(lib_a-memset.o)
 .ARM.attributes
                0x000001e0       0x10 /cygdrive/c/Users/Public/Desktop/CmpE146Package/GNUARM/bin/../lib/gcc/arm-elf/4.3.2/../../../../arm-elf/lib/libc.a(lib_a-mlock.o)
 .ARM.attributes
                0x000001f0       0x10 /cygdrive/c/Users/Public/Desktop/CmpE146Package/GNUARM/bin/../lib/gcc/arm-elf/4.3.2/../../../../arm-elf/lib/libc.a(lib_a-siprintf.o)
 .ARM.attributes
                0x00000200       0x10 /cygdrive/c/Users/Public/Desktop/CmpE146Package/GNUARM/bin/../lib/gcc/arm-elf/4.3.2/../../../../arm-elf/lib/libc.a(lib_a-strcmp.o)
 .ARM.attributes
                0x00000210       0x10 /cygdrive/c/Users/Public/Desktop/CmpE146Package/GNUARM/bin/../lib/gcc/arm-elf/4.3.2/../../../../arm-elf/lib/libc.a(lib_a-strcpy.o)
 .ARM.attributes
                0x00000220       0x10 /cygdrive/c/Users/Public/Desktop/CmpE146Package/GNUARM/bin/../lib/gcc/arm-elf/4.3.2/../../../../arm-elf/lib/libc.a(lib_a-strlen.o)
 .ARM.attributes
                0x00000230       0x10 /cygdrive/c/Users/Public/Desktop/CmpE146Package/GNUARM/bin/../lib/gcc/arm-elf/4.3.2/../../../../arm-elf/lib/libc.a(lib_a-strncpy.o)
 .ARM.attributes
                0x00000240       0x10 /cygdrive/c/Users/Public/Desktop/CmpE146Package/GNUARM/bin/../lib/gcc/arm-elf/4.3.2/../../../../arm-elf/lib/libc.a(lib_a-strtok.o)
 .ARM.attributes
                0x00000250       0x10 /cygdrive/c/Users/Public/Desktop/CmpE146Package/GNUARM/bin/../lib/gcc/arm-elf/4.3.2/../../../../arm-elf/lib/libc.a(lib_a-strtok_r.o)
 .ARM.attributes
                0x00000260       0x10 /cygdrive/c/Users/Public/Desktop/CmpE146Package/GNUARM/bin/../lib/gcc/arm-elf/4.3.2/../../../../arm-elf/lib/libc.a(lib_a-strtol.o)
 .ARM.attributes
                0x00000270       0x10 /cygdrive/c/Users/Public/Desktop/CmpE146Package/GNUARM/bin/../lib/gcc/arm-elf/4.3.2/../../../../arm-elf/lib/libc.a(lib_a-vfiprintf.o)
 .ARM.attributes
                0x00000280       0x10 /cygdrive/c/Users/Public/Desktop/CmpE146Package/GNUARM/bin/../lib/gcc/arm-elf/4.3.2/../../../../arm-elf/lib/libc.a(lib_a-wsetup.o)
 .ARM.attributes
                0x00000290       0x10 /cygdrive/c/Users/Public/Desktop/CmpE146Package/GNUARM/bin/../lib/gcc/arm-elf/4.3.2/../../../../arm-elf/lib/libc.a(lib_a-ctype_.o)
 .ARM.attributes
                0x000002a0       0x10 /cygdrive/c/Users/Public/Desktop/CmpE146Package/GNUARM/bin/../lib/gcc/arm-elf/4.3.2/../../../../arm-elf/lib/libc.a(lib_a-fflush.o)
 .ARM.attributes
                0x000002b0       0x10 /cygdrive/c/Users/Public/Desktop/CmpE146Package/GNUARM/bin/../lib/gcc/arm-elf/4.3.2/../../../../arm-elf/lib/libc.a(lib_a-findfp.o)
 .ARM.attributes
                0x000002c0       0x10 /cygdrive/c/Users/Public/Desktop/CmpE146Package/GNUARM/bin/../lib/gcc/arm-elf/4.3.2/../../../../arm-elf/lib/libc.a(lib_a-freer.o)
 .ARM.attributes
                0x000002d0       0x10 /cygdrive/c/Users/Public/Desktop/CmpE146Package/GNUARM/bin/../lib/gcc/arm-elf/4.3.2/../../../../arm-elf/lib/libc.a(lib_a-fvwrite.o)
 .ARM.attributes
                0x000002e0       0x10 /cygdrive/c/Users/Public/Desktop/CmpE146Package/GNUARM/bin/../lib/gcc/arm-elf/4.3.2/../../../../arm-elf/lib/libc.a(lib_a-fwalk.o)
 .ARM.attributes
                0x000002f0       0x10 /cygdrive/c/Users/Public/Desktop/CmpE146Package/GNUARM/bin/../lib/gcc/arm-elf/4.3.2/../../../../arm-elf/lib/libc.a(lib_a-impure.o)
 .ARM.attributes
                0x00000300       0x10 /cygdrive/c/Users/Public/Desktop/CmpE146Package/GNUARM/bin/../lib/gcc/arm-elf/4.3.2/../../../../arm-elf/lib/libc.a(lib_a-makebuf.o)
 .ARM.attributes
                0x00000310       0x10 /cygdrive/c/Users/Public/Desktop/CmpE146Package/GNUARM/bin/../lib/gcc/arm-elf/4.3.2/../../../../arm-elf/lib/libc.a(lib_a-memchr.o)
 .ARM.attributes
                0x00000320       0x10 /cygdrive/c/Users/Public/Desktop/CmpE146Package/GNUARM/bin/../lib/gcc/arm-elf/4.3.2/../../../../arm-elf/lib/libc.a(lib_a-memmove.o)
 .ARM.attributes
                0x00000330       0x10 /cygdrive/c/Users/Public/Desktop/CmpE146Package/GNUARM/bin/../lib/gcc/arm-elf/4.3.2/../../../../arm-elf/lib/libc.a(lib_a-reallocr.o)
 .ARM.attributes
                0x00000340       0x10 /cygdrive/c/Users/Public/Desktop/CmpE146Package/GNUARM/bin/../lib/gcc/arm-elf/4.3.2/../../../../arm-elf/lib/libc.a(lib_a-stdio.o)
 .ARM.attributes
                0x00000350       0x10 /cygdrive/c/Users/Public/Desktop/CmpE146Package/GNUARM/bin/../lib/gcc/arm-elf/4.3.2/../../../../arm-elf/lib/libc.a(lib_a-syscalls.o)
 .ARM.attributes
                0x00000360       0x10 /cygdrive/c/Users/Public/Desktop/CmpE146Package/GNUARM/bin/../lib/gcc/arm-elf/4.3.2/../../../../arm-elf/lib/libc.a(lib_a-errno.o)
 .ARM.attributes
                0x00000370       0x10 /cygdrive/c/Users/Public/Desktop/CmpE146Package/GNUARM/bin/../lib/gcc/arm-elf/4.3.2/../../../../arm-elf/lib/libc.a(lib_a-fclose.o)

.debug_frame    0x00000000      0xa70
 .debug_frame   0x00000000       0x28 /cygdrive/c/Users/Public/Desktop/CmpE146Package/GNUARM/bin/../lib/gcc/arm-elf/4.3.2/libgcc.a(_udivsi3.o)
 .debug_frame   0x00000028       0x28 /cygdrive/c/Users/Public/Desktop/CmpE146Package/GNUARM/bin/../lib/gcc/arm-elf/4.3.2/libgcc.a(_umodsi3.o)
 .debug_frame   0x00000050       0x30 /cygdrive/c/Users/Public/Desktop/CmpE146Package/GNUARM/bin/../lib/gcc/arm-elf/4.3.2/../../../../arm-elf/lib/libc.a(lib_a-atoi.o)
 .debug_frame   0x00000080       0x30 /cygdrive/c/Users/Public/Desktop/CmpE146Package/GNUARM/bin/../lib/gcc/arm-elf/4.3.2/../../../../arm-elf/lib/libc.a(lib_a-malloc.o)
 .debug_frame   0x000000b0       0x38 /cygdrive/c/Users/Public/Desktop/CmpE146Package/GNUARM/bin/../lib/gcc/arm-elf/4.3.2/../../../../arm-elf/lib/libc.a(lib_a-mallocr.o)
 .debug_frame   0x000000e8       0x2c /cygdrive/c/Users/Public/Desktop/CmpE146Package/GNUARM/bin/../lib/gcc/arm-elf/4.3.2/../../../../arm-elf/lib/libc.a(lib_a-memcmp.o)
 .debug_frame   0x00000114       0x2c /cygdrive/c/Users/Public/Desktop/CmpE146Package/GNUARM/bin/../lib/gcc/arm-elf/4.3.2/../../../../arm-elf/lib/libc.a(lib_a-memcpy.o)
 .debug_frame   0x00000140       0x28 /cygdrive/c/Users/Public/Desktop/CmpE146Package/GNUARM/bin/../lib/gcc/arm-elf/4.3.2/../../../../arm-elf/lib/libc.a(lib_a-memset.o)
 .debug_frame   0x00000168       0x30 /cygdrive/c/Users/Public/Desktop/CmpE146Package/GNUARM/bin/../lib/gcc/arm-elf/4.3.2/../../../../arm-elf/lib/libc.a(lib_a-mlock.o)
 .debug_frame   0x00000198       0x58 /cygdrive/c/Users/Public/Desktop/CmpE146Package/GNUARM/bin/../lib/gcc/arm-elf/4.3.2/../../../../arm-elf/lib/libc.a(lib_a-siprintf.o)
 .debug_frame   0x000001f0       0x20 /cygdrive/c/Users/Public/Desktop/CmpE146Package/GNUARM/bin/../lib/gcc/arm-elf/4.3.2/../../../../arm-elf/lib/libc.a(lib_a-strcmp.o)
 .debug_frame   0x00000210       0x28 /cygdrive/c/Users/Public/Desktop/CmpE146Package/GNUARM/bin/../lib/gcc/arm-elf/4.3.2/../../../../arm-elf/lib/libc.a(lib_a-strcpy.o)
 .debug_frame   0x00000238       0x20 /cygdrive/c/Users/Public/Desktop/CmpE146Package/GNUARM/bin/../lib/gcc/arm-elf/4.3.2/../../../../arm-elf/lib/libc.a(lib_a-strlen.o)
 .debug_frame   0x00000258       0x28 /cygdrive/c/Users/Public/Desktop/CmpE146Package/GNUARM/bin/../lib/gcc/arm-elf/4.3.2/../../../../arm-elf/lib/libc.a(lib_a-strncpy.o)
 .debug_frame   0x00000280       0x20 /cygdrive/c/Users/Public/Desktop/CmpE146Package/GNUARM/bin/../lib/gcc/arm-elf/4.3.2/../../../../arm-elf/lib/libc.a(lib_a-strtok.o)
 .debug_frame   0x000002a0       0x3c /cygdrive/c/Users/Public/Desktop/CmpE146Package/GNUARM/bin/../lib/gcc/arm-elf/4.3.2/../../../../arm-elf/lib/libc.a(lib_a-strtok_r.o)
 .debug_frame   0x000002dc       0x50 /cygdrive/c/Users/Public/Desktop/CmpE146Package/GNUARM/bin/../lib/gcc/arm-elf/4.3.2/../../../../arm-elf/lib/libc.a(lib_a-strtol.o)
 .debug_frame   0x0000032c       0x6c /cygdrive/c/Users/Public/Desktop/CmpE146Package/GNUARM/bin/../lib/gcc/arm-elf/4.3.2/../../../../arm-elf/lib/libc.a(lib_a-vfiprintf.o)
 .debug_frame   0x00000398       0x2c /cygdrive/c/Users/Public/Desktop/CmpE146Package/GNUARM/bin/../lib/gcc/arm-elf/4.3.2/../../../../arm-elf/lib/libc.a(lib_a-wsetup.o)
 .debug_frame   0x000003c4       0x40 /cygdrive/c/Users/Public/Desktop/CmpE146Package/GNUARM/bin/../lib/gcc/arm-elf/4.3.2/../../../../arm-elf/lib/libc.a(lib_a-fflush.o)
 .debug_frame   0x00000404      0x10c /cygdrive/c/Users/Public/Desktop/CmpE146Package/GNUARM/bin/../lib/gcc/arm-elf/4.3.2/../../../../arm-elf/lib/libc.a(lib_a-findfp.o)
 .debug_frame   0x00000510       0x50 /cygdrive/c/Users/Public/Desktop/CmpE146Package/GNUARM/bin/../lib/gcc/arm-elf/4.3.2/../../../../arm-elf/lib/libc.a(lib_a-freer.o)
 .debug_frame   0x00000560       0x38 /cygdrive/c/Users/Public/Desktop/CmpE146Package/GNUARM/bin/../lib/gcc/arm-elf/4.3.2/../../../../arm-elf/lib/libc.a(lib_a-fvwrite.o)
 .debug_frame   0x00000598       0x58 /cygdrive/c/Users/Public/Desktop/CmpE146Package/GNUARM/bin/../lib/gcc/arm-elf/4.3.2/../../../../arm-elf/lib/libc.a(lib_a-fwalk.o)
 .debug_frame   0x000005f0       0x30 /cygdrive/c/Users/Public/Desktop/CmpE146Package/GNUARM/bin/../lib/gcc/arm-elf/4.3.2/../../../../arm-elf/lib/libc.a(lib_a-makebuf.o)