Archive member included because of file (symbol)

/cygdrive/c/dev/CmpE146Package/GNUARM/bin/../lib/gcc/arm-elf/4.3.2/libgcc.a(_udivsi3.o)
                              ./utils/src/rprintf.o (__udivsi3)
/cygdrive/c/dev/CmpE146Package/GNUARM/bin/../lib/gcc/arm-elf/4.3.2/libgcc.a(_divsi3.o)
                              ./fat/ff.o (__divsi3)
/cygdrive/c/dev/CmpE146Package/GNUARM/bin/../lib/gcc/arm-elf/4.3.2/libgcc.a(_umodsi3.o)
                              ./utils/src/rprintf.o (__umodsi3)
/cygdrive/c/dev/CmpE146Package/GNUARM/bin/../lib/gcc/arm-elf/4.3.2/libgcc.a(_modsi3.o)
                              ./main.o (__modsi3)
/cygdrive/c/dev/CmpE146Package/GNUARM/bin/../lib/gcc/arm-elf/4.3.2/libgcc.a(_dvmd_tls.o)
                              /cygdrive/c/dev/CmpE146Package/GNUARM/bin/../lib/gcc/arm-elf/4.3.2/libgcc.a(_udivsi3.o) (__div0)
/cygdrive/c/dev/CmpE146Package/GNUARM/bin/../lib/gcc/arm-elf/4.3.2/../../../../arm-elf/lib/libc.a(lib_a-atoi.o)
                              ./tasks/userInterface.o (atoi)
/cygdrive/c/dev/CmpE146Package/GNUARM/bin/../lib/gcc/arm-elf/4.3.2/../../../../arm-elf/lib/libc.a(lib_a-iprintf.o)
                              ./tasks/userInterface.o (iprintf)
/cygdrive/c/dev/CmpE146Package/GNUARM/bin/../lib/gcc/arm-elf/4.3.2/../../../../arm-elf/lib/libc.a(lib_a-malloc.o)
                              ./System/cppmem.o (free)
/cygdrive/c/dev/CmpE146Package/GNUARM/bin/../lib/gcc/arm-elf/4.3.2/../../../../arm-elf/lib/libc.a(lib_a-mallocr.o)
                              /cygdrive/c/dev/CmpE146Package/GNUARM/bin/../lib/gcc/arm-elf/4.3.2/../../../../arm-elf/lib/libc.a(lib_a-malloc.o) (_malloc_r)
/cygdrive/c/dev/CmpE146Package/GNUARM/bin/../lib/gcc/arm-elf/4.3.2/../../../../arm-elf/lib/libc.a(lib_a-memcmp.o)
                              ./FreeRTOS/src/tasks.o (memcmp)
/cygdrive/c/dev/CmpE146Package/GNUARM/bin/../lib/gcc/arm-elf/4.3.2/../../../../arm-elf/lib/libc.a(lib_a-memcpy.o)
                              ./tasks/userInterface.o (memcpy)
/cygdrive/c/dev/CmpE146Package/GNUARM/bin/../lib/gcc/arm-elf/4.3.2/../../../../arm-elf/lib/libc.a(lib_a-memset.o)
                              ./tasks/userInterface.o (memset)
/cygdrive/c/dev/CmpE146Package/GNUARM/bin/../lib/gcc/arm-elf/4.3.2/../../../../arm-elf/lib/libc.a(lib_a-mlock.o)
                              /cygdrive/c/dev/CmpE146Package/GNUARM/bin/../lib/gcc/arm-elf/4.3.2/../../../../arm-elf/lib/libc.a(lib_a-mallocr.o) (__malloc_lock)
/cygdrive/c/dev/CmpE146Package/GNUARM/bin/../lib/gcc/arm-elf/4.3.2/../../../../arm-elf/lib/libc.a(lib_a-siprintf.o)
                              ./FreeRTOS/src/tasks.o (siprintf)
/cygdrive/c/dev/CmpE146Package/GNUARM/bin/../lib/gcc/arm-elf/4.3.2/../../../../arm-elf/lib/libc.a(lib_a-strcmp.o)
                              ./tasks/userInterface.o (strcmp)
/cygdrive/c/dev/CmpE146Package/GNUARM/bin/../lib/gcc/arm-elf/4.3.2/../../../../arm-elf/lib/libc.a(lib_a-strcpy.o)
                              ./FreeRTOS/src/tasks.o (strcpy)
/cygdrive/c/dev/CmpE146Package/GNUARM/bin/../lib/gcc/arm-elf/4.3.2/../../../../arm-elf/lib/libc.a(lib_a-strlen.o)
                              ./FreeRTOS/src/tasks.o (strlen)
/cygdrive/c/dev/CmpE146Package/GNUARM/bin/../lib/gcc/arm-elf/4.3.2/../../../../arm-elf/lib/libc.a(lib_a-strncpy.o)
                              ./FreeRTOS/src/tasks.o (strncpy)
/cygdrive/c/dev/CmpE146Package/GNUARM/bin/../lib/gcc/arm-elf/4.3.2/../../../../arm-elf/lib/libc.a(lib_a-strtok.o)
                              ./tasks/userInterface.o (strtok)
/cygdrive/c/dev/CmpE146Package/GNUARM/bin/../lib/gcc/arm-elf/4.3.2/../../../../arm-elf/lib/libc.a(lib_a-strtok_r.o)
                              /cygdrive/c/dev/CmpE146Package/GNUARM/bin/../lib/gcc/arm-elf/4.3.2/../../../../arm-elf/lib/libc.a(lib_a-strtok.o) (__strtok_r)
/cygdrive/c/dev/CmpE146Package/GNUARM/bin/../lib/gcc/arm-elf/4.3.2/../../../../arm-elf/lib/libc.a(lib_a-strtol.o)
                              /cygdrive/c/dev/CmpE146Package/GNUARM/bin/../lib/gcc/arm-elf/4.3.2/../../../../arm-elf/lib/libc.a(lib_a-atoi.o) (_strtol_r)
/cygdrive/c/dev/CmpE146Package/GNUARM/bin/../lib/gcc/arm-elf/4.3.2/../../../../arm-elf/lib/libc.a(lib_a-vfiprintf.o)
                              /cygdrive/c/dev/CmpE146Package/GNUARM/bin/../lib/gcc/arm-elf/4.3.2/../../../../arm-elf/lib/libc.a(lib_a-iprintf.o) (_vfiprintf_r)
/cygdrive/c/dev/CmpE146Package/GNUARM/bin/../lib/gcc/arm-elf/4.3.2/../../../../arm-elf/lib/libc.a(lib_a-wsetup.o)
                              /cygdrive/c/dev/CmpE146Package/GNUARM/bin/../lib/gcc/arm-elf/4.3.2/../../../../arm-elf/lib/libc.a(lib_a-vfiprintf.o) (__swsetup_r)
/cygdrive/c/dev/CmpE146Package/GNUARM/bin/../lib/gcc/arm-elf/4.3.2/../../../../arm-elf/lib/libc.a(lib_a-ctype_.o)
                              /cygdrive/c/dev/CmpE146Package/GNUARM/bin/../lib/gcc/arm-elf/4.3.2/../../../../arm-elf/lib/libc.a(lib_a-strtol.o) (__ctype_ptr)
/cygdrive/c/dev/CmpE146Package/GNUARM/bin/../lib/gcc/arm-elf/4.3.2/../../../../arm-elf/lib/libc.a(lib_a-fflush.o)
[...]
Memory Configuration

Name             Origin             Length             Attributes
FLASH_BOOT       0x00000000         0x00001000         xr
FLASH_APP        0x00001000         0x0007c000         xr
SRAM             0x40000000         0x00008000         xw
USB_DMA_RAM      0x7fd00000         0x00002000         xw
*default*        0x00000000         0xffffffff

Linker script and memory map

LOAD ./main.o
LOAD ./utils/src/rprintf.o
LOAD ./utils/src/timer.o
LOAD ./tasks/userInterface.o
LOAD ./fat/diskio.o
LOAD ./fat/ff.o
LOAD ./fat/rtc.o
LOAD ./fat/option/ccsbcs.o
LOAD ./fat/option/reentrant.o
LOAD ./drivers/ssp_spi.o
LOAD ./drivers/uart0.o
LOAD ./drivers/watchdog.o
LOAD ./System/cppmem.o
LOAD ./System/cpu.o
LOAD ./System/syscalls.o
LOAD ./System/startup/Arm7CStartup.o
LOAD ./System/startup/Lpc2000ExceptionVectors.o
LOAD ./System/startup/exceptionHandlers.o
LOAD ./FreeRTOS/src/croutine.o
LOAD ./FreeRTOS/src/list.o
LOAD ./FreeRTOS/src/port.o
LOAD ./FreeRTOS/src/portISR.o
LOAD ./FreeRTOS/src/queue.o
LOAD ./FreeRTOS/src/tasks.o
LOAD ./FreeRTOS/src/timers.o
LOAD ./FreeRTOS/mem/heap_3.o
LOAD ./FreeRTOS/hooks/hooks.o
LOAD /cygdrive/c/dev/CmpE146Package/GNUARM/bin/../lib/gcc/arm-elf/4.3.2/../../../../arm-elf/lib/libstdc++.a
LOAD /cygdrive/c/dev/CmpE146Package/GNUARM/bin/../lib/gcc/arm-elf/4.3.2/../../../../arm-elf/lib/libm.a
START GROUP
LOAD /cygdrive/c/dev/CmpE146Package/GNUARM/bin/../lib/gcc/arm-elf/4.3.2/libgcc.a
LOAD /cygdrive/c/dev/CmpE146Package/GNUARM/bin/../lib/gcc/arm-elf/4.3.2/../../../../arm-elf/lib/libc.a
END GROUP
                0x00001000                __FLASH_segment_start__ = 0x1000
                0x40000000                __SRAM_segment_start__ = 0x40000000
                0x00000000                __STACKSIZE_SYS__ = 0x0
                0x00000000                __STACKSIZE_USER__ = 0x0
                0x00000200                __STACKSIZE_IRQ__ = 0x200
                0x00000040                __STACKSIZE_FIQ__ = 0x40
                0x00000200                __STACKSIZE_SVC__ = 0x200
                0x00000000                __STACKSIZE_ABT__ = 0x0
                0x00000000                __STACKSIZE_UND__ = 0x0
                0x00000000                __HEAPSIZE__ = 0x0
                0x0000003c                __EXCEPTION_VECTORS_SIZE__ = 0x3c
                0x40000000                __lpc2000ExceptionVectors_ram_load_start__ = __SRAM_segment_start__

.lpc2000ExceptionVectors_ram
                0x40000000       0x3c
                0x40000000                __lpc2000ExceptionVectors_ram_start__ = .
 *(.lpc2000ExceptionVectors_ram)
                0x4000003c                . = ((__lpc2000ExceptionVectors_ram_start__ + __EXCEPTION_VECTORS_SIZE__) MAX .)
 *fill*         0x40000000       0x3c 00
                0x4000003c                __lpc2000ExceptionVectors_ram_end__ = (__lpc2000ExceptionVectors_ram_start__ + SIZEOF (.lpc2000ExceptionVectors_ram))
                0x00001000                __lpc2000ExceptionVectors_load_start__ = __FLASH_segment_start__

.lpc2000ExceptionVectors
                0x00001000       0x38
                0x00001000                __lpc2000ExceptionVectors_start__ = .
 *(.lpc2000ExceptionVectors .lpc2000ExceptionVectors.*)
 .lpc2000ExceptionVectors
                0x00001000       0x38 ./System/startup/Lpc2000ExceptionVectors.o
                0x00001038                __lpc2000ExceptionVectors_end__ = (__lpc2000ExceptionVectors_start__ + SIZEOF (.lpc2000ExceptionVectors))
                0x00001038                __init_start__ = (__lpc2000ExceptionVectors_end__ ALIGN 0x4)

.init           0x00001038      0x1fc
                0x00001038                __init_start__ = .
 *(.init .init.*)
 *fill*         0x00001038        0x8 00
 .init          0x00001040      0x1b0 ./System/startup/Arm7CStartup.o
                0x00001040                Arm7StartupStart
 .init          0x000011f0       0x44 ./System/startup/Lpc2000ExceptionVectors.o
                0x00001228                _Lpc2000ExceptionVectorsFIQHandler
                0x0000121c                _Lpc2000ExceptionVectorsSoftwareIntHandler
                0x00001224                _Lpc2000ExceptionVectorsAbortDataHandler
                0x00001218                _Lpc2000ExceptionVectorsUndefinedHandler
                0x00001220                _Lpc2000ExceptionVectorsAbortPrefetchHandler
                0x00001234                __init_end__ = (__init_start__ + SIZEOF (.init))
                0x00001234                __text_load_start__ = (__init_end__ ALIGN 0x4)

.text           0x00001234     0xc6f4
                0x00001234                __text_start__ = .
 *(.text .text.* .glue_7t .glue_7 .gnu.linkonce.t.* .gcc_except_table)
 .text          0x00001234      0x13c ./main.o
                0x00001330                _Z14FatFsDiskTimerPv
                0x00001234                main
 .glue_7        0x00001370        0x0 ./main.o
 .glue_7t       0x00001370        0x0 ./main.o
 .text          0x00001370      0x264 ./utils/src/rprintf.o
                0x00001370                rprintf_devopen
                0x000013c0                rprintf
 .glue_7        0x000015d4        0x0 ./utils/src/rprintf.o
 .glue_7t       0x000015d4        0x0 ./utils/src/rprintf.o
 .text          0x000015d4      0x294 ./utils/src/timer.o
                0x000016e8                _ZN5Timer12resetFromISREv
                0x00001778                _ZN5Timer9isRunningEv
                0x00001830                _ZN5TimerC2EPFvPvEm9TimerType
                0x000017f8                _ZN5TimerC1EPFvPvEm9TimerType
                0x00001674                _ZN5Timer19changePeriodFromISREm
                0x00001730                _ZN5Timer12startFromISREv
                0x00001790                _ZN5Timer5resetEv
                0x000015fc                _ZN5Timer4stopEv
                0x000015d4                _ZN5Timer12changePeriodEm
                0x00001624                _ZN5TimerD1Ev
                0x0000164c                _ZN5TimerD2Ev
                0x000017c4                _ZN5Timer5startEv
                0x000016b0                _ZN5Timer11stopFromISREv
 .glue_7        0x00001868        0x0 ./utils/src/timer.o
 .glue_7t       0x00001868        0x0 ./utils/src/timer.o
 .text          0x00001868      0x680 ./tasks/userInterface.o
                0x0000190c                _Z9printLinev
                0x00001868                _Z11getUartLinePc
                0x00001918                _Z6uartUIPv
 .glue_7        0x00001ee8        0x0 ./tasks/userInterface.o
 .glue_7t       0x00001ee8        0x0 ./tasks/userInterface.o
 .text          0x00001ee8      0xcc4 ./fat/diskio.o
                0x000020c0                wait_ready
                0x000029b0                disk_initialize
                0x00001f7c                disk_status
                0x00002620                disk_ioctl
                0x000022d4                getSDCardInfo
                0x000021d0                xmit_datablock
                0x00001ee8                diskio_initializeSPIMutex
                0x0000201c                rcvr_datablock
                0x00001f98                disk_timerproc
                0x00001f60                chk_power
                0x000025f0                power_off
                0x00002290                get_spi
                0x000020fc                send_cmd
                0x000023e8                disk_write
                0x00001ef8                initialize_SdCardSignals
                0x00002250                release_spi
                0x00002500                disk_read
                0x00001f5c                power_on
 .glue_7        0x00002bac        0x0 ./fat/diskio.o
 .glue_7t       0x00002bac        0x0 ./fat/diskio.o
 .text          0x00002bac     0x3514 ./fat/ff.o
                0x00003604                get_fat
                0x0000488c                f_rename
                0x00004d9c                f_truncate
                0x00002bd0                gen_numname
                0x00004c44                f_unlink
                0x00005df0                f_close
                0x000057a8                f_read
                0x00005098                f_readdir
                0x00004b90                f_chmod
                0x00005d08                f_sync
                0x0000604c                f_mount
                0x00005154                f_opendir
                0x0000347c                put_fat
                0x00005220                f_lseek
                0x00005010                f_stat
                0x00002bac                clust2sect
                0x00004ad4                f_utime
                0x00005474                f_write
                0x00005e08                f_open
                0x00005a14                f_mkdir
                0x00004ea0                f_getfree
 .glue_7        0x000060c0        0x0 ./fat/ff.o
 .glue_7t       0x000060c0        0x0 ./fat/ff.o
 .text          0x000060c0      0x15c ./fat/rtc.o
                0x000060e8                rtc_gettime
                0x000060c0                initialize_RTC
                0x000061cc                get_fattime
                0x00006168                rtc_settime
 .glue_7        0x0000621c        0x0 ./fat/rtc.o
 .glue_7t       0x0000621c        0x0 ./fat/rtc.o
 .text          0x0000621c       0xb4 ./fat/option/ccsbcs.o
                0x00006290                ff_wtoupper
                0x0000621c                ff_convert
 .glue_7        0x000062d0        0x0 ./fat/option/ccsbcs.o
 .glue_7t       0x000062d0        0x0 ./fat/option/ccsbcs.o
 .text          0x000062d0       0x60 ./fat/option/reentrant.o
                0x000062d0                ff_del_syncobj
                0x00006310                ff_cre_syncobj
                0x000062d8                ff_rel_grant
                0x000062e8                ff_req_grant
 .glue_7        0x00006330        0x0 ./fat/option/reentrant.o
 .glue_7t       0x00006330        0x0 ./fat/option/reentrant.o
 .text          0x00006330       0x10 ./drivers/ssp_spi.o
                0x00006330                initialize_SSPSPI
                0x0000633c                setSSPSPI_Divider
                0x00006334                rxTxByteSSPSPI
 .glue_7        0x00006340        0x0 ./drivers/ssp_spi.o
 .glue_7t       0x00006340        0x0 ./drivers/ssp_spi.o
 .text          0x00006340      0x468 ./drivers/uart0.o
                0x0000639c                uart0GetChar
                0x00006374                uart0PutCharPolling
                0x00006480                uart0Init
                0x00006340                uart0Deinit
                0x000065c8                uart0ISR
                0x000063cc                uart0PutChar
 .glue_7        0x000067a8        0x0 ./drivers/uart0.o
 .glue_7t       0x000067a8        0x0 ./drivers/uart0.o
 .text          0x000067a8       0xd4 ./drivers/watchdog.o
                0x000067d8                watchdog_Start
                0x000067a8                watchdog_Reset
                0x000067c0                watchdog_Feed
                0x00006820                watchdogDelayUs
                0x00006800                watchdog_Stop
 .glue_7        0x0000687c        0x0 ./drivers/watchdog.o
 .glue_7t       0x0000687c        0x0 ./drivers/watchdog.o
 .text          0x0000687c       0x10 ./System/cppmem.o
                0x00006888                _Znwm
                0x00006880                _ZdlPv
                0x0000687c                _ZdaPv
                0x00006884                _Znam
 .glue_7        0x0000688c        0x0 ./System/cppmem.o
 .glue_7t       0x0000688c        0x0 ./System/cppmem.o
 .text          0x0000688c      0x170 ./System/cpu.o
                0x0000692c                cpuPrintMemoryInfo
                0x0000688c                cpuSetupHardware
 .glue_7        0x000069fc        0x0 ./System/cpu.o
 .glue_7t       0x000069fc        0x0 ./System/cpu.o
 .text          0x000069fc       0xfc ./System/syscalls.o
                0x00006a04                _lseek_r
                0x00006ac8                _kill_r
                0x00006a0c                _fstat_r
                0x00006ae0                _getpid_r
                0x00006a1c                _sbrk_r
                0x00006a88                _read_r
                0x000069fc                _close_r
                0x00006a4c                _write_r
 .glue_7        0x00006af8        0x0 ./System/syscalls.o
 .glue_7t       0x00006af8        0x0 ./System/syscalls.o
 .text          0x00006af8        0x0 ./System/startup/Arm7CStartup.o
 .glue_7        0x00006af8        0x0 ./System/startup/Arm7CStartup.o
 .glue_7t       0x00006af8        0x0 ./System/startup/Arm7CStartup.o
 .text          0x00006af8        0x0 ./System/startup/Lpc2000ExceptionVectors.o
 .glue_7        0x00006af8        0x0 ./System/startup/Lpc2000ExceptionVectors.o
 .glue_7t       0x00006af8        0x0 ./System/startup/Lpc2000ExceptionVectors.o
 .text          0x00006af8       0x9c ./System/startup/exceptionHandlers.o
                0x00006b64                Exception_PrefetchAbort
                0x00006b7c                Exception_UndefinedAddress
                0x00006b34                Exception_FIQHandler
                0x00006b4c                Exception_DataAbort
                0x00006af8                printExceptionInfo
 .glue_7        0x00006b94        0x0 ./System/startup/exceptionHandlers.o
 .glue_7t       0x00006b94        0x0 ./System/startup/exceptionHandlers.o
 .text          0x00006b94        0x0 ./FreeRTOS/src/croutine.o
 .glue_7        0x00006b94        0x0 ./FreeRTOS/src/croutine.o
 .glue_7t       0x00006b94        0x0 ./FreeRTOS/src/croutine.o
 .text          0x00006b94       0xf4 ./FreeRTOS/src/list.o
                0x00006bc4                vListInsertEnd
                0x00006c4c                vListRemove
                0x00006bb8                vListInitialiseItem
                0x00006b94                vListInitialise
                0x00006bf8                vListInsert
 .glue_7        0x00006c88        0x0 ./FreeRTOS/src/list.o
 .glue_7t       0x00006c88        0x0 ./FreeRTOS/src/list.o
 .text          0x00006c88      0x1c0 ./FreeRTOS/src/port.o
                0x00006ddc                xPortStartScheduler
                0x00006dd8                vPortEndScheduler
                0x00006c88                pxPortInitialiseStack
 .glue_7        0x00006e48        0x0 ./FreeRTOS/src/port.o
 .glue_7t       0x00006e48        0x0 ./FreeRTOS/src/port.o
 .text          0x00006e48      0x228 ./FreeRTOS/src/portISR.o
                0x00006f38                vTickISR
                0x00007024                vPortExitCritical
                0x00006e94                vPortYieldProcessor
                0x00006e48                vPortISRStartFirstTask
                0x00006ff8                vPortEnterCritical
 .glue_7        0x00007070        0x0 ./FreeRTOS/src/portISR.o
 .glue_7t       0x00007070        0x0 ./FreeRTOS/src/portISR.o
 .text          0x00007070      0x77c ./FreeRTOS/src/queue.o
                0x00007178                vQueueWaitForMessageRestricted
                0x00007510                xQueueGenericSendFromISR
                0x000071cc                vQueueDelete
                0x00007580                xQueueGenericSend
                0x00007078                ucQueueGetQueueNumber
                0x00007088                ucQueueGetQueueType
                0x000071e8                xQueueReceiveFromISR
                0x00007744                xQueueGenericCreate
                0x00007080                vQueueSetQueueNumber
                0x000070a0                xQueueIsQueueFullFromISR
                0x000070b8                uxQueueMessagesWaiting
                0x00007290                xQueueGenericReceive
                0x00007070                uxQueueMessagesWaitingFromISR
                0x00007090                xQueueIsQueueEmptyFromISR
                0x000076c8                xQueueCreateMutex
 .glue_7        0x000077ec        0x0 ./FreeRTOS/src/queue.o
 .glue_7t       0x000077ec        0x0 ./FreeRTOS/src/queue.o
 .text          0x000077ec     0x13d8 ./FreeRTOS/src/tasks.o
                0x00008524                vTaskGetRunTimeStats
                0x0000886c                vTaskEndScheduler
                0x000081c0                vTaskPlaceOnEventList
                0x000088a0                xTaskGenericCreate
                0x000077ec                xTaskIsTaskSuspended
                0x00007920                uxTaskGetStackHighWaterMark
                0x00007c90                xTaskResumeFromISR
                0x0000789c                runTimeStatISRExit
                0x00007df4                xTaskGetTickCount
                0x00007a9c                xTaskRemoveFromEventList
                0x00007d58                xTaskCheckForTimeOut
                0x00007828                vTaskSuspendAll
                0x00007840                xTaskGetTickCountFromISR
                0x00007994                vTaskPriorityDisinherit
                0x000079fc                vTaskPriorityInherit
                0x00007f54                vTaskResume
                0x00008220                vTaskSwitchContext
                0x00008088                vTaskPlaceOnEventListRestricted
                0x00007914                vTaskSetTaskNumber
                0x00008354                vTaskSuspend
                0x00007850                uxTaskGetNumberOfTasks
                0x00007b34                vTaskIncrementTick
                0x00008790                vTaskList
                0x00007908                uxTaskGetTaskNumber
                0x00008124                vTaskDelayUntil
                0x00007954                xTaskGetCurrentTaskHandle
                0x00007e14                xTaskResumeAll
                0x00008b18                vTaskStartScheduler
                0x000078f4                vTaskMissedYield
                0x00007860                runTimeStatISREntry
                0x000080c8                vTaskDelay
                0x00007964                xTaskGetSchedulerState
                0x000078d4                vTaskSetTimeOutState
 .glue_7        0x00008bc4        0x0 ./FreeRTOS/src/tasks.o
 .glue_7t       0x00008bc4        0x0 ./FreeRTOS/src/tasks.o
 .text          0x00008bc4      0x53c ./FreeRTOS/src/timers.o
                0x00008ce0                xTimerCreate
                0x00008bf0                xTimerGenericCommand
                0x00008d38                xTimerCreateTimerTask
                0x00008bc4                pvTimerGetTimerID
                0x00008bcc                xTimerIsTimerActive
 .glue_7        0x00009100        0x0 ./FreeRTOS/src/timers.o
 .glue_7t       0x00009100        0x0 ./FreeRTOS/src/timers.o
 .text          0x00009100       0x4c ./FreeRTOS/mem/heap_3.o
                0x00009100                vPortFree
                0x00009120                pvPortMalloc
 .glue_7        0x0000914c        0x0 ./FreeRTOS/mem/heap_3.o
 .glue_7t       0x0000914c        0x0 ./FreeRTOS/mem/heap_3.o
 .text          0x0000914c       0x6c ./FreeRTOS/hooks/hooks.o
                0x00009164                vApplicationMallocFailedHook
                0x00009184                vApplicationStackOverflowHook
                0x0000914c                vApplicationIdleHook
 .glue_7        0x000091b8        0x0 ./FreeRTOS/hooks/hooks.o
 .glue_7t       0x000091b8        0x0 ./FreeRTOS/hooks/hooks.o
 .text          0x000091b8      0x110 /cygdrive/c/dev/CmpE146Package/GNUARM/bin/../lib/gcc/arm-elf/4.3.2/libgcc.a(_udivsi3.o)
                0x000091b8                __udivsi3
                0x000091b8                __aeabi_uidiv
                0x000092b0                __aeabi_uidivmod
 .glue_7        0x000092c8        0x0 /cygdrive/c/dev/CmpE146Package/GNUARM/bin/../lib/gcc/arm-elf/4.3.2/libgcc.a(_udivsi3.o)
 .glue_7t       0x000092c8        0x0 /cygdrive/c/dev/CmpE146Package/GNUARM/bin/../lib/gcc/arm-elf/4.3.2/libgcc.a(_udivsi3.o)
 .text          0x000092c8      0x140 /cygdrive/c/dev/CmpE146Package/GNUARM/bin/../lib/gcc/arm-elf/4.3.2/libgcc.a(_divsi3.o)
                0x000092c8                __aeabi_idiv
                0x000092c8                __divsi3
                0x000093f0                __aeabi_idivmod
 .glue_7        0x00009408        0x0 /cygdrive/c/dev/CmpE146Package/GNUARM/bin/../lib/gcc/arm-elf/4.3.2/libgcc.a(_divsi3.o)
 .glue_7t       0x00009408        0x0 /cygdrive/c/dev/CmpE146Package/GNUARM/bin/../lib/gcc/arm-elf/4.3.2/libgcc.a(_divsi3.o)
 .text          0x00009408       0xcc /cygdrive/c/dev/CmpE146Package/GNUARM/bin/../lib/gcc/arm-elf/4.3.2/libgcc.a(_umodsi3.o)
                0x00009408                __umodsi3
 .glue_7        0x000094d4        0x0 /cygdrive/c/dev/CmpE146Package/GNUARM/bin/../lib/gcc/arm-elf/4.3.2/libgcc.a(_umodsi3.o)
 .glue_7t       0x000094d4        0x0 /cygdrive/c/dev/CmpE146Package/GNUARM/bin/../lib/gcc/arm-elf/4.3.2/libgcc.a(_umodsi3.o)
 .text          0x000094d4       0xe4 /cygdrive/c/dev/CmpE146Package/GNUARM/bin/../lib/gcc/arm-elf/4.3.2/libgcc.a(_modsi3.o)
                0x000094d4                __modsi3
 .glue_7        0x000095b8        0x0 /cygdrive/c/dev/CmpE146Package/GNUARM/bin/../lib/gcc/arm-elf/4.3.2/libgcc.a(_modsi3.o)
 .glue_7t       0x000095b8        0x0 /cygdrive/c/dev/CmpE146Package/GNUARM/bin/../lib/gcc/arm-elf/4.3.2/libgcc.a(_modsi3.o)
 .text          0x000095b8        0x4 /cygdrive/c/dev/CmpE146Package/GNUARM/bin/../lib/gcc/arm-elf/4.3.2/libgcc.a(_dvmd_tls.o)
                0x000095b8                __aeabi_ldiv0
                0x000095b8                __div0
                0x000095b8                __aeabi_idiv0
 .glue_7        0x000095bc        0x0 /cygdrive/c/dev/CmpE146Package/GNUARM/bin/../lib/gcc/arm-elf/4.3.2/libgcc.a(_dvmd_tls.o)
 .glue_7t       0x000095bc        0x0 /cygdrive/c/dev/CmpE146Package/GNUARM/bin/../lib/gcc/arm-elf/4.3.2/libgcc.a(_dvmd_tls.o)
 .text          0x000095bc       0x18 /cygdrive/c/dev/CmpE146Package/GNUARM/bin/../lib/gcc/arm-elf/4.3.2/../../../../arm-elf/lib/libc.a(lib_a-atoi.o)
                0x000095bc                _atoi_r
                0x000095c8                atoi
 .glue_7        0x000095d4        0x0 /cygdrive/c/dev/CmpE146Package/GNUARM/bin/../lib/gcc/arm-elf/4.3.2/../../../../arm-elf/lib/libc.a(lib_a-atoi.o)
 .glue_7t       0x000095d4        0x0 /cygdrive/c/dev/CmpE146Package/GNUARM/bin/../lib/gcc/arm-elf/4.3.2/../../../../arm-elf/lib/libc.a(lib_a-atoi.o)
 .text          0x000095d4       0x54 /cygdrive/c/dev/CmpE146Package/GNUARM/bin/../lib/gcc/arm-elf/4.3.2/../../../../arm-elf/lib/libc.a(lib_a-iprintf.o)
                0x000095d4                _iprintf_r
                0x000095f8                iprintf
 .glue_7        0x00009628        0x0 /cygdrive/c/dev/CmpE146Package/GNUARM/bin/../lib/gcc/arm-elf/4.3.2/../../../../arm-elf/lib/libc.a(lib_a-iprintf.o)
 .glue_7t       0x00009628        0x0 /cygdrive/c/dev/CmpE146Package/GNUARM/bin/../lib/gcc/arm-elf/4.3.2/../../../../arm-elf/lib/libc.a(lib_a-iprintf.o)
 .text          0x00009628       0x28 /cygdrive/c/dev/CmpE146Package/GNUARM/bin/../lib/gcc/arm-elf/4.3.2/../../../../arm-elf/lib/libc.a(lib_a-malloc.o)
                0x0000963c                malloc
                0x00009628                free
 .glue_7        0x00009650        0x0 /cygdrive/c/dev/CmpE146Package/GNUARM/bin/../lib/gcc/arm-elf/4.3.2/../../../../arm-elf/lib/libc.a(lib_a-malloc.o)
 .glue_7t       0x00009650        0x0 /cygdrive/c/dev/CmpE146Package/GNUARM/bin/../lib/gcc/arm-elf/4.3.2/../../../../arm-elf/lib/libc.a(lib_a-malloc.o)
 .text          0x00009650      0x734 /cygdrive/c/dev/CmpE146Package/GNUARM/bin/../lib/gcc/arm-elf/4.3.2/../../../../arm-elf/lib/libc.a(lib_a-mallocr.o)
                0x00009650                _malloc_r
 .glue_7        0x00009d84        0x0 /cygdrive/c/dev/CmpE146Package/GNUARM/bin/../lib/gcc/arm-elf/4.3.2/../../../../arm-elf/lib/libc.a(lib_a-mallocr.o)
 .glue_7t       0x00009d84        0x0 /cygdrive/c/dev/CmpE146Package/GNUARM/bin/../lib/gcc/arm-elf/4.3.2/../../../../arm-elf/lib/libc.a(lib_a-mallocr.o)
 .text          0x00009d84       0xac /cygdrive/c/dev/CmpE146Package/GNUARM/bin/../lib/gcc/arm-elf/4.3.2/../../../../arm-elf/lib/libc.a(lib_a-memcmp.o)
                0x00009d84                memcmp
 .glue_7        0x00009e30        0x0 /cygdrive/c/dev/CmpE146Package/GNUARM/bin/../lib/gcc/arm-elf/4.3.2/../../../../arm-elf/lib/libc.a(lib_a-memcmp.o)
 .glue_7t       0x00009e30        0x0 /cygdrive/c/dev/CmpE146Package/GNUARM/bin/../lib/gcc/arm-elf/4.3.2/../../../../arm-elf/lib/libc.a(lib_a-memcmp.o)
 .text          0x00009e30       0xfc /cygdrive/c/dev/CmpE146Package/GNUARM/bin/../lib/gcc/arm-elf/4.3.2/../../../../arm-elf/lib/libc.a(lib_a-memcpy.o)
                0x00009e30                memcpy
 .glue_7        0x00009f2c        0x0 /cygdrive/c/dev/CmpE146Package/GNUARM/bin/../lib/gcc/arm-elf/4.3.2/../../../../arm-elf/lib/libc.a(lib_a-memcpy.o)
 .glue_7t       0x00009f2c        0x0 /cygdrive/c/dev/CmpE146Package/GNUARM/bin/../lib/gcc/arm-elf/4.3.2/../../../../arm-elf/lib/libc.a(lib_a-memcpy.o)
 .text          0x00009f2c       0xd0 /cygdrive/c/dev/CmpE146Package/GNUARM/bin/../lib/gcc/arm-elf/4.3.2/../../../../arm-elf/lib/libc.a(lib_a-memset.o)
                0x00009f2c                memset
 .glue_7        0x00009ffc        0x0 /cygdrive/c/dev/CmpE146Package/GNUARM/bin/../lib/gcc/arm-elf/4.3.2/../../../../arm-elf/lib/libc.a(lib_a-memset.o)
 .glue_7t       0x00009ffc        0x0 /cygdrive/c/dev/CmpE146Package/GNUARM/bin/../lib/gcc/arm-elf/4.3.2/../../../../arm-elf/lib/libc.a(lib_a-memset.o)
 .text          0x00009ffc        0x8 /cygdrive/c/dev/CmpE146Package/GNUARM/bin/../lib/gcc/arm-elf/4.3.2/../../../../arm-elf/lib/libc.a(lib_a-mlock.o)
                0x0000a000                __malloc_unlock
                0x00009ffc                __malloc_lock
 .glue_7        0x0000a004        0x0 /cygdrive/c/dev/CmpE146Package/GNUARM/bin/../lib/gcc/arm-elf/4.3.2/../../../../arm-elf/lib/libc.a(lib_a-mlock.o)
 .glue_7t       0x0000a004        0x0 /cygdrive/c/dev/CmpE146Package/GNUARM/bin/../lib/gcc/arm-elf/4.3.2/../../../../arm-elf/lib/libc.a(lib_a-mlock.o)
 .text          0x0000a004       0xcc /cygdrive/c/dev/CmpE146Package/GNUARM/bin/../lib/gcc/arm-elf/4.3.2/../../../../arm-elf/lib/libc.a(lib_a-siprintf.o)
                0x0000a070                _siprintf_r
                0x0000a004                siprintf
 .glue_7        0x0000a0d0        0x0 /cygdrive/c/dev/CmpE146Package/GNUARM/bin/../lib/gcc/arm-elf/4.3.2/../../../../arm-elf/lib/libc.a(lib_a-siprintf.o)
 .glue_7t       0x0000a0d0        0x0 /cygdrive/c/dev/CmpE146Package/GNUARM/bin/../lib/gcc/arm-elf/4.3.2/../../../../arm-elf/lib/libc.a(lib_a-siprintf.o)
 .text          0x0000a0d0       0xe8 /cygdrive/c/dev/CmpE146Package/GNUARM/bin/../lib/gcc/arm-elf/4.3.2/../../../../arm-elf/lib/libc.a(lib_a-strcmp.o)
                0x0000a0d0                strcmp
 .glue_7        0x0000a1b8        0x0 /cygdrive/c/dev/CmpE146Package/GNUARM/bin/../lib/gcc/arm-elf/4.3.2/../../../../arm-elf/lib/libc.a(lib_a-strcmp.o)
 .glue_7t       0x0000a1b8        0x0 /cygdrive/c/dev/CmpE146Package/GNUARM/bin/../lib/gcc/arm-elf/4.3.2/../../../../arm-elf/lib/libc.a(lib_a-strcmp.o)
 .text          0x0000a1b8       0xb8 /cygdrive/c/dev/CmpE146Package/GNUARM/bin/../lib/gcc/arm-elf/4.3.2/../../../../arm-elf/lib/libc.a(lib_a-strcpy.o)
                0x0000a1b8                strcpy
 .glue_7        0x0000a270        0x0 /cygdrive/c/dev/CmpE146Package/GNUARM/bin/../lib/gcc/arm-elf/4.3.2/../../../../arm-elf/lib/libc.a(lib_a-strcpy.o)
 .glue_7t       0x0000a270        0x0 /cygdrive/c/dev/CmpE146Package/GNUARM/bin/../lib/gcc/arm-elf/4.3.2/../../../../arm-elf/lib/libc.a(lib_a-strcpy.o)
 .text          0x0000a270       0x9c /cygdrive/c/dev/CmpE146Package/GNUARM/bin/../lib/gcc/arm-elf/4.3.2/../../../../arm-elf/lib/libc.a(lib_a-strlen.o)
                0x0000a270                strlen
 .glue_7        0x0000a30c        0x0 /cygdrive/c/dev/CmpE146Package/GNUARM/bin/../lib/gcc/arm-elf/4.3.2/../../../../arm-elf/lib/libc.a(lib_a-strlen.o)
 .glue_7t       0x0000a30c        0x0 /cygdrive/c/dev/CmpE146Package/GNUARM/bin/../lib/gcc/arm-elf/4.3.2/../../../../arm-elf/lib/libc.a(lib_a-strlen.o)
 .text          0x0000a30c      0x10c /cygdrive/c/dev/CmpE146Package/GNUARM/bin/../lib/gcc/arm-elf/4.3.2/../../../../arm-elf/lib/libc.a(lib_a-strncpy.o)
                0x0000a30c                strncpy
 .glue_7        0x0000a418        0x0 /cygdrive/c/dev/CmpE146Package/GNUARM/bin/../lib/gcc/arm-elf/4.3.2/../../../../arm-elf/lib/libc.a(lib_a-strncpy.o)
 .glue_7t       0x0000a418        0x0 /cygdrive/c/dev/CmpE146Package/GNUARM/bin/../lib/gcc/arm-elf/4.3.2/../../../../arm-elf/lib/libc.a(lib_a-strncpy.o)
 .text          0x0000a418       0x18 /cygdrive/c/dev/CmpE146Package/GNUARM/bin/../lib/gcc/arm-elf/4.3.2/../../../../arm-elf/lib/libc.a(lib_a-strtok.o)
                0x0000a418                strtok
 .glue_7        0x0000a430        0x0 /cygdrive/c/dev/CmpE146Package/GNUARM/bin/../lib/gcc/arm-elf/4.3.2/../../../../arm-elf/lib/libc.a(lib_a-strtok.o)
 .glue_7t       0x0000a430        0x0 /cygdrive/c/dev/CmpE146Package/GNUARM/bin/../lib/gcc/arm-elf/4.3.2/../../../../arm-elf/lib/libc.a(lib_a-strtok.o)
 .text          0x0000a430       0xd0 /cygdrive/c/dev/CmpE146Package/GNUARM/bin/../lib/gcc/arm-elf/4.3.2/../../../../arm-elf/lib/libc.a(lib_a-strtok_r.o)
                0x0000a4f8                strtok_r
                0x0000a430                __strtok_r
 .glue_7        0x0000a500        0x0 /cygdrive/c/dev/CmpE146Package/GNUARM/bin/../lib/gcc/arm-elf/4.3.2/../../../../arm-elf/lib/libc.a(lib_a-strtok_r.o)
 .glue_7t       0x0000a500        0x0 /cygdrive/c/dev/CmpE146Package/GNUARM/bin/../lib/gcc/arm-elf/4.3.2/../../../../arm-elf/lib/libc.a(lib_a-strtok_r.o)
 .text          0x0000a500      0x1e0 /cygdrive/c/dev/CmpE146Package/GNUARM/bin/../lib/gcc/arm-elf/4.3.2/../../../../arm-elf/lib/libc.a(lib_a-strtol.o)
                0x0000a6b4                strtol
                0x0000a500                _strtol_r
 .glue_7        0x0000a6e0        0x0 /cygdrive/c/dev/CmpE146Package/GNUARM/bin/../lib/gcc/arm-elf/4.3.2/../../../../arm-elf/lib/libc.a(lib_a-strtol.o)
 .glue_7t       0x0000a6e0        0x0 /cygdrive/c/dev/CmpE146Package/GNUARM/bin/../lib/gcc/arm-elf/4.3.2/../../../../arm-elf/lib/libc.a(lib_a-strtol.o)
 .text          0x0000a6e0      0xff0 /cygdrive/c/dev/CmpE146Package/GNUARM/bin/../lib/gcc/arm-elf/4.3.2/../../../../arm-elf/lib/libc.a(lib_a-vfiprintf.o)
                0x0000b6a4                vfiprintf
                0x0000a710                _vfiprintf_r
 .glue_7        0x0000b6d0        0x0 /cygdrive/c/dev/CmpE146Package/GNUARM/bin/../lib/gcc/arm-elf/4.3.2/../../../../arm-elf/lib/libc.a(lib_a-vfiprintf.o)
 .glue_7t       0x0000b6d0        0x0 /cygdrive/c/dev/CmpE146Package/GNUARM/bin/../lib/gcc/arm-elf/4.3.2/../../../../arm-elf/lib/libc.a(lib_a-vfiprintf.o)
 .text          0x0000b6d0      0x144 /cygdrive/c/dev/CmpE146Package/GNUARM/bin/../lib/gcc/arm-elf/4.3.2/../../../../arm-elf/lib/libc.a(lib_a-wsetup.o)
                0x0000b6d0                __swsetup_r
 .glue_7        0x0000b814        0x0 /cygdrive/c/dev/CmpE146Package/GNUARM/bin/../lib/gcc/arm-elf/4.3.2/../../../../arm-elf/lib/libc.a(lib_a-wsetup.o)
 .glue_7t       0x0000b814        0x0 /cygdrive/c/dev/CmpE146Package/GNUARM/bin/../lib/gcc/arm-elf/4.3.2/../../../../arm-elf/lib/libc.a(lib_a-wsetup.o)
 .text          0x0000b814        0x0 /cygdrive/c/dev/CmpE146Package/GNUARM/bin/../lib/gcc/arm-elf/4.3.2/../../../../arm-elf/lib/libc.a(lib_a-ctype_.o)
 .glue_7        0x0000b814        0x0 /cygdrive/c/dev/CmpE146Package/GNUARM/bin/../lib/gcc/arm-elf/4.3.2/../../../../arm-elf/lib/libc.a(lib_a-ctype_.o)
 .glue_7t       0x0000b814        0x0 /cygdrive/c/dev/CmpE146Package/GNUARM/bin/../lib/gcc/arm-elf/4.3.2/../../../../arm-elf/lib/libc.a(lib_a-ctype_.o)
 .text          0x0000b814      0x1dc /cygdrive/c/dev/CmpE146Package/GNUARM/bin/../lib/gcc/arm-elf/4.3.2/../../../../arm-elf/lib/libc.a(lib_a-fflush.o)
                0x0000b9bc                fflush
                0x0000b814                _fflush_r
 .glue_7        0x0000b9f0        0x0 /cygdrive/c/dev/CmpE146Package/GNUARM/bin/../lib/gcc/arm-elf/4.3.2/../../../../arm-elf/lib/libc.a(lib_a-fflush.o)
 .glue_7t       0x0000b9f0        0x0 /cygdrive/c/dev/CmpE146Package/GNUARM/bin/../lib/gcc/arm-elf/4.3.2/../../../../arm-elf/lib/libc.a(lib_a-fflush.o)
 .text          0x0000b9f0      0x2ac /cygdrive/c/dev/CmpE146Package/GNUARM/bin/../lib/gcc/arm-elf/4.3.2/../../../../arm-elf/lib/libc.a(lib_a-findfp.o)
                0x0000b9f0                __sinit
                0x0000bb80                __sfmoreglue
                0x0000bb68                _cleanup
                0x0000bb5c                _cleanup_r
                0x0000bb44                __fp_lock_all
                0x0000bb0c                __sfp_lock_acquire
                0x0000bbc8                __sfp
                0x0000bb18                __sinit_lock_release
                0x0000bb2c                __fp_unlock_all
                0x0000bb10                __sfp_lock_release
                0x0000bb14                __sinit_lock_acquire
 .glue_7        0x0000bc9c        0x0 /cygdrive/c/dev/CmpE146Package/GNUARM/bin/../lib/gcc/arm-elf/4.3.2/../../../../arm-elf/lib/libc.a(lib_a-findfp.o)
 .glue_7t       0x0000bc9c        0x0 /cygdrive/c/dev/CmpE146Package/GNUARM/bin/../lib/gcc/arm-elf/4.3.2/../../../../arm-elf/lib/libc.a(lib_a-findfp.o)
 .text          0x0000bc9c      0x370 /cygdrive/c/dev/CmpE146Package/GNUARM/bin/../lib/gcc/arm-elf/4.3.2/../../../../arm-elf/lib/libc.a(lib_a-freer.o)
                0x0000bd94                _free_r
                0x0000bc9c                _malloc_trim_r
 .glue_7        0x0000c00c        0x0 /cygdrive/c/dev/CmpE146Package/GNUARM/bin/../lib/gcc/arm-elf/4.3.2/../../../../arm-elf/lib/libc.a(lib_a-freer.o)
 .glue_7t       0x0000c00c        0x0 /cygdrive/c/dev/CmpE146Package/GNUARM/bin/../lib/gcc/arm-elf/4.3.2/../../../../arm-elf/lib/libc.a(lib_a-freer.o)
 .text          0x0000c00c      0x46c /cygdrive/c/dev/CmpE146Package/GNUARM/bin/../lib/gcc/arm-elf/4.3.2/../../../../arm-elf/lib/libc.a(lib_a-fvwrite.o)
                0x0000c00c                __sfvwrite_r
 .glue_7        0x0000c478        0x0 /cygdrive/c/dev/CmpE146Package/GNUARM/bin/../lib/gcc/arm-elf/4.3.2/../../../../arm-elf/lib/libc.a(lib_a-fvwrite.o)
 .glue_7t       0x0000c478        0x0 /cygdrive/c/dev/CmpE146Package/GNUARM/bin/../lib/gcc/arm-elf/4.3.2/../../../../arm-elf/lib/libc.a(lib_a-fvwrite.o)
 .text          0x0000c478      0x10c /cygdrive/c/dev/CmpE146Package/GNUARM/bin/../lib/gcc/arm-elf/4.3.2/../../../../arm-elf/lib/libc.a(lib_a-fwalk.o)
                0x0000c500                _fwalk
                0x0000c478                _fwalk_reent
 .glue_7        0x0000c584        0x0 /cygdrive/c/dev/CmpE146Package/GNUARM/bin/../lib/gcc/arm-elf/4.3.2/../../../../arm-elf/lib/libc.a(lib_a-fwalk.o)
 .glue_7t       0x0000c584        0x0 /cygdrive/c/dev/CmpE146Package/GNUARM/bin/../lib/gcc/arm-elf/4.3.2/../../../../arm-elf/lib/libc.a(lib_a-fwalk.o)
 .text          0x0000c584        0x0 /cygdrive/c/dev/CmpE146Package/GNUARM/bin/../lib/gcc/arm-elf/4.3.2/../../../../arm-elf/lib/libc.a(lib_a-impure.o)
 .glue_7        0x0000c584        0x0 /cygdrive/c/dev/CmpE146Package/GNUARM/bin/../lib/gcc/arm-elf/4.3.2/../../../../arm-elf/lib/libc.a(lib_a-impure.o)
 .glue_7t       0x0000c584        0x0 /cygdrive/c/dev/CmpE146Package/GNUARM/bin/../lib/gcc/arm-elf/4.3.2/../../../../arm-elf/lib/libc.a(lib_a-impure.o)
 .text          0x0000c584      0x164 /cygdrive/c/dev/CmpE146Package/GNUARM/bin/../lib/gcc/arm-elf/4.3.2/../../../../arm-elf/lib/libc.a(lib_a-makebuf.o)
                0x0000c584                __smakebuf_r
 .glue_7        0x0000c6e8        0x0 /cygdrive/c/dev/CmpE146Package/GNUARM/bin/../lib/gcc/arm-elf/4.3.2/../../../../arm-elf/lib/libc.a(lib_a-makebuf.o)
 .glue_7t       0x0000c6e8        0x0 /cygdrive/c/dev/CmpE146Package/GNUARM/bin/../lib/gcc/arm-elf/4.3.2/../../../../arm-elf/lib/libc.a(lib_a-makebuf.o)
 .text          0x0000c6e8      0x118 /cygdrive/c/dev/CmpE146Package/GNUARM/bin/../lib/gcc/arm-elf/4.3.2/../../../../arm-elf/lib/libc.a(lib_a-memchr.o)
                0x0000c6e8                memchr
 .glue_7        0x0000c800        0x0 /cygdrive/c/dev/CmpE146Package/GNUARM/bin/../lib/gcc/arm-elf/4.3.2/../../../../arm-elf/lib/libc.a(lib_a-memchr.o)
 .glue_7t       0x0000c800        0x0 /cygdrive/c/dev/CmpE146Package/GNUARM/bin/../lib/gcc/arm-elf/4.3.2/../../../../arm-elf/lib/libc.a(lib_a-memchr.o)
 .text          0x0000c800      0x144 /cygdrive/c/dev/CmpE146Package/GNUARM/bin/../lib/gcc/arm-elf/4.3.2/../../../../arm-elf/lib/libc.a(lib_a-memmove.o)
                0x0000c800                memmove
 .glue_7        0x0000c944        0x0 /cygdrive/c/dev/CmpE146Package/GNUARM/bin/../lib/gcc/arm-elf/4.3.2/../../../../arm-elf/lib/libc.a(lib_a-memmove.o)
 .glue_7t       0x0000c944        0x0 /cygdrive/c/dev/CmpE146Package/GNUARM/bin/../lib/gcc/arm-elf/4.3.2/../../../../arm-elf/lib/libc.a(lib_a-memmove.o)
 .text          0x0000c944      0x510 /cygdrive/c/dev/CmpE146Package/GNUARM/bin/../lib/gcc/arm-elf/4.3.2/../../../../arm-elf/lib/libc.a(lib_a-reallocr.o)
                0x0000c944                _realloc_r
 .glue_7        0x0000ce54        0x0 /cygdrive/c/dev/CmpE146Package/GNUARM/bin/../lib/gcc/arm-elf/4.3.2/../../../../arm-elf/lib/libc.a(lib_a-reallocr.o)
 .glue_7t       0x0000ce54        0x0 /cygdrive/c/dev/CmpE146Package/GNUARM/bin/../lib/gcc/arm-elf/4.3.2/../../../../arm-elf/lib/libc.a(lib_a-reallocr.o)
 .text          0x0000ce54       0xc0 /cygdrive/c/dev/CmpE146Package/GNUARM/bin/../lib/gcc/arm-elf/4.3.2/../../../../arm-elf/lib/libc.a(lib_a-stdio.o)
                0x0000ce5c                __sseek
                0x0000cee4                __sread
                0x0000ce54                __sclose
                0x0000ce90                __swrite
 .glue_7        0x0000cf14        0x0 /cygdrive/c/dev/CmpE146Package/GNUARM/bin/../lib/gcc/arm-elf/4.3.2/../../../../arm-elf/lib/libc.a(lib_a-stdio.o)
 .glue_7t       0x0000cf14        0x0 /cygdrive/c/dev/CmpE146Package/GNUARM/bin/../lib/gcc/arm-elf/4.3.2/../../../../arm-elf/lib/libc.a(lib_a-stdio.o)
 .text          0x0000cf14      0x8ec /cygdrive/c/dev/CmpE146Package/GNUARM/bin/../lib/gcc/arm-elf/4.3.2/../../../../arm-elf/lib/libc.a(lib_a-syscalls.o)
                0x0000d03c                _getpid
                0x0000cf14                initialise_monitor_handles
                0x0000d40c                isatty
                0x0000d7d0                _fstat
                0x0000d31c                _open
                0x0000d33c                _sbrk
                0x0000d04c                _raise
                0x0000d094                _times
                0x0000d784                _stat
                0x0000d694                _lseek
                0x0000d044                _link
                0x0000d4bc                _swiwrite
                0x0000d110                _rename
                0x0000d5a0                _swilseek
                0x0000d444                _swiclose
                0x0000d23c                _swiopen
                0x0000d1f8                _unlink
                0x0000d4f8                _write
                0x0000cfc8                _kill
                0x0000d050                _gettimeofday
                0x0000d6e0                _read
                0x0000d01c                _exit
                0x0000d168                _system
                0x0000d6a4                _swiread
                0x0000d4ac                _close
 .glue_7        0x0000d800        0x0 /cygdrive/c/dev/CmpE146Package/GNUARM/bin/../lib/gcc/arm-elf/4.3.2/../../../../arm-elf/lib/libc.a(lib_a-syscalls.o)
 .glue_7t       0x0000d800        0x0 /cygdrive/c/dev/CmpE146Package/GNUARM/bin/../lib/gcc/arm-elf/4.3.2/../../../../arm-elf/lib/libc.a(lib_a-syscalls.o)
 .text          0x0000d800       0x10 /cygdrive/c/dev/CmpE146Package/GNUARM/bin/../lib/gcc/arm-elf/4.3.2/../../../../arm-elf/lib/libc.a(lib_a-errno.o)
                0x0000d800                __errno
 .glue_7        0x0000d810        0x0 /cygdrive/c/dev/CmpE146Package/GNUARM/bin/../lib/gcc/arm-elf/4.3.2/../../../../arm-elf/lib/libc.a(lib_a-errno.o)
 .glue_7t       0x0000d810        0x0 /cygdrive/c/dev/CmpE146Package/GNUARM/bin/../lib/gcc/arm-elf/4.3.2/../../../../arm-elf/lib/libc.a(lib_a-errno.o)
 .text          0x0000d810      0x118 /cygdrive/c/dev/CmpE146Package/GNUARM/bin/../lib/gcc/arm-elf/4.3.2/../../../../arm-elf/lib/libc.a(lib_a-fclose.o)
                0x0000d810                _fclose_r
                0x0000d914                fclose
 .glue_7        0x0000d928        0x0 /cygdrive/c/dev/CmpE146Package/GNUARM/bin/../lib/gcc/arm-elf/4.3.2/../../../../arm-elf/lib/libc.a(lib_a-fclose.o)
 .glue_7t       0x0000d928        0x0 /cygdrive/c/dev/CmpE146Package/GNUARM/bin/../lib/gcc/arm-elf/4.3.2/../../../../arm-elf/lib/libc.a(lib_a-fclose.o)
                0x0000d928                __text_end__ = (__text_start__ + SIZEOF (.text))
                0x0000d928                __dtors_load_start__ = (__text_end__ ALIGN 0x4)

.vfp11_veneer   0x00000000        0x0
 .vfp11_veneer  0x00000000        0x0 ./main.o
 .vfp11_veneer  0x00000000        0x0 ./utils/src/rprintf.o
 .vfp11_veneer  0x00000000        0x0 ./utils/src/timer.o
 .vfp11_veneer  0x00000000        0x0 ./tasks/userInterface.o
 .vfp11_veneer  0x00000000        0x0 ./fat/diskio.o
 .vfp11_veneer  0x00000000        0x0 ./fat/ff.o
 .vfp11_veneer  0x00000000        0x0 ./fat/rtc.o
 .vfp11_veneer  0x00000000        0x0 ./fat/option/ccsbcs.o
 .vfp11_veneer  0x00000000        0x0 ./fat/option/reentrant.o
 .vfp11_veneer  0x00000000        0x0 ./drivers/ssp_spi.o
 .vfp11_veneer  0x00000000        0x0 ./drivers/uart0.o
 .vfp11_veneer  0x00000000        0x0 ./drivers/watchdog.o
 .vfp11_veneer  0x00000000        0x0 ./System/cppmem.o
 .vfp11_veneer  0x00000000        0x0 ./System/cpu.o
 .vfp11_veneer  0x00000000        0x0 ./System/syscalls.o
 .vfp11_veneer  0x00000000        0x0 ./System/startup/Arm7CStartup.o
 .vfp11_veneer  0x00000000        0x0 ./System/startup/Lpc2000ExceptionVectors.o
 .vfp11_veneer  0x00000000        0x0 ./System/startup/exceptionHandlers.o
 .vfp11_veneer  0x00000000        0x0 ./FreeRTOS/src/croutine.o
 .vfp11_veneer  0x00000000        0x0 ./FreeRTOS/src/list.o
 .vfp11_veneer  0x00000000        0x0 ./FreeRTOS/src/port.o
 .vfp11_veneer  0x00000000        0x0 ./FreeRTOS/src/portISR.o
 .vfp11_veneer  0x00000000        0x0 ./FreeRTOS/src/queue.o
 .vfp11_veneer  0x00000000        0x0 ./FreeRTOS/src/tasks.o
 .vfp11_veneer  0x00000000        0x0 ./FreeRTOS/src/timers.o
 .vfp11_veneer  0x00000000        0x0 ./FreeRTOS/mem/heap_3.o
 .vfp11_veneer  0x00000000        0x0 ./FreeRTOS/hooks/hooks.o
 .vfp11_veneer  0x00000000        0x0 /cygdrive/c/dev/CmpE146Package/GNUARM/bin/../lib/gcc/arm-elf/4.3.2/libgcc.a(_udivsi3.o)
 .vfp11_veneer  0x00000000        0x0 /cygdrive/c/dev/CmpE146Package/GNUARM/bin/../lib/gcc/arm-elf/4.3.2/libgcc.a(_divsi3.o)
 .vfp11_veneer  0x00000000        0x0 /cygdrive/c/dev/CmpE146Package/GNUARM/bin/../lib/gcc/arm-elf/4.3.2/libgcc.a(_umodsi3.o)
 .vfp11_veneer  0x00000000        0x0 /cygdrive/c/dev/CmpE146Package/GNUARM/bin/../lib/gcc/arm-elf/4.3.2/libgcc.a(_modsi3.o)
 .vfp11_veneer  0x00000000        0x0 /cygdrive/c/dev/CmpE146Package/GNUARM/bin/../lib/gcc/arm-elf/4.3.2/libgcc.a(_dvmd_tls.o)
 .vfp11_veneer  0x00000000        0x0 /cygdrive/c/dev/CmpE146Package/GNUARM/bin/../lib/gcc/arm-elf/4.3.2/../../../../arm-elf/lib/libc.a(lib_a-atoi.o)
 .vfp11_veneer  0x00000000        0x0 /cygdrive/c/dev/CmpE146Package/GNUARM/bin/../lib/gcc/arm-elf/4.3.2/../../../../arm-elf/lib/libc.a(lib_a-iprintf.o)
 .vfp11_veneer  0x00000000        0x0 /cygdrive/c/dev/CmpE146Package/GNUARM/bin/../lib/gcc/arm-elf/4.3.2/../../../../arm-elf/lib/libc.a(lib_a-malloc.o)
 .vfp11_veneer  0x00000000        0x0 /cygdrive/c/dev/CmpE146Package/GNUARM/bin/../lib/gcc/arm-elf/4.3.2/../../../../arm-elf/lib/libc.a(lib_a-mallocr.o)
 .vfp11_veneer  0x00000000        0x0 /cygdrive/c/dev/CmpE146Package/GNUARM/bin/../lib/gcc/arm-elf/4.3.2/../../../../arm-elf/lib/libc.a(lib_a-memcmp.o)
 .vfp11_veneer  0x00000000        0x0 /cygdrive/c/dev/CmpE146Package/GNUARM/bin/../lib/gcc/arm-elf/4.3.2/../../../../arm-elf/lib/libc.a(lib_a-memcpy.o)
 .vfp11_veneer  0x00000000        0x0 /cygdrive/c/dev/CmpE146Package/GNUARM/bin/../lib/gcc/arm-elf/4.3.2/../../../../arm-elf/lib/libc.a(lib_a-memset.o)
 .vfp11_veneer  0x00000000        0x0 /cygdrive/c/dev/CmpE146Package/GNUARM/bin/../lib/gcc/arm-elf/4.3.2/../../../../arm-elf/lib/libc.a(lib_a-mlock.o)
 .vfp11_veneer  0x00000000        0x0 /cygdrive/c/dev/CmpE146Package/GNUARM/bin/../lib/gcc/arm-elf/4.3.2/../../../../arm-elf/lib/libc.a(lib_a-siprintf.o)
 .vfp11_veneer  0x00000000        0x0 /cygdrive/c/dev/CmpE146Package/GNUARM/bin/../lib/gcc/arm-elf/4.3.2/../../../../arm-elf/lib/libc.a(lib_a-strcmp.o)
 .vfp11_veneer  0x00000000        0x0 /cygdrive/c/dev/CmpE146Package/GNUARM/bin/../lib/gcc/arm-elf/4.3.2/../../../../arm-elf/lib/libc.a(lib_a-strcpy.o)
 .vfp11_veneer  0x00000000        0x0 /cygdrive/c/dev/CmpE146Package/GNUARM/bin/../lib/gcc/arm-elf/4.3.2/../../../../arm-elf/lib/libc.a(lib_a-strlen.o)
 .vfp11_veneer  0x00000000        0x0 /cygdrive/c/dev/CmpE146Package/GNUARM/bin/../lib/gcc/arm-elf/4.3.2/../../../../arm-elf/lib/libc.a(lib_a-strncpy.o)
 .vfp11_veneer  0x00000000        0x0 /cygdrive/c/dev/CmpE146Package/GNUARM/bin/../lib/gcc/arm-elf/4.3.2/../../../../arm-elf/lib/libc.a(lib_a-strtok.o)
 .vfp11_veneer  0x00000000        0x0 /cygdrive/c/dev/CmpE146Package/GNUARM/bin/../lib/gcc/arm-elf/4.3.2/../../../../arm-elf/lib/libc.a(lib_a-strtok_r.o)
 .vfp11_veneer  0x00000000        0x0 /cygdrive/c/dev/CmpE146Package/GNUARM/bin/../lib/gcc/arm-elf/4.3.2/../../../../arm-elf/lib/libc.a(lib_a-strtol.o)
 .vfp11_veneer  0x00000000        0x0 /cygdrive/c/dev/CmpE146Package/GNUARM/bin/../lib/gcc/arm-elf/4.3.2/../../../../arm-elf/lib/libc.a(lib_a-vfiprintf.o)
 .vfp11_veneer  0x00000000        0x0 /cygdrive/c/dev/CmpE146Package/GNUARM/bin/../lib/gcc/arm-elf/4.3.2/../../../../arm-elf/lib/libc.a(lib_a-wsetup.o)
 .vfp11_veneer  0x00000000        0x0 /cygdrive/c/dev/CmpE146Package/GNUARM/bin/../lib/gcc/arm-elf/4.3.2/../../../../arm-elf/lib/libc.a(lib_a-ctype_.o)
 .vfp11_veneer  0x00000000        0x0 /cygdrive/c/dev/CmpE146Package/GNUARM/bin/../lib/gcc/arm-elf/4.3.2/../../../../arm-elf/lib/libc.a(lib_a-fflush.o)
 .vfp11_veneer  0x00000000        0x0 /cygdrive/c/dev/CmpE146Package/GNUARM/bin/../lib/gcc/arm-elf/4.3.2/../../../../arm-elf/lib/libc.a(lib_a-findfp.o)
 .vfp11_veneer  0x00000000        0x0 /cygdrive/c/dev/CmpE146Package/GNUARM/bin/../lib/gcc/arm-elf/4.3.2/../../../../arm-elf/lib/libc.a(lib_a-freer.o)
 .vfp11_veneer  0x00000000        0x0 /cygdrive/c/dev/CmpE146Package/GNUARM/bin/../lib/gcc/arm-elf/4.3.2/../../../../arm-elf/lib/libc.a(lib_a-fvwrite.o)
 .vfp11_veneer  0x00000000        0x0 /cygdrive/c/dev/CmpE146Package/GNUARM/bin/../lib/gcc/arm-elf/4.3.2/../../../../arm-elf/lib/libc.a(lib_a-fwalk.o)
 .vfp11_veneer  0x00000000        0x0 /cygdrive/c/dev/CmpE146Package/GNUARM/bin/../lib/gcc/arm-elf/4.3.2/../../../../arm-elf/lib/libc.a(lib_a-impure.o)
 .vfp11_veneer  0x00000000        0x0 /cygdrive/c/dev/CmpE146Package/GNUARM/bin/../lib/gcc/arm-elf/4.3.2/../../../../arm-elf/lib/libc.a(lib_a-makebuf.o)
 .vfp11_veneer  0x00000000        0x0 /cygdrive/c/dev/CmpE146Package/GNUARM/bin/../lib/gcc/arm-elf/4.3.2/../../../../arm-elf/lib/libc.a(lib_a-memchr.o)
 .vfp11_veneer  0x00000000        0x0 /cygdrive/c/dev/CmpE146Package/GNUARM/bin/../lib/gcc/arm-elf/4.3.2/../../../../arm-elf/lib/libc.a(lib_a-memmove.o)
 .vfp11_veneer  0x00000000        0x0 /cygdrive/c/dev/CmpE146Package/GNUARM/bin/../lib/gcc/arm-elf/4.3.2/../../../../arm-elf/lib/libc.a(lib_a-reallocr.o)
 .vfp11_veneer  0x00000000        0x0 /cygdrive/c/dev/CmpE146Package/GNUARM/bin/../lib/gcc/arm-elf/4.3.2/../../../../arm-elf/lib/libc.a(lib_a-stdio.o)
 .vfp11_veneer  0x00000000        0x0 /cygdrive/c/dev/CmpE146Package/GNUARM/bin/../lib/gcc/arm-elf/4.3.2/../../../../arm-elf/lib/libc.a(lib_a-syscalls.o)
 .vfp11_veneer  0x00000000        0x0 /cygdrive/c/dev/CmpE146Package/GNUARM/bin/../lib/gcc/arm-elf/4.3.2/../../../../arm-elf/lib/libc.a(lib_a-errno.o)
 .vfp11_veneer  0x00000000        0x0 /cygdrive/c/dev/CmpE146Package/GNUARM/bin/../lib/gcc/arm-elf/4.3.2/../../../../arm-elf/lib/libc.a(lib_a-fclose.o)

.v4_bx          0x00000000        0x0
 .v4_bx         0x00000000        0x0 ./main.o
 .v4_bx         0x00000000        0x0 ./utils/src/rprintf.o
 .v4_bx         0x00000000        0x0 ./utils/src/timer.o
 .v4_bx         0x00000000        0x0 ./tasks/userInterface.o
 .v4_bx         0x00000000        0x0 ./fat/diskio.o
 .v4_bx         0x00000000        0x0 ./fat/ff.o
 .v4_bx         0x00000000        0x0 ./fat/rtc.o
 .v4_bx         0x00000000        0x0 ./fat/option/ccsbcs.o
 .v4_bx         0x00000000        0x0 ./fat/option/reentrant.o
 .v4_bx         0x00000000        0x0 ./drivers/ssp_spi.o
 .v4_bx         0x00000000        0x0 ./drivers/uart0.o
 .v4_bx         0x00000000        0x0 ./drivers/watchdog.o
 .v4_bx         0x00000000        0x0 ./System/cppmem.o
 .v4_bx         0x00000000        0x0 ./System/cpu.o
 .v4_bx         0x00000000        0x0 ./System/syscalls.o
 .v4_bx         0x00000000        0x0 ./System/startup/Arm7CStartup.o
 .v4_bx         0x00000000        0x0 ./System/startup/Lpc2000ExceptionVectors.o
 .v4_bx         0x00000000        0x0 ./System/startup/exceptionHandlers.o
 .v4_bx         0x00000000        0x0 ./FreeRTOS/src/croutine.o
 .v4_bx         0x00000000        0x0 ./FreeRTOS/src/list.o
 .v4_bx         0x00000000        0x0 ./FreeRTOS/src/port.o
 .v4_bx         0x00000000        0x0 ./FreeRTOS/src/portISR.o
 .v4_bx         0x00000000        0x0 ./FreeRTOS/src/queue.o
 .v4_bx         0x00000000        0x0 ./FreeRTOS/src/tasks.o
 .v4_bx         0x00000000        0x0 ./FreeRTOS/src/timers.o
 .v4_bx         0x00000000        0x0 ./FreeRTOS/mem/heap_3.o
 .v4_bx         0x00000000        0x0 ./FreeRTOS/hooks/hooks.o
 .v4_bx         0x00000000        0x0 /cygdrive/c/dev/CmpE146Package/GNUARM/bin/../lib/gcc/arm-elf/4.3.2/libgcc.a(_udivsi3.o)
 .v4_bx         0x00000000        0x0 /cygdrive/c/dev/CmpE146Package/GNUARM/bin/../lib/gcc/arm-elf/4.3.2/libgcc.a(_divsi3.o)
 .v4_bx         0x00000000        0x0 /cygdrive/c/dev/CmpE146Package/GNUARM/bin/../lib/gcc/arm-elf/4.3.2/libgcc.a(_umodsi3.o)
 .v4_bx         0x00000000        0x0 /cygdrive/c/dev/CmpE146Package/GNUARM/bin/../lib/gcc/arm-elf/4.3.2/libgcc.a(_modsi3.o)
 .v4_bx         0x00000000        0x0 /cygdrive/c/dev/CmpE146Package/GNUARM/bin/../lib/gcc/arm-elf/4.3.2/libgcc.a(_dvmd_tls.o)
 .v4_bx         0x00000000        0x0 /cygdrive/c/dev/CmpE146Package/GNUARM/bin/../lib/gcc/arm-elf/4.3.2/../../../../arm-elf/lib/libc.a(lib_a-atoi.o)
 .v4_bx         0x00000000        0x0 /cygdrive/c/dev/CmpE146Package/GNUARM/bin/../lib/gcc/arm-elf/4.3.2/../../../../arm-elf/lib/libc.a(lib_a-iprintf.o)
 .v4_bx         0x00000000        0x0 /cygdrive/c/dev/CmpE146Package/GNUARM/bin/../lib/gcc/arm-elf/4.3.2/../../../../arm-elf/lib/libc.a(lib_a-malloc.o)
 .v4_bx         0x00000000        0x0 /cygdrive/c/dev/CmpE146Package/GNUARM/bin/../lib/gcc/arm-elf/4.3.2/../../../../arm-elf/lib/libc.a(lib_a-mallocr.o)
 .v4_bx         0x00000000        0x0 /cygdrive/c/dev/CmpE146Package/GNUARM/bin/../lib/gcc/arm-elf/4.3.2/../../../../arm-elf/lib/libc.a(lib_a-memcmp.o)
 .v4_bx         0x00000000        0x0 /cygdrive/c/dev/CmpE146Package/GNUARM/bin/../lib/gcc/arm-elf/4.3.2/../../../../arm-elf/lib/libc.a(lib_a-memcpy.o)
 .v4_bx         0x00000000        0x0 /cygdrive/c/dev/CmpE146Package/GNUARM/bin/../lib/gcc/arm-elf/4.3.2/../../../../arm-elf/lib/libc.a(lib_a-memset.o)
 .v4_bx         0x00000000        0x0 /cygdrive/c/dev/CmpE146Package/GNUARM/bin/../lib/gcc/arm-elf/4.3.2/../../../../arm-elf/lib/libc.a(lib_a-mlock.o)
 .v4_bx         0x00000000        0x0 /cygdrive/c/dev/CmpE146Package/GNUARM/bin/../lib/gcc/arm-elf/4.3.2/../../../../arm-elf/lib/libc.a(lib_a-siprintf.o)
 .v4_bx         0x00000000        0x0 /cygdrive/c/dev/CmpE146Package/GNUARM/bin/../lib/gcc/arm-elf/4.3.2/../../../../arm-elf/lib/libc.a(lib_a-strcmp.o)
 .v4_bx         0x00000000        0x0 /cygdrive/c/dev/CmpE146Package/GNUARM/bin/../lib/gcc/arm-elf/4.3.2/../../../../arm-elf/lib/libc.a(lib_a-strcpy.o)
 .v4_bx         0x00000000        0x0 /cygdrive/c/dev/CmpE146Package/GNUARM/bin/../lib/gcc/arm-elf/4.3.2/../../../../arm-elf/lib/libc.a(lib_a-strlen.o)
 .v4_bx         0x00000000        0x0 /cygdrive/c/dev/CmpE146Package/GNUARM/bin/../lib/gcc/arm-elf/4.3.2/../../../../arm-elf/lib/libc.a(lib_a-strncpy.o)
 .v4_bx         0x00000000        0x0 /cygdrive/c/dev/CmpE146Package/GNUARM/bin/../lib/gcc/arm-elf/4.3.2/../../../../arm-elf/lib/libc.a(lib_a-strtok.o)
 .v4_bx         0x00000000        0x0 /cygdrive/c/dev/CmpE146Package/GNUARM/bin/../lib/gcc/arm-elf/4.3.2/../../../../arm-elf/lib/libc.a(lib_a-strtok_r.o)
 .v4_bx         0x00000000        0x0 /cygdrive/c/dev/CmpE146Package/GNUARM/bin/../lib/gcc/arm-elf/4.3.2/../../../../arm-elf/lib/libc.a(lib_a-strtol.o)
 .v4_bx         0x00000000        0x0 /cygdrive/c/dev/CmpE146Package/GNUARM/bin/../lib/gcc/arm-elf/4.3.2/../../../../arm-elf/lib/libc.a(lib_a-vfiprintf.o)
 .v4_bx         0x00000000        0x0 /cygdrive/c/dev/CmpE146Package/GNUARM/bin/../lib/gcc/arm-elf/4.3.2/../../../../arm-elf/lib/libc.a(lib_a-wsetup.o)
 .v4_bx         0x00000000        0x0 /cygdrive/c/dev/CmpE146Package/GNUARM/bin/../lib/gcc/arm-elf/4.3.2/../../../../arm-elf/lib/libc.a(lib_a-ctype_.o)
 .v4_bx         0x00000000        0x0 /cygdrive/c/dev/CmpE146Package/GNUARM/bin/../lib/gcc/arm-elf/4.3.2/../../../../arm-elf/lib/libc.a(lib_a-fflush.o)
 .v4_bx         0x00000000        0x0 /cygdrive/c/dev/CmpE146Package/GNUARM/bin/../lib/gcc/arm-elf/4.3.2/../../../../arm-elf/lib/libc.a(lib_a-findfp.o)
 .v4_bx         0x00000000        0x0 /cygdrive/c/dev/CmpE146Package/GNUARM/bin/../lib/gcc/arm-elf/4.3.2/../../../../arm-elf/lib/libc.a(lib_a-freer.o)
 .v4_bx         0x00000000        0x0 /cygdrive/c/dev/CmpE146Package/GNUARM/bin/../lib/gcc/arm-elf/4.3.2/../../../../arm-elf/lib/libc.a(lib_a-fvwrite.o)
 .v4_bx         0x00000000        0x0 /cygdrive/c/dev/CmpE146Package/GNUARM/bin/../lib/gcc/arm-elf/4.3.2/../../../../arm-elf/lib/libc.a(lib_a-fwalk.o)
 .v4_bx         0x00000000        0x0 /cygdrive/c/dev/CmpE146Package/GNUARM/bin/../lib/gcc/arm-elf/4.3.2/../../../../arm-elf/lib/libc.a(lib_a-impure.o)
 .v4_bx         0x00000000        0x0 /cygdrive/c/dev/CmpE146Package/GNUARM/bin/../lib/gcc/arm-elf/4.3.2/../../../../arm-elf/lib/libc.a(lib_a-makebuf.o)
 .v4_bx         0x00000000        0x0 /cygdrive/c/dev/CmpE146Package/GNUARM/bin/../lib/gcc/arm-elf/4.3.2/../../../../arm-elf/lib/libc.a(lib_a-memchr.o)
 .v4_bx         0x00000000        0x0 /cygdrive/c/dev/CmpE146Package/GNUARM/bin/../lib/gcc/arm-elf/4.3.2/../../../../arm-elf/lib/libc.a(lib_a-memmove.o)
 .v4_bx         0x00000000        0x0 /cygdrive/c/dev/CmpE146Package/GNUARM/bin/../lib/gcc/arm-elf/4.3.2/../../../../arm-elf/lib/libc.a(lib_a-reallocr.o)
 .v4_bx         0x00000000        0x0 /cygdrive/c/dev/CmpE146Package/GNUARM/bin/../lib/gcc/arm-elf/4.3.2/../../../../arm-elf/lib/libc.a(lib_a-stdio.o)
 .v4_bx         0x00000000        0x0 /cygdrive/c/dev/CmpE146Package/GNUARM/bin/../lib/gcc/arm-elf/4.3.2/../../../../arm-elf/lib/libc.a(lib_a-syscalls.o)
 .v4_bx         0x00000000        0x0 /cygdrive/c/dev/CmpE146Package/GNUARM/bin/../lib/gcc/arm-elf/4.3.2/../../../../arm-elf/lib/libc.a(lib_a-errno.o)
 .v4_bx         0x00000000        0x0 /cygdrive/c/dev/CmpE146Package/GNUARM/bin/../lib/gcc/arm-elf/4.3.2/../../../../arm-elf/lib/libc.a(lib_a-fclose.o)

.dtors          0x0000d928        0x0
                0x0000d928                __dtors_start__ = .
 *(SORT(.dtors.*))
 *(.dtors)
                0x0000d928                __dtors_end__ = (__dtors_start__ + SIZEOF (.dtors))
                0x0000d928                __ctors_load_start__ = (__dtors_end__ ALIGN 0x4)

.ctors          0x0000d928        0x0
                0x0000d928                __ctors_start__ = .
 *(SORT(.ctors.*))
 *(.ctors)
                0x0000d928                __ctors_end__ = (__ctors_start__ + SIZEOF (.ctors))
                0x0000d928                __rodata_load_start__ = (__ctors_end__ ALIGN 0x4)

.rodata         0x0000d928      0xea8
                0x0000d928                __rodata_start__ = .
 *(.rodata .rodata.* .gnu.linkonce.r.*)
 .rodata.str1.1
                0x0000d928       0x84 ./main.o
 .rodata.str1.1
                0x0000d9ac      0x49d ./tasks/userInterface.o
                                0x4a5 (size before relaxing)
 .rodata.str1.1
                0x0000de49       0x10 ./fat/ff.o
 .rodata        0x0000de59       0x8d ./fat/ff.o
 .rodata        0x0000dee6      0x4c0 ./fat/option/ccsbcs.o
 .rodata.str1.1
                0x0000e3a6       0x9d ./System/cpu.o
                                 0xc8 (size before relaxing)
 .rodata.str1.1
                0x0000e443       0x14 ./System/syscalls.o
 .rodata.str1.1
                0x0000e457       0xd6 ./System/startup/exceptionHandlers.o
 .rodata.str1.1
                0x0000e52d       0x80 ./FreeRTOS/src/tasks.o
 .rodata        0x0000e5ad       0x14 ./FreeRTOS/src/tasks.o
 .rodata.str1.1
                0x0000e5c1        0x8 ./FreeRTOS/src/timers.o
 .rodata.str1.1
                0x0000e5c9       0x8d ./FreeRTOS/hooks/hooks.o
 *fill*         0x0000e656        0x2 00
 .rodata.str1.4
                0x0000e658       0x4a /cygdrive/c/dev/CmpE146Package/GNUARM/bin/../lib/gcc/arm-elf/4.3.2/../../../../arm-elf/lib/libc.a(lib_a-vfiprintf.o)
                                 0x4c (size before relaxing)
 .rodata        0x0000e6a2       0x20 /cygdrive/c/dev/CmpE146Package/GNUARM/bin/../lib/gcc/arm-elf/4.3.2/../../../../arm-elf/lib/libc.a(lib_a-vfiprintf.o)
 .rodata        0x0000e6c2      0x101 /cygdrive/c/dev/CmpE146Package/GNUARM/bin/../lib/gcc/arm-elf/4.3.2/../../../../arm-elf/lib/libc.a(lib_a-ctype_.o)
                0x0000e6c2                _ctype_
 *fill*         0x0000e7c3        0x1 00
 .rodata        0x0000e7c4        0x4 /cygdrive/c/dev/CmpE146Package/GNUARM/bin/../lib/gcc/arm-elf/4.3.2/../../../../arm-elf/lib/libc.a(lib_a-impure.o)
                0x0000e7c4                _global_impure_ptr
 .rodata.str1.4
                0x0000e7c8        0x2 /cygdrive/c/dev/CmpE146Package/GNUARM/bin/../lib/gcc/arm-elf/4.3.2/../../../../arm-elf/lib/libc.a(lib_a-impure.o)
                                  0x4 (size before relaxing)
 *fill*         0x0000e7ca        0x2 00
 .rodata.str1.4
                0x0000e7cc        0x4 /cygdrive/c/dev/CmpE146Package/GNUARM/bin/../lib/gcc/arm-elf/4.3.2/../../../../arm-elf/lib/libc.a(lib_a-syscalls.o)
                0x0000e7d0                __rodata_end__ = (__rodata_start__ + SIZEOF (.rodata))
                0x0000e7d0                __symbol_table_start__ = (__rodata_end__ ALIGN 0x4)

.symbol_table   0x0000e7d0        0x0
                0x0000e7d0                __symbol_table_start__ = .
 *(.symbol_table)
                0x0000e7d0                __symbol_table_end__ = (__symbol_table_start__ + SIZEOF (.symbol_table))
                0x0000e7d0                __fast_load_start__ = (__symbol_table_end__ ALIGN 0x4)

.fast           0x4000003c        0x0 load address 0x0000e7d0
                0x4000003c                __fast_start__ = .
 *(.fast .fast.*)
                0x4000003c                __fast_end__ = (__fast_start__ + SIZEOF (.fast))
                0x0000e7d0                __fast_load_end__ = (__fast_load_start__ + SIZEOF (.fast))

.fast_run       0x4000003c        0x0
                0x4000003c                __fast_run_start__ = .
                0x4000003c                . = ((__fast_run_start__ + SIZEOF (.fast)) MAX .)
                0x4000003c                __fast_run_end__ = (__fast_run_start__ + SIZEOF (.fast_run))
                0x0000e7d0                __data_load_start__ = ((__fast_load_start__ + SIZEOF (.fast)) ALIGN 0x4)

.data           0x4000003c      0x828 load address 0x0000e7d0
                0x4000003c                __data_start__ = .
 *(.data .data.* .gnu.linkonce.d.*)
 .data          0x4000003c        0x0 ./main.o
 .data          0x4000003c        0x0 ./utils/src/rprintf.o
 .data          0x4000003c        0x4 ./utils/src/timer.o
 .data          0x40000040        0x0 ./tasks/userInterface.o
 .data          0x40000040        0x1 ./fat/diskio.o
                0x40000040                Stat
 .data          0x40000041        0x0 ./fat/ff.o
 .data          0x40000041        0x0 ./fat/rtc.o
 .data          0x40000041        0x0 ./fat/option/ccsbcs.o
 .data          0x40000041        0x0 ./fat/option/reentrant.o
 .data          0x40000041        0x0 ./drivers/ssp_spi.o
 .data          0x40000041        0x0 ./drivers/uart0.o
 .data          0x40000041        0x0 ./drivers/watchdog.o
 .data          0x40000041        0x0 ./System/cppmem.o
 .data          0x40000041        0x0 ./System/cpu.o
 .data          0x40000041        0x0 ./System/syscalls.o
 .data          0x40000041        0x0 ./System/startup/Arm7CStartup.o
 .data          0x40000041        0x0 ./System/startup/Lpc2000ExceptionVectors.o
 .data          0x40000041        0x0 ./System/startup/exceptionHandlers.o
 .data          0x40000041        0x0 ./FreeRTOS/src/croutine.o
 .data          0x40000041        0x0 ./FreeRTOS/src/list.o
 .data          0x40000041        0x0 ./FreeRTOS/src/port.o
 *fill*         0x40000041        0x3 00
 .data          0x40000044        0x4 ./FreeRTOS/src/portISR.o
                0x40000044                ulCriticalNesting
 .data          0x40000048        0x0 ./FreeRTOS/src/queue.o
 .data          0x40000048        0x4 ./FreeRTOS/src/tasks.o
 .data          0x4000004c        0x0 ./FreeRTOS/src/timers.o
 .data          0x4000004c        0x0 ./FreeRTOS/mem/heap_3.o
 .data          0x4000004c        0x0 ./FreeRTOS/hooks/hooks.o
 .data          0x4000004c        0x0 /cygdrive/c/dev/CmpE146Package/GNUARM/bin/../lib/gcc/arm-elf/4.3.2/libgcc.a(_udivsi3.o)
 .data          0x4000004c        0x0 /cygdrive/c/dev/CmpE146Package/GNUARM/bin/../lib/gcc/arm-elf/4.3.2/libgcc.a(_divsi3.o)
 .data          0x4000004c        0x0 /cygdrive/c/dev/CmpE146Package/GNUARM/bin/../lib/gcc/arm-elf/4.3.2/libgcc.a(_umodsi3.o)
 .data          0x4000004c        0x0 /cygdrive/c/dev/CmpE146Package/GNUARM/bin/../lib/gcc/arm-elf/4.3.2/libgcc.a(_modsi3.o)
 .data          0x4000004c        0x0 /cygdrive/c/dev/CmpE146Package/GNUARM/bin/../lib/gcc/arm-elf/4.3.2/libgcc.a(_dvmd_tls.o)
 .data          0x4000004c        0x0 /cygdrive/c/dev/CmpE146Package/GNUARM/bin/../lib/gcc/arm-elf/4.3.2/../../../../arm-elf/lib/libc.a(lib_a-atoi.o)
 .data          0x4000004c        0x0 /cygdrive/c/dev/CmpE146Package/GNUARM/bin/../lib/gcc/arm-elf/4.3.2/../../../../arm-elf/lib/libc.a(lib_a-iprintf.o)
 .data          0x4000004c        0x0 /cygdrive/c/dev/CmpE146Package/GNUARM/bin/../lib/gcc/arm-elf/4.3.2/../../../../arm-elf/lib/libc.a(lib_a-malloc.o)
 .data          0x4000004c      0x410 /cygdrive/c/dev/CmpE146Package/GNUARM/bin/../lib/gcc/arm-elf/4.3.2/../../../../arm-elf/lib/libc.a(lib_a-mallocr.o)
                0x40000458                __malloc_sbrk_base
                0x4000004c                __malloc_av_
                0x40000454                __malloc_trim_threshold
 .data          0x4000045c        0x0 /cygdrive/c/dev/CmpE146Package/GNUARM/bin/../lib/gcc/arm-elf/4.3.2/../../../../arm-elf/lib/libc.a(lib_a-memcmp.o)
 .data          0x4000045c        0x0 /cygdrive/c/dev/CmpE146Package/GNUARM/bin/../lib/gcc/arm-elf/4.3.2/../../../../arm-elf/lib/libc.a(lib_a-memcpy.o)
 .data          0x4000045c        0x0 /cygdrive/c/dev/CmpE146Package/GNUARM/bin/../lib/gcc/arm-elf/4.3.2/../../../../arm-elf/lib/libc.a(lib_a-memset.o)
 .data          0x4000045c        0x0 /cygdrive/c/dev/CmpE146Package/GNUARM/bin/../lib/gcc/arm-elf/4.3.2/../../../../arm-elf/lib/libc.a(lib_a-mlock.o)
 .data          0x4000045c        0x0 /cygdrive/c/dev/CmpE146Package/GNUARM/bin/../lib/gcc/arm-elf/4.3.2/../../../../arm-elf/lib/libc.a(lib_a-siprintf.o)
 .data          0x4000045c        0x0 /cygdrive/c/dev/CmpE146Package/GNUARM/bin/../lib/gcc/arm-elf/4.3.2/../../../../arm-elf/lib/libc.a(lib_a-strcmp.o)
 .data          0x4000045c        0x0 /cygdrive/c/dev/CmpE146Package/GNUARM/bin/../lib/gcc/arm-elf/4.3.2/../../../../arm-elf/lib/libc.a(lib_a-strcpy.o)
 .data          0x4000045c        0x0 /cygdrive/c/dev/CmpE146Package/GNUARM/bin/../lib/gcc/arm-elf/4.3.2/../../../../arm-elf/lib/libc.a(lib_a-strlen.o)
 .data          0x4000045c        0x0 /cygdrive/c/dev/CmpE146Package/GNUARM/bin/../lib/gcc/arm-elf/4.3.2/../../../../arm-elf/lib/libc.a(lib_a-strncpy.o)
 .data          0x4000045c        0x0 /cygdrive/c/dev/CmpE146Package/GNUARM/bin/../lib/gcc/arm-elf/4.3.2/../../../../arm-elf/lib/libc.a(lib_a-strtok.o)
 .data          0x4000045c        0x0 /cygdrive/c/dev/CmpE146Package/GNUARM/bin/../lib/gcc/arm-elf/4.3.2/../../../../arm-elf/lib/libc.a(lib_a-strtok_r.o)
 .data          0x4000045c        0x0 /cygdrive/c/dev/CmpE146Package/GNUARM/bin/../lib/gcc/arm-elf/4.3.2/../../../../arm-elf/lib/libc.a(lib_a-strtol.o)
 .data          0x4000045c        0x0 /cygdrive/c/dev/CmpE146Package/GNUARM/bin/../lib/gcc/arm-elf/4.3.2/../../../../arm-elf/lib/libc.a(lib_a-vfiprintf.o)
 .data          0x4000045c        0x0 /cygdrive/c/dev/CmpE146Package/GNUARM/bin/../lib/gcc/arm-elf/4.3.2/../../../../arm-elf/lib/libc.a(lib_a-wsetup.o)
 .data          0x4000045c        0x4 /cygdrive/c/dev/CmpE146Package/GNUARM/bin/../lib/gcc/arm-elf/4.3.2/../../../../arm-elf/lib/libc.a(lib_a-ctype_.o)
                0x4000045c                __ctype_ptr
 .data          0x40000460        0x0 /cygdrive/c/dev/CmpE146Package/GNUARM/bin/../lib/gcc/arm-elf/4.3.2/../../../../arm-elf/lib/libc.a(lib_a-fflush.o)
 .data          0x40000460        0x0 /cygdrive/c/dev/CmpE146Package/GNUARM/bin/../lib/gcc/arm-elf/4.3.2/../../../../arm-elf/lib/libc.a(lib_a-findfp.o)
 .data          0x40000460        0x0 /cygdrive/c/dev/CmpE146Package/GNUARM/bin/../lib/gcc/arm-elf/4.3.2/../../../../arm-elf/lib/libc.a(lib_a-freer.o)
 .data          0x40000460        0x0 /cygdrive/c/dev/CmpE146Package/GNUARM/bin/../lib/gcc/arm-elf/4.3.2/../../../../arm-elf/lib/libc.a(lib_a-fvwrite.o)
 .data          0x40000460        0x0 /cygdrive/c/dev/CmpE146Package/GNUARM/bin/../lib/gcc/arm-elf/4.3.2/../../../../arm-elf/lib/libc.a(lib_a-fwalk.o)
 .data          0x40000460      0x404 /cygdrive/c/dev/CmpE146Package/GNUARM/bin/../lib/gcc/arm-elf/4.3.2/../../../../arm-elf/lib/libc.a(lib_a-impure.o)
                0x40000460                _impure_ptr
 .data          0x40000864        0x0 /cygdrive/c/dev/CmpE146Package/GNUARM/bin/../lib/gcc/arm-elf/4.3.2/../../../../arm-elf/lib/libc.a(lib_a-makebuf.o)
 .data          0x40000864        0x0 /cygdrive/c/dev/CmpE146Package/GNUARM/bin/../lib/gcc/arm-elf/4.3.2/../../../../arm-elf/lib/libc.a(lib_a-memchr.o)
 .data          0x40000864        0x0 /cygdrive/c/dev/CmpE146Package/GNUARM/bin/../lib/gcc/arm-elf/4.3.2/../../../../arm-elf/lib/libc.a(lib_a-memmove.o)
 .data          0x40000864        0x0 /cygdrive/c/dev/CmpE146Package/GNUARM/bin/../lib/gcc/arm-elf/4.3.2/../../../../arm-elf/lib/libc.a(lib_a-reallocr.o)
 .data          0x40000864        0x0 /cygdrive/c/dev/CmpE146Package/GNUARM/bin/../lib/gcc/arm-elf/4.3.2/../../../../arm-elf/lib/libc.a(lib_a-stdio.o)
 .data          0x40000864        0x0 /cygdrive/c/dev/CmpE146Package/GNUARM/bin/../lib/gcc/arm-elf/4.3.2/../../../../arm-elf/lib/libc.a(lib_a-syscalls.o)
 .data          0x40000864        0x0 /cygdrive/c/dev/CmpE146Package/GNUARM/bin/../lib/gcc/arm-elf/4.3.2/../../../../arm-elf/lib/libc.a(lib_a-errno.o)
 .data          0x40000864        0x0 /cygdrive/c/dev/CmpE146Package/GNUARM/bin/../lib/gcc/arm-elf/4.3.2/../../../../arm-elf/lib/libc.a(lib_a-fclose.o)
                0x40000864                __data_end__ = (__data_start__ + SIZEOF (.data))
                0x0000eff8                __data_load_end__ = (__data_load_start__ + SIZEOF (.data))

.data_run       0x4000003c      0x828
                0x4000003c                __data_run_start__ = .
                0x40000864                . = ((__data_run_start__ + SIZEOF (.data)) MAX .)
 *fill*         0x4000003c      0x828 00
                0x40000864                __data_run_end__ = (__data_run_start__ + SIZEOF (.data_run))
                0x40000864                __bss_load_start__ = (__data_run_end__ ALIGN 0x4)

.bss            0x40000864      0x225 load address 0x0000eff8
                0x40000864                __bss_start__ = .
 *(.bss .bss.* .gnu.linkonce.b.*)
 .bss           0x40000864        0x4 ./main.o
 .bss           0x40000868        0x4 ./utils/src/rprintf.o
 .bss           0x4000086c        0x0 ./utils/src/timer.o
 .bss           0x4000086c        0x0 ./tasks/userInterface.o
 .bss           0x4000086c        0x1 ./fat/diskio.o
 *fill*         0x4000086d        0x3 00
 .bss           0x40000870        0x8 ./fat/ff.o
 .bss           0x40000878        0x0 ./fat/rtc.o
 .bss           0x40000878        0x0 ./fat/option/ccsbcs.o
 .bss           0x40000878        0x0 ./fat/option/reentrant.o
 .bss           0x40000878        0x0 ./drivers/ssp_spi.o
 .bss           0x40000878        0xc ./drivers/uart0.o
 .bss           0x40000884        0x0 ./drivers/watchdog.o
 .bss           0x40000884        0x0 ./System/cppmem.o
 .bss           0x40000884        0x0 ./System/cpu.o
 .bss           0x40000884        0x4 ./System/syscalls.o
 .bss           0x40000888        0x0 ./System/startup/Arm7CStartup.o
 .bss           0x40000888        0x0 ./System/startup/Lpc2000ExceptionVectors.o
 .bss           0x40000888        0x0 ./System/startup/exceptionHandlers.o
 .bss           0x40000888        0x0 ./FreeRTOS/src/croutine.o
 .bss           0x40000888        0x0 ./FreeRTOS/src/list.o
 .bss           0x40000888        0x0 ./FreeRTOS/src/port.o
 .bss           0x40000888        0x0 ./FreeRTOS/src/portISR.o
 .bss           0x40000888        0x0 ./FreeRTOS/src/queue.o
 .bss           0x40000888       0xdc ./FreeRTOS/src/tasks.o
                0x40000888                pxCurrentTCB
                0x4000088c                ulISROverhead
 .bss           0x40000964       0x38 ./FreeRTOS/src/timers.o
 .bss           0x4000099c        0x0 ./FreeRTOS/mem/heap_3.o
 .bss           0x4000099c        0x0 ./FreeRTOS/hooks/hooks.o
 .bss           0x4000099c        0x0 /cygdrive/c/dev/CmpE146Package/GNUARM/bin/../lib/gcc/arm-elf/4.3.2/libgcc.a(_udivsi3.o)
 .bss           0x4000099c        0x0 /cygdrive/c/dev/CmpE146Package/GNUARM/bin/../lib/gcc/arm-elf/4.3.2/libgcc.a(_divsi3.o)
 .bss           0x4000099c        0x0 /cygdrive/c/dev/CmpE146Package/GNUARM/bin/../lib/gcc/arm-elf/4.3.2/libgcc.a(_umodsi3.o)
 .bss           0x4000099c        0x0 /cygdrive/c/dev/CmpE146Package/GNUARM/bin/../lib/gcc/arm-elf/4.3.2/libgcc.a(_modsi3.o)
 .bss           0x4000099c        0x0 /cygdrive/c/dev/CmpE146Package/GNUARM/bin/../lib/gcc/arm-elf/4.3.2/libgcc.a(_dvmd_tls.o)
 .bss           0x4000099c        0x0 /cygdrive/c/dev/CmpE146Package/GNUARM/bin/../lib/gcc/arm-elf/4.3.2/../../../../arm-elf/lib/libc.a(lib_a-atoi.o)
 .bss           0x4000099c        0x0 /cygdrive/c/dev/CmpE146Package/GNUARM/bin/../lib/gcc/arm-elf/4.3.2/../../../../arm-elf/lib/libc.a(lib_a-iprintf.o)
 .bss           0x4000099c        0x0 /cygdrive/c/dev/CmpE146Package/GNUARM/bin/../lib/gcc/arm-elf/4.3.2/../../../../arm-elf/lib/libc.a(lib_a-malloc.o)
 .bss           0x4000099c       0x34 /cygdrive/c/dev/CmpE146Package/GNUARM/bin/../lib/gcc/arm-elf/4.3.2/../../../../arm-elf/lib/libc.a(lib_a-mallocr.o)
                0x4000099c                __malloc_top_pad
                0x400009a0                __malloc_max_sbrked_mem
                0x400009a8                __malloc_current_mallinfo
                0x400009a4                __malloc_max_total_mem
 .bss           0x400009d0        0x0 /cygdrive/c/dev/CmpE146Package/GNUARM/bin/../lib/gcc/arm-elf/4.3.2/../../../../arm-elf/lib/libc.a(lib_a-memcmp.o)
 .bss           0x400009d0        0x0 /cygdrive/c/dev/CmpE146Package/GNUARM/bin/../lib/gcc/arm-elf/4.3.2/../../../../arm-elf/lib/libc.a(lib_a-memcpy.o)
 .bss           0x400009d0        0x0 /cygdrive/c/dev/CmpE146Package/GNUARM/bin/../lib/gcc/arm-elf/4.3.2/../../../../arm-elf/lib/libc.a(lib_a-memset.o)
 .bss           0x400009d0        0x0 /cygdrive/c/dev/CmpE146Package/GNUARM/bin/../lib/gcc/arm-elf/4.3.2/../../../../arm-elf/lib/libc.a(lib_a-mlock.o)
 .bss           0x400009d0        0x0 /cygdrive/c/dev/CmpE146Package/GNUARM/bin/../lib/gcc/arm-elf/4.3.2/../../../../arm-elf/lib/libc.a(lib_a-siprintf.o)
 .bss           0x400009d0        0x0 /cygdrive/c/dev/CmpE146Package/GNUARM/bin/../lib/gcc/arm-elf/4.3.2/../../../../arm-elf/lib/libc.a(lib_a-strcmp.o)
 .bss           0x400009d0        0x0 /cygdrive/c/dev/CmpE146Package/GNUARM/bin/../lib/gcc/arm-elf/4.3.2/../../../../arm-elf/lib/libc.a(lib_a-strcpy.o)
 .bss           0x400009d0        0x0 /cygdrive/c/dev/CmpE146Package/GNUARM/bin/../lib/gcc/arm-elf/4.3.2/../../../../arm-elf/lib/libc.a(lib_a-strlen.o)
 .bss           0x400009d0        0x0 /cygdrive/c/dev/CmpE146Package/GNUARM/bin/../lib/gcc/arm-elf/4.3.2/../../../../arm-elf/lib/libc.a(lib_a-strncpy.o)
 .bss           0x400009d0        0x0 /cygdrive/c/dev/CmpE146Package/GNUARM/bin/../lib/gcc/arm-elf/4.3.2/../../../../arm-elf/lib/libc.a(lib_a-strtok.o)
 .bss           0x400009d0        0x0 /cygdrive/c/dev/CmpE146Package/GNUARM/bin/../lib/gcc/arm-elf/4.3.2/../../../../arm-elf/lib/libc.a(lib_a-strtok_r.o)
 .bss           0x400009d0        0x0 /cygdrive/c/dev/CmpE146Package/GNUARM/bin/../lib/gcc/arm-elf/4.3.2/../../../../arm-elf/lib/libc.a(lib_a-strtol.o)
 .bss           0x400009d0        0x0 /cygdrive/c/dev/CmpE146Package/GNUARM/bin/../lib/gcc/arm-elf/4.3.2/../../../../arm-elf/lib/libc.a(lib_a-vfiprintf.o)
 .bss           0x400009d0        0x0 /cygdrive/c/dev/CmpE146Package/GNUARM/bin/../lib/gcc/arm-elf/4.3.2/../../../../arm-elf/lib/libc.a(lib_a-wsetup.o)
 .bss           0x400009d0        0x0 /cygdrive/c/dev/CmpE146Package/GNUARM/bin/../lib/gcc/arm-elf/4.3.2/../../../../arm-elf/lib/libc.a(lib_a-ctype_.o)
 .bss           0x400009d0        0x0 /cygdrive/c/dev/CmpE146Package/GNUARM/bin/../lib/gcc/arm-elf/4.3.2/../../../../arm-elf/lib/libc.a(lib_a-fflush.o)
 .bss           0x400009d0        0x0 /cygdrive/c/dev/CmpE146Package/GNUARM/bin/../lib/gcc/arm-elf/4.3.2/../../../../arm-elf/lib/libc.a(lib_a-findfp.o)
 .bss           0x400009d0        0x0 /cygdrive/c/dev/CmpE146Package/GNUARM/bin/../lib/gcc/arm-elf/4.3.2/../../../../arm-elf/lib/libc.a(lib_a-freer.o)
 .bss           0x400009d0        0x0 /cygdrive/c/dev/CmpE146Package/GNUARM/bin/../lib/gcc/arm-elf/4.3.2/../../../../arm-elf/lib/libc.a(lib_a-fvwrite.o)
 .bss           0x400009d0        0x0 /cygdrive/c/dev/CmpE146Package/GNUARM/bin/../lib/gcc/arm-elf/4.3.2/../../../../arm-elf/lib/libc.a(lib_a-fwalk.o)
 .bss           0x400009d0        0x0 /cygdrive/c/dev/CmpE146Package/GNUARM/bin/../lib/gcc/arm-elf/4.3.2/../../../../arm-elf/lib/libc.a(lib_a-impure.o)
 .bss           0x400009d0        0x0 /cygdrive/c/dev/CmpE146Package/GNUARM/bin/../lib/gcc/arm-elf/4.3.2/../../../../arm-elf/lib/libc.a(lib_a-makebuf.o)
 .bss           0x400009d0        0x0 /cygdrive/c/dev/CmpE146Package/GNUARM/bin/../lib/gcc/arm-elf/4.3.2/../../../../arm-elf/lib/libc.a(lib_a-memchr.o)
 .bss           0x400009d0        0x0 /cygdrive/c/dev/CmpE146Package/GNUARM/bin/../lib/gcc/arm-elf/4.3.2/../../../../arm-elf/lib/libc.a(lib_a-memmove.o)
 .bss           0x400009d0        0x0 /cygdrive/c/dev/CmpE146Package/GNUARM/bin/../lib/gcc/arm-elf/4.3.2/../../../../arm-elf/lib/libc.a(lib_a-reallocr.o)
 .bss           0x400009d0        0x0 /cygdrive/c/dev/CmpE146Package/GNUARM/bin/../lib/gcc/arm-elf/4.3.2/../../../../arm-elf/lib/libc.a(lib_a-stdio.o)
 .bss           0x400009d0       0xb0 /cygdrive/c/dev/CmpE146Package/GNUARM/bin/../lib/gcc/arm-elf/4.3.2/../../../../arm-elf/lib/libc.a(lib_a-syscalls.o)
 .bss           0x40000a80        0x0 /cygdrive/c/dev/CmpE146Package/GNUARM/bin/../lib/gcc/arm-elf/4.3.2/../../../../arm-elf/lib/libc.a(lib_a-errno.o)
 .bss           0x40000a80        0x0 /cygdrive/c/dev/CmpE146Package/GNUARM/bin/../lib/gcc/arm-elf/4.3.2/../../../../arm-elf/lib/libc.a(lib_a-fclose.o)
 *(COMMON)
 COMMON         0x40000a80        0x9 ./fat/diskio.o
                0x40000a80                CardType
                0x40000a81                Timer2
                0x40000a84                SPIAccessSemaphore
                0x40000a88                Timer1
                0x40000a89                __bss_end__ = (__bss_start__ + SIZEOF (.bss))
                0x40000a8c                __non_init_load_start__ = (__bss_end__ ALIGN 0x4)

.non_init       0x40000a8c        0x0
                0x40000a8c                __non_init_start__ = .
 *(.non_init .non_init.*)
                0x40000a8c                __non_init_end__ = (__non_init_start__ + SIZEOF (.non_init))
                0x40000a8c                __stack_user_load_start__ = (__non_init_end__ ALIGN 0x4)

.stack          0x40000a8c        0x0
                0x40000a8c                __stack_user_start__ = .
 *(.stack)
                0x40000a8c                . = ((__stack_user_start__ + __STACKSIZE_USER__) MAX .)
                0x40000a8c                __stack_user_end__ = (__stack_user_start__ + SIZEOF (.stack))
                0x40000a8c                __stack_irq_load_start__ = (__stack_user_end__ ALIGN 0x4)

.stack_irq      0x40000a8c      0x200
                0x40000a8c                __stack_irq_start__ = .
 *(.stack_irq)
                0x40000c8c                . = ((__stack_irq_start__ + __STACKSIZE_IRQ__) MAX .)
 *fill*         0x40000a8c      0x200 00
                0x40000c8c                __stack_irq_end__ = (__stack_irq_start__ + SIZEOF (.stack_irq))
                0x40000c8c                __stack_fiq_load_start__ = (__stack_irq_end__ ALIGN 0x4)

.stack_fiq      0x40000c8c       0x40
                0x40000c8c                __stack_fiq_start__ = .
 *(.stack_fiq)
                0x40000ccc                . = ((__stack_fiq_start__ + __STACKSIZE_FIQ__) MAX .)
 *fill*         0x40000c8c       0x40 00
                0x40000ccc                __stack_fiq_end__ = (__stack_fiq_start__ + SIZEOF (.stack_fiq))
                0x40000ccc                __stack_svc_load_start__ = (__stack_fiq_end__ ALIGN 0x4)

.stack_svc      0x40000ccc      0x200
                0x40000ccc                __stack_svc_start__ = .
 *(.stack_svc)
                0x40000ecc                . = ((__stack_svc_start__ + __STACKSIZE_SVC__) MAX .)
 *fill*         0x40000ccc      0x200 00
                0x40000ecc                __stack_svc_end__ = (__stack_svc_start__ + SIZEOF (.stack_svc))
                0x40000ecc                __stack_abt_load_start__ = (__stack_svc_end__ ALIGN 0x4)

.stack_abt      0x40000ecc        0x0
                0x40000ecc                __stack_abt_start__ = .
 *(.stack_abt)
                0x40000ecc                . = ((__stack_abt_start__ + __STACKSIZE_ABT__) MAX .)
                0x40000ecc                __stack_abt_end__ = (__stack_abt_start__ + SIZEOF (.stack_abt))
                0x40000ecc                __stack_und_load_start__ = (__stack_abt_end__ ALIGN 0x4)

.stack_und      0x40000ecc        0x0
                0x40000ecc                __stack_und_start__ = .
 *(.stack_und)
                0x40000ecc                . = ((__stack_und_start__ + __STACKSIZE_UND__) MAX .)
                0x40000ecc                __stack_und_end__ = (__stack_und_start__ + SIZEOF (.stack_und))
                0x40000ecc                __heap_load_start__ = (__stack_und_end__ ALIGN 0x4)

.heap           0x40000ecc        0x0
                0x40000ecc                __heap_start__ = .
 *(.heap)
                0x40000ecc                . = ((__heap_start__ + __HEAPSIZE__) MAX .)
                0x40000ecc                __heap_end__ = (__heap_start__ + SIZEOF (.heap))
                0x40000ecc                end = .
OUTPUT(lpc2148_freertos_cpp_template.elf elf32-littlearm)

.comment        0x00000000      0x414
 .comment       0x00000000       0x12 ./main.o
 .comment       0x00000012       0x12 ./utils/src/rprintf.o
 .comment       0x00000024       0x12 ./utils/src/timer.o
 .comment       0x00000036       0x12 ./tasks/userInterface.o
 .comment       0x00000048       0x12 ./fat/diskio.o
 .comment       0x0000005a       0x12 ./fat/ff.o
 .comment       0x0000006c       0x12 ./fat/rtc.o
 .comment       0x0000007e       0x12 ./fat/option/ccsbcs.o
 .comment       0x00000090       0x12 ./fat/option/reentrant.o
 .comment       0x000000a2       0x12 ./drivers/ssp_spi.o
 .comment       0x000000b4       0x12 ./drivers/uart0.o
 .comment       0x000000c6       0x12 ./drivers/watchdog.o
 .comment       0x000000d8       0x12 ./System/cppmem.o
 .comment       0x000000ea       0x12 ./System/cpu.o
 .comment       0x000000fc       0x12 ./System/syscalls.o
 .comment       0x0000010e       0x12 ./System/startup/exceptionHandlers.o
 .comment       0x00000120       0x12 ./FreeRTOS/src/croutine.o
 .comment       0x00000132       0x12 ./FreeRTOS/src/list.o
 .comment       0x00000144       0x12 ./FreeRTOS/src/port.o
 .comment       0x00000156       0x12 ./FreeRTOS/src/portISR.o
 .comment       0x00000168       0x12 ./FreeRTOS/src/queue.o
 .comment       0x0000017a       0x12 ./FreeRTOS/src/tasks.o
 .comment       0x0000018c       0x12 ./FreeRTOS/src/timers.o
 .comment       0x0000019e       0x12 ./FreeRTOS/mem/heap_3.o
 .comment       0x000001b0       0x12 ./FreeRTOS/hooks/hooks.o
 .comment       0x000001c2       0x12 /cygdrive/c/dev/CmpE146Package/GNUARM/bin/../lib/gcc/arm-elf/4.3.2/../../../../arm-elf/lib/libc.a(lib_a-atoi.o)
 .comment       0x000001d4       0x12 /cygdrive/c/dev/CmpE146Package/GNUARM/bin/../lib/gcc/arm-elf/4.3.2/../../../../arm-elf/lib/libc.a(lib_a-iprintf.o)
 .comment       0x000001e6       0x12 /cygdrive/c/dev/CmpE146Package/GNUARM/bin/../lib/gcc/arm-elf/4.3.2/../../../../arm-elf/lib/libc.a(lib_a-malloc.o)
 .comment       0x000001f8       0x12 /cygdrive/c/dev/CmpE146Package/GNUARM/bin/../lib/gcc/arm-elf/4.3.2/../../../../arm-elf/lib/libc.a(lib_a-mallocr.o)
 .comment       0x0000020a       0x12 /cygdrive/c/dev/CmpE146Package/GNUARM/bin/../lib/gcc/arm-elf/4.3.2/../../../../arm-elf/lib/libc.a(lib_a-memcmp.o)
 .comment       0x0000021c       0x12 /cygdrive/c/dev/CmpE146Package/GNUARM/bin/../lib/gcc/arm-elf/4.3.2/../../../../arm-elf/lib/libc.a(lib_a-memcpy.o)
 .comment       0x0000022e       0x12 /cygdrive/c/dev/CmpE146Package/GNUARM/bin/../lib/gcc/arm-elf/4.3.2/../../../../arm-elf/lib/libc.a(lib_a-memset.o)
 .comment       0x00000240       0x12 /cygdrive/c/dev/CmpE146Package/GNUARM/bin/../lib/gcc/arm-elf/4.3.2/../../../../arm-elf/lib/libc.a(lib_a-mlock.o)
 .comment       0x00000252       0x12 /cygdrive/c/dev/CmpE146Package/GNUARM/bin/../lib/gcc/arm-elf/4.3.2/../../../../arm-elf/lib/libc.a(lib_a-siprintf.o)
 .comment       0x00000264       0x12 /cygdrive/c/dev/CmpE146Package/GNUARM/bin/../lib/gcc/arm-elf/4.3.2/../../../../arm-elf/lib/libc.a(lib_a-strcmp.o)
 .comment       0x00000276       0x12 /cygdrive/c/dev/CmpE146Package/GNUARM/bin/../lib/gcc/arm-elf/4.3.2/../../../../arm-elf/lib/libc.a(lib_a-strcpy.o)
 .comment       0x00000288       0x12 /cygdrive/c/dev/CmpE146Package/GNUARM/bin/../lib/gcc/arm-elf/4.3.2/../../../../arm-elf/lib/libc.a(lib_a-strlen.o)
 .comment       0x0000029a       0x12 /cygdrive/c/dev/CmpE146Package/GNUARM/bin/../lib/gcc/arm-elf/4.3.2/../../../../arm-elf/lib/libc.a(lib_a-strncpy.o)
 .comment       0x000002ac       0x12 /cygdrive/c/dev/CmpE146Package/GNUARM/bin/../lib/gcc/arm-elf/4.3.2/../../../../arm-elf/lib/libc.a(lib_a-strtok.o)
 .comment       0x000002be       0x12 /cygdrive/c/dev/CmpE146Package/GNUARM/bin/../lib/gcc/arm-elf/4.3.2/../../../../arm-elf/lib/libc.a(lib_a-strtok_r.o)
 .comment       0x000002d0       0x12 /cygdrive/c/dev/CmpE146Package/GNUARM/bin/../lib/gcc/arm-elf/4.3.2/../../../../arm-elf/lib/libc.a(lib_a-strtol.o)
 .comment       0x000002e2       0x12 /cygdrive/c/dev/CmpE146Package/GNUARM/bin/../lib/gcc/arm-elf/4.3.2/../../../../arm-elf/lib/libc.a(lib_a-vfiprintf.o)
 .comment       0x000002f4       0x12 /cygdrive/c/dev/CmpE146Package/GNUARM/bin/../lib/gcc/arm-elf/4.3.2/../../../../arm-elf/lib/libc.a(lib_a-wsetup.o)
 .comment       0x00000306       0x12 /cygdrive/c/dev/CmpE146Package/GNUARM/bin/../lib/gcc/arm-elf/4.3.2/../../../../arm-elf/lib/libc.a(lib_a-ctype_.o)
 .comment       0x00000318       0x12 /cygdrive/c/dev/CmpE146Package/GNUARM/bin/../lib/gcc/arm-elf/4.3.2/../../../../arm-elf/lib/libc.a(lib_a-fflush.o)
 .comment       0x0000032a       0x12 /cygdrive/c/dev/CmpE146Package/GNUARM/bin/../lib/gcc/arm-elf/4.3.2/../../../../arm-elf/lib/libc.a(lib_a-findfp.o)
 .comment       0x0000033c       0x12 /cygdrive/c/dev/CmpE146Package/GNUARM/bin/../lib/gcc/arm-elf/4.3.2/../../../../arm-elf/lib/libc.a(lib_a-freer.o)
 .comment       0x0000034e       0x12 /cygdrive/c/dev/CmpE146Package/GNUARM/bin/../lib/gcc/arm-elf/4.3.2/../../../../arm-elf/lib/libc.a(lib_a-fvwrite.o)
 .comment       0x00000360       0x12 /cygdrive/c/dev/CmpE146Package/GNUARM/bin/../lib/gcc/arm-elf/4.3.2/../../../../arm-elf/lib/libc.a(lib_a-fwalk.o)
 .comment       0x00000372       0x12 /cygdrive/c/dev/CmpE146Package/GNUARM/bin/../lib/gcc/arm-elf/4.3.2/../../../../arm-elf/lib/libc.a(lib_a-impure.o)
 .comment       0x00000384       0x12 /cygdrive/c/dev/CmpE146Package/GNUARM/bin/../lib/gcc/arm-elf/4.3.2/../../../../arm-elf/lib/libc.a(lib_a-makebuf.o)
 .comment       0x00000396       0x12 /cygdrive/c/dev/CmpE146Package/GNUARM/bin/../lib/gcc/arm-elf/4.3.2/../../../../arm-elf/lib/libc.a(lib_a-memchr.o)
 .comment       0x000003a8       0x12 /cygdrive/c/dev/CmpE146Package/GNUARM/bin/../lib/gcc/arm-elf/4.3.2/../../../../arm-elf/lib/libc.a(lib_a-memmove.o)
 .comment       0x000003ba       0x12 /cygdrive/c/dev/CmpE146Package/GNUARM/bin/../lib/gcc/arm-elf/4.3.2/../../../../arm-elf/lib/libc.a(lib_a-reallocr.o)
 .comment       0x000003cc       0x12 /cygdrive/c/dev/CmpE146Package/GNUARM/bin/../lib/gcc/arm-elf/4.3.2/../../../../arm-elf/lib/libc.a(lib_a-stdio.o)
 .comment       0x000003de       0x12 /cygdrive/c/dev/CmpE146Package/GNUARM/bin/../lib/gcc/arm-elf/4.3.2/../../../../arm-elf/lib/libc.a(lib_a-syscalls.o)
 .comment       0x000003f0       0x12 /cygdrive/c/dev/CmpE146Package/GNUARM/bin/../lib/gcc/arm-elf/4.3.2/../../../../arm-elf/lib/libc.a(lib_a-errno.o)
 .comment       0x00000402       0x12 /cygdrive/c/dev/CmpE146Package/GNUARM/bin/../lib/gcc/arm-elf/4.3.2/../../../../arm-elf/lib/libc.a(lib_a-fclose.o)

.ARM.attributes
                0x00000000       0x10
 .ARM.attributes
                0x00000000       0x10 ./main.o
 .ARM.attributes
                0x00000010       0x10 ./utils/src/rprintf.o
 .ARM.attributes
                0x00000020       0x10 ./utils/src/timer.o
 .ARM.attributes
                0x00000030       0x10 ./tasks/userInterface.o
 .ARM.attributes
                0x00000040       0x10 ./fat/diskio.o
 .ARM.attributes
                0x00000050       0x10 ./fat/ff.o
 .ARM.attributes
                0x00000060       0x10 ./fat/rtc.o
 .ARM.attributes
                0x00000070       0x10 ./fat/option/ccsbcs.o
 .ARM.attributes
                0x00000080       0x10 ./fat/option/reentrant.o
 .ARM.attributes
                0x00000090       0x10 ./drivers/ssp_spi.o
 .ARM.attributes
                0x000000a0       0x10 ./drivers/uart0.o
 .ARM.attributes
                0x000000b0       0x10 ./drivers/watchdog.o
 .ARM.attributes
                0x000000c0       0x10 ./System/cppmem.o
 .ARM.attributes
                0x000000d0       0x10 ./System/cpu.o
 .ARM.attributes
                0x000000e0       0x10 ./System/syscalls.o
 .ARM.attributes
                0x000000f0       0x10 ./System/startup/Arm7CStartup.o
 .ARM.attributes
                0x00000100       0x10 ./System/startup/Lpc2000ExceptionVectors.o
 .ARM.attributes
                0x00000110       0x10 ./System/startup/exceptionHandlers.o
 .ARM.attributes
                0x00000120       0x10 ./FreeRTOS/src/croutine.o
 .ARM.attributes
                0x00000130       0x10 ./FreeRTOS/src/list.o
 .ARM.attributes
                0x00000140       0x10 ./FreeRTOS/src/port.o
 .ARM.attributes
                0x00000150       0x10 ./FreeRTOS/src/portISR.o
 .ARM.attributes
                0x00000160       0x10 ./FreeRTOS/src/queue.o
 .ARM.attributes
                0x00000170       0x10 ./FreeRTOS/src/tasks.o
 .ARM.attributes
                0x00000180       0x10 ./FreeRTOS/src/timers.o
 .ARM.attributes
                0x00000190       0x10 ./FreeRTOS/mem/heap_3.o
 .ARM.attributes
                0x000001a0       0x10 ./FreeRTOS/hooks/hooks.o
 .ARM.attributes
                0x000001b0       0x10 /cygdrive/c/dev/CmpE146Package/GNUARM/bin/../lib/gcc/arm-elf/4.3.2/libgcc.a(_udivsi3.o)
 .ARM.attributes
                0x000001c0       0x10 /cygdrive/c/dev/CmpE146Package/GNUARM/bin/../lib/gcc/arm-elf/4.3.2/libgcc.a(_divsi3.o)
 .ARM.attributes
                0x000001d0       0x10 /cygdrive/c/dev/CmpE146Package/GNUARM/bin/../lib/gcc/arm-elf/4.3.2/libgcc.a(_umodsi3.o)
 .ARM.attributes
                0x000001e0       0x10 /cygdrive/c/dev/CmpE146Package/GNUARM/bin/../lib/gcc/arm-elf/4.3.2/libgcc.a(_modsi3.o)
 .ARM.attributes
                0x000001f0       0x10 /cygdrive/c/dev/CmpE146Package/GNUARM/bin/../lib/gcc/arm-elf/4.3.2/libgcc.a(_dvmd_tls.o)
 .ARM.attributes
                0x00000200       0x10 /cygdrive/c/dev/CmpE146Package/GNUARM/bin/../lib/gcc/arm-elf/4.3.2/../../../../arm-elf/lib/libc.a(lib_a-atoi.o)
 .ARM.attributes
                0x00000210       0x10 /cygdrive/c/dev/CmpE146Package/GNUARM/bin/../lib/gcc/arm-elf/4.3.2/../../../../arm-elf/lib/libc.a(lib_a-iprintf.o)
 .ARM.attributes
                0x00000220       0x10 /cygdrive/c/dev/CmpE146Package/GNUARM/bin/../lib/gcc/arm-elf/4.3.2/../../../../arm-elf/lib/libc.a(lib_a-malloc.o)
 .ARM.attributes
                0x00000230       0x10 /cygdrive/c/dev/CmpE146Package/GNUARM/bin/../lib/gcc/arm-elf/4.3.2/../../../../arm-elf/lib/libc.a(lib_a-mallocr.o)
 .ARM.attributes
                0x00000240       0x10 /cygdrive/c/dev/CmpE146Package/GNUARM/bin/../lib/gcc/arm-elf/4.3.2/../../../../arm-elf/lib/libc.a(lib_a-memcmp.o)
 .ARM.attributes
                0x00000250       0x10 /cygdrive/c/dev/CmpE146Package/GNUARM/bin/../lib/gcc/arm-elf/4.3.2/../../../../arm-elf/lib/libc.a(lib_a-memcpy.o)
 .ARM.attributes
                0x00000260       0x10 /cygdrive/c/dev/CmpE146Package/GNUARM/bin/../lib/gcc/arm-elf/4.3.2/../../../../arm-elf/lib/libc.a(lib_a-memset.o)
 .ARM.attributes
                0x00000270       0x10 /cygdrive/c/dev/CmpE146Package/GNUARM/bin/../lib/gcc/arm-elf/4.3.2/../../../../arm-elf/lib/libc.a(lib_a-mlock.o)
 .ARM.attributes
                0x00000280       0x10 /cygdrive/c/dev/CmpE146Package/GNUARM/bin/../lib/gcc/arm-elf/4.3.2/../../../../arm-elf/lib/libc.a(lib_a-siprintf.o)
 .ARM.attributes
                0x00000290       0x10 /cygdrive/c/dev/CmpE146Package/GNUARM/bin/../lib/gcc/arm-elf/4.3.2/../../../../arm-elf/lib/libc.a(lib_a-strcmp.o)
 .ARM.attributes
                0x000002a0       0x10 /cygdrive/c/dev/CmpE146Package/GNUARM/bin/../lib/gcc/arm-elf/4.3.2/../../../../arm-elf/lib/libc.a(lib_a-strcpy.o)
 .ARM.attributes
                0x000002b0       0x10 /cygdrive/c/dev/CmpE146Package/GNUARM/bin/../lib/gcc/arm-elf/4.3.2/../../../../arm-elf/lib/libc.a(lib_a-strlen.o)
 .ARM.attributes
                0x000002c0       0x10 /cygdrive/c/dev/CmpE146Package/GNUARM/bin/../lib/gcc/arm-elf/4.3.2/../../../../arm-elf/lib/libc.a(lib_a-strncpy.o)
 .ARM.attributes
                0x000002d0       0x10 /cygdrive/c/dev/CmpE146Package/GNUARM/bin/../lib/gcc/arm-elf/4.3.2/../../../../arm-elf/lib/libc.a(lib_a-strtok.o)
 .ARM.attributes
                0x000002e0       0x10 /cygdrive/c/dev/CmpE146Package/GNUARM/bin/../lib/gcc/arm-elf/4.3.2/../../../../arm-elf/lib/libc.a(lib_a-strtok_r.o)
 .ARM.attributes
                0x000002f0       0x10 /cygdrive/c/dev/CmpE146Package/GNUARM/bin/../lib/gcc/arm-elf/4.3.2/../../../../arm-elf/lib/libc.a(lib_a-strtol.o)
 .ARM.attributes
                0x00000300       0x10 /cygdrive/c/dev/CmpE146Package/GNUARM/bin/../lib/gcc/arm-elf/4.3.2/../../../../arm-elf/lib/libc.a(lib_a-vfiprintf.o)
 .ARM.attributes
                0x00000310       0x10 /cygdrive/c/dev/CmpE146Package/GNUARM/bin/../lib/gcc/arm-elf/4.3.2/../../../../arm-elf/lib/libc.a(lib_a-wsetup.o)
 .ARM.attributes
                0x00000320       0x10 /cygdrive/c/dev/CmpE146Package/GNUARM/bin/../lib/gcc/arm-elf/4.3.2/../../../../arm-elf/lib/libc.a(lib_a-ctype_.o)
 .ARM.attributes
                0x00000330       0x10 /cygdrive/c/dev/CmpE146Package/GNUARM/bin/../lib/gcc/arm-elf/4.3.2/../../../../arm-elf/lib/libc.a(lib_a-fflush.o)
 .ARM.attributes
                0x00000340       0x10 /cygdrive/c/dev/CmpE146Package/GNUARM/bin/../lib/gcc/arm-elf/4.3.2/../../../../arm-elf/lib/libc.a(lib_a-findfp.o)
 .ARM.attributes
                0x00000350       0x10 /cygdrive/c/dev/CmpE146Package/GNUARM/bin/../lib/gcc/arm-elf/4.3.2/../../../../arm-elf/lib/libc.a(lib_a-freer.o)
 .ARM.attributes
                0x00000360       0x10 /cygdrive/c/dev/CmpE146Package/GNUARM/bin/../lib/gcc/arm-elf/4.3.2/../../../../arm-elf/lib/libc.a(lib_a-fvwrite.o)
 .ARM.attributes
                0x00000370       0x10 /cygdrive/c/dev/CmpE146Package/GNUARM/bin/../lib/gcc/arm-elf/4.3.2/../../../../arm-elf/lib/libc.a(lib_a-fwalk.o)
 .ARM.attributes
                0x00000380       0x10 /cygdrive/c/dev/CmpE146Package/GNUARM/bin/../lib/gcc/arm-elf/4.3.2/../../../../arm-elf/lib/libc.a(lib_a-impure.o)
 .ARM.attributes
                0x00000390       0x10 /cygdrive/c/dev/CmpE146Package/GNUARM/bin/../lib/gcc/arm-elf/4.3.2/../../../../arm-elf/lib/libc.a(lib_a-makebuf.o)
 .ARM.attributes
                0x000003a0       0x10 /cygdrive/c/dev/CmpE146Package/GNUARM/bin/../lib/gcc/arm-elf/4.3.2/../../../../arm-elf/lib/libc.a(lib_a-memchr.o)
 .ARM.attributes
                0x000003b0       0x10 /cygdrive/c/dev/CmpE146Package/GNUARM/bin/../lib/gcc/arm-elf/4.3.2/../../../../arm-elf/lib/libc.a(lib_a-memmove.o)
 .ARM.attributes
                0x000003c0       0x10 /cygdrive/c/dev/CmpE146Package/GNUARM/bin/../lib/gcc/arm-elf/4.3.2/../../../../arm-elf/lib/libc.a(lib_a-reallocr.o)