Archive member included because of file (symbol)

/cygdrive/c/Users/Public/Desktop/CmpE146Package/GNUARM/bin/../lib/gcc/arm-elf/4.3.2/libgcc.a(_udivsi3.o)
                              ./utils/src/rprintf.o (__udivsi3)
/cygdrive/c/Users/Public/Desktop/CmpE146Package/GNUARM/bin/../lib/gcc/arm-elf/4.3.2/libgcc.a(_divsi3.o)
                              ./fat/ff.o (__divsi3)
/cygdrive/c/Users/Public/Desktop/CmpE146Package/GNUARM/bin/../lib/gcc/arm-elf/4.3.2/libgcc.a(_umodsi3.o)
                              ./utils/src/rprintf.o (__umodsi3)
/cygdrive/c/Users/Public/Desktop/CmpE146Package/GNUARM/bin/../lib/gcc/arm-elf/4.3.2/libgcc.a(_dvmd_tls.o)
                              /cygdrive/c/Users/Public/Desktop/CmpE146Package/GNUARM/bin/../lib/gcc/arm-elf/4.3.2/libgcc.a(_udivsi3.o) (__div0)
/cygdrive/c/Users/Public/Desktop/CmpE146Package/GNUARM/bin/../lib/gcc/arm-elf/4.3.2/../../../../arm-elf/lib/libc.a(lib_a-atoi.o)
                              ./tasks/userInterface.o (atoi)
/cygdrive/c/Users/Public/Desktop/CmpE146Package/GNUARM/bin/../lib/gcc/arm-elf/4.3.2/../../../../arm-elf/lib/libc.a(lib_a-iprintf.o)
                              ./tasks/userInterface.o (iprintf)
/cygdrive/c/Users/Public/Desktop/CmpE146Package/GNUARM/bin/../lib/gcc/arm-elf/4.3.2/../../../../arm-elf/lib/libc.a(lib_a-malloc.o)
                              ./System/cppmem.o (free)
/cygdrive/c/Users/Public/Desktop/CmpE146Package/GNUARM/bin/../lib/gcc/arm-elf/4.3.2/../../../../arm-elf/lib/libc.a(lib_a-mallocr.o)
                              /cygdrive/c/Users/Public/Desktop/CmpE146Package/GNUARM/bin/../lib/gcc/arm-elf/4.3.2/../../../../arm-elf/lib/libc.a(lib_a-malloc.o) (_malloc_r)
/cygdrive/c/Users/Public/Desktop/CmpE146Package/GNUARM/bin/../lib/gcc/arm-elf/4.3.2/../../../../arm-elf/lib/libc.a(lib_a-memcmp.o)
                              ./FreeRTOS/src/tasks.o (memcmp)
/cygdrive/c/Users/Public/Desktop/CmpE146Package/GNUARM/bin/../lib/gcc/arm-elf/4.3.2/../../../../arm-elf/lib/libc.a(lib_a-memcpy.o)
                              ./tasks/userInterface.o (memcpy)
/cygdrive/c/Users/Public/Desktop/CmpE146Package/GNUARM/bin/../lib/gcc/arm-elf/4.3.2/../../../../arm-elf/lib/libc.a(lib_a-memset.o)
                              ./tasks/userInterface.o (memset)
/cygdrive/c/Users/Public/Desktop/CmpE146Package/GNUARM/bin/../lib/gcc/arm-elf/4.3.2/../../../../arm-elf/lib/libc.a(lib_a-mlock.o)
                              /cygdrive/c/Users/Public/Desktop/CmpE146Package/GNUARM/bin/../lib/gcc/arm-elf/4.3.2/../../../../arm-elf/lib/libc.a(lib_a-mallocr.o) (__malloc_lock)
/cygdrive/c/Users/Public/Desktop/CmpE146Package/GNUARM/bin/../lib/gcc/arm-elf/4.3.2/../../../../arm-elf/lib/libc.a(lib_a-siprintf.o)
                              ./FreeRTOS/src/tasks.o (siprintf)
/cygdrive/c/Users/Public/Desktop/CmpE146Package/GNUARM/bin/../lib/gcc/arm-elf/4.3.2/../../../../arm-elf/lib/libc.a(lib_a-strcmp.o)
                              ./tasks/userInterface.o (strcmp)
/cygdrive/c/Users/Public/Desktop/CmpE146Package/GNUARM/bin/../lib/gcc/arm-elf/4.3.2/../../../../arm-elf/lib/libc.a(lib_a-strcpy.o)
                              ./FreeRTOS/src/tasks.o (strcpy)
/cygdrive/c/Users/Public/Desktop/CmpE146Package/GNUARM/bin/../lib/gcc/arm-elf/4.3.2/../../../../arm-elf/lib/libc.a(lib_a-strlen.o)
                              ./FreeRTOS/src/tasks.o (strlen)
/cygdrive/c/Users/Public/Desktop/CmpE146Package/GNUARM/bin/../lib/gcc/arm-elf/4.3.2/../../../../arm-elf/lib/libc.a(lib_a-strncpy.o)
                              ./FreeRTOS/src/tasks.o (strncpy)
/cygdrive/c/Users/Public/Desktop/CmpE146Package/GNUARM/bin/../lib/gcc/arm-elf/4.3.2/../../../../arm-elf/lib/libc.a(lib_a-strtok.o)
                              ./tasks/userInterface.o (strtok)
/cygdrive/c/Users/Public/Desktop/CmpE146Package/GNUARM/bin/../lib/gcc/arm-elf/4.3.2/../../../../arm-elf/lib/libc.a(lib_a-strtok_r.o)
                              /cygdrive/c/Users/Public/Desktop/CmpE146Package/GNUARM/bin/../lib/gcc/arm-elf/4.3.2/../../../../arm-elf/lib/libc.a(lib_a-strtok.o) (__strtok_r)
/cygdrive/c/Users/Public/Desktop/CmpE146Package/GNUARM/bin/../lib/gcc/arm-elf/4.3.2/../../../../arm-elf/lib/libc.a(lib_a-strtol.o)
                              /cygdrive/c/Users/Public/Desktop/CmpE146Package/GNUARM/bin/../lib/gcc/arm-elf/4.3.2/../../../../arm-elf/lib/libc.a(lib_a-atoi.o) (_strtol_r)
/cygdrive/c/Users/Public/Desktop/CmpE146Package/GNUARM/bin/../lib/gcc/arm-elf/4.3.2/../../../../arm-elf/lib/libc.a(lib_a-vfiprintf.o)
                              /cygdrive/c/Users/Public/Desktop/CmpE146Package/GNUARM/bin/../lib/gcc/arm-elf/4.3.2/../../../../arm-elf/lib/libc.a(lib_a-iprintf.o) (_vfiprintf_r)
/cygdrive/c/Users/Public/Desktop/CmpE146Package/GNUARM/bin/../lib/gcc/arm-elf/4.3.2/../../../../arm-elf/lib/libc.a(lib_a-wsetup.o)
                              /cygdrive/c/Users/Public/Desktop/CmpE146Package/GNUARM/bin/../lib/gcc/arm-elf/4.3.2/../../../../arm-elf/lib/libc.a(lib_a-vfiprintf.o) (__swsetup_r)
[...]
Memory Configuration

Name             Origin             Length             Attributes
FLASH_BOOT       0x00000000         0x00001000         xr
FLASH_APP        0x00001000         0x0007c000         xr
SRAM             0x40000000         0x00008000         xw
USB_DMA_RAM      0x7fd00000         0x00002000         xw
*default*        0x00000000         0xffffffff

Linker script and memory map

LOAD ./main.o
LOAD ./utils/src/rprintf.o
LOAD ./utils/src/timer.o
LOAD ./tasks/userInterface.o
LOAD ./fat/diskio.o
LOAD ./fat/ff.o
LOAD ./fat/rtc.o
LOAD ./fat/option/ccsbcs.o
LOAD ./fat/option/reentrant.o
LOAD ./drivers/i2c.o
LOAD ./drivers/pcm1774.o
LOAD ./drivers/ssp_spi.o
LOAD ./drivers/sta013.o
LOAD ./drivers/uart0.o
LOAD ./drivers/watchdog.o
LOAD ./System/cppmem.o
LOAD ./System/cpu.o
LOAD ./System/syscalls.o
LOAD ./System/startup/Arm7CStartup.o
LOAD ./System/startup/Lpc2000ExceptionVectors.o
LOAD ./System/startup/exceptionHandlers.o
LOAD ./FreeRTOS/src/croutine.o
LOAD ./FreeRTOS/src/list.o
LOAD ./FreeRTOS/src/port.o
LOAD ./FreeRTOS/src/portISR.o
LOAD ./FreeRTOS/src/queue.o
LOAD ./FreeRTOS/src/tasks.o
LOAD ./FreeRTOS/src/timers.o
LOAD ./FreeRTOS/mem/heap_3.o
LOAD ./FreeRTOS/hooks/hooks.o
LOAD /cygdrive/c/Users/Public/Desktop/CmpE146Package/GNUARM/bin/../lib/gcc/arm-elf/4.3.2/../../../../arm-elf/lib/libstdc++.a
LOAD /cygdrive/c/Users/Public/Desktop/CmpE146Package/GNUARM/bin/../lib/gcc/arm-elf/4.3.2/../../../../arm-elf/lib/libm.a
START GROUP
LOAD /cygdrive/c/Users/Public/Desktop/CmpE146Package/GNUARM/bin/../lib/gcc/arm-elf/4.3.2/libgcc.a
LOAD /cygdrive/c/Users/Public/Desktop/CmpE146Package/GNUARM/bin/../lib/gcc/arm-elf/4.3.2/../../../../arm-elf/lib/libc.a
END GROUP
                0x00001000                __FLASH_segment_start__ = 0x1000
                0x40000000                __SRAM_segment_start__ = 0x40000000
                0x00000000                __STACKSIZE_SYS__ = 0x0
                0x00000000                __STACKSIZE_USER__ = 0x0
                0x00000200                __STACKSIZE_IRQ__ = 0x200
                0x00000040                __STACKSIZE_FIQ__ = 0x40
                0x00000200                __STACKSIZE_SVC__ = 0x200
                0x00000000                __STACKSIZE_ABT__ = 0x0
                0x00000000                __STACKSIZE_UND__ = 0x0
                0x00000000                __HEAPSIZE__ = 0x0
                0x0000003c                __EXCEPTION_VECTORS_SIZE__ = 0x3c
                0x40000000                __lpc2000ExceptionVectors_ram_load_start__ = __SRAM_segment_start__

.lpc2000ExceptionVectors_ram
                0x40000000       0x3c
                0x40000000                __lpc2000ExceptionVectors_ram_start__ = .
 *(.lpc2000ExceptionVectors_ram)
                0x4000003c                . = ((__lpc2000ExceptionVectors_ram_start__ + __EXCEPTION_VECTORS_SIZE__) MAX .)
 *fill*         0x40000000       0x3c 00
                0x4000003c                __lpc2000ExceptionVectors_ram_end__ = (__lpc2000ExceptionVectors_ram_start__ + SIZEOF (.lpc2000ExceptionVectors_ram))
                0x00001000                __lpc2000ExceptionVectors_load_start__ = __FLASH_segment_start__

.lpc2000ExceptionVectors
                0x00001000       0x38
                0x00001000                __lpc2000ExceptionVectors_start__ = .
 *(.lpc2000ExceptionVectors .lpc2000ExceptionVectors.*)
 .lpc2000ExceptionVectors
                0x00001000       0x38 ./System/startup/Lpc2000ExceptionVectors.o
                0x00001038                __lpc2000ExceptionVectors_end__ = (__lpc2000ExceptionVectors_start__ + SIZEOF (.lpc2000ExceptionVectors))
                0x00001038                __init_start__ = (__lpc2000ExceptionVectors_end__ ALIGN 0x4)

.init           0x00001038      0x1fc
                0x00001038                __init_start__ = .
 *(.init .init.*)
 *fill*         0x00001038        0x8 00
 .init          0x00001040      0x1b0 ./System/startup/Arm7CStartup.o
                0x00001040                Arm7StartupStart
 .init          0x000011f0       0x44 ./System/startup/Lpc2000ExceptionVectors.o
                0x00001228                _Lpc2000ExceptionVectorsFIQHandler
                0x0000121c                _Lpc2000ExceptionVectorsSoftwareIntHandler
                0x00001224                _Lpc2000ExceptionVectorsAbortDataHandler
                0x00001218                _Lpc2000ExceptionVectorsUndefinedHandler
                0x00001220                _Lpc2000ExceptionVectorsAbortPrefetchHandler
                0x00001234                __init_end__ = (__init_start__ + SIZEOF (.init))
                0x00001234                __text_load_start__ = (__init_end__ ALIGN 0x4)

.text           0x00001234     0xd858
                0x00001234                __text_start__ = .
 *(.text .text.* .glue_7t .glue_7 .gnu.linkonce.t.* .gcc_except_table)
 .text          0x00001234      0x200 ./main.o
                0x000013dc                _Z9blinkTaskPv
                0x0000136c                _Z10button2LEDPv
                0x00001430                _Z14FatFsDiskTimerPv
                0x00001234                main
 .glue_7        0x00001434        0x0 ./main.o
 .glue_7t       0x00001434        0x0 ./main.o
 .text          0x00001434      0x264 ./utils/src/rprintf.o
                0x00001434                rprintf_devopen
                0x00001484                rprintf
 .glue_7        0x00001698        0x0 ./utils/src/rprintf.o
 .glue_7t       0x00001698        0x0 ./utils/src/rprintf.o
 .text          0x00001698      0x294 ./utils/src/timer.o
                0x000017ac                _ZN5Timer12resetFromISREv
                0x0000183c                _ZN5Timer9isRunningEv
                0x000018f4                _ZN5TimerC2EPFvPvEm9TimerType
                0x000018bc                _ZN5TimerC1EPFvPvEm9TimerType
                0x00001738                _ZN5Timer19changePeriodFromISREm
                0x000017f4                _ZN5Timer12startFromISREv
                0x00001854                _ZN5Timer5resetEv
                0x000016c0                _ZN5Timer4stopEv
                0x00001698                _ZN5Timer12changePeriodEm
                0x000016e8                _ZN5TimerD1Ev
                0x00001710                _ZN5TimerD2Ev
                0x00001888                _ZN5Timer5startEv
                0x00001774                _ZN5Timer11stopFromISREv
 .glue_7        0x0000192c        0x0 ./utils/src/timer.o
 .glue_7t       0x0000192c        0x0 ./utils/src/timer.o
 .text          0x0000192c      0x680 ./tasks/userInterface.o
                0x000019d0                _Z9printLinev
                0x0000192c                _Z11getUartLinePc
                0x000019dc                _Z6uartUIPv
 .glue_7        0x00001fac        0x0 ./tasks/userInterface.o
 .glue_7t       0x00001fac        0x0 ./tasks/userInterface.o
 .text          0x00001fac      0xcc4 ./fat/diskio.o
                0x00002184                wait_ready
                0x00002a74                disk_initialize
                0x00002040                disk_status
                0x000026e4                disk_ioctl
                0x00002398                getSDCardInfo
                0x00002294                xmit_datablock
                0x00001fac                diskio_initializeSPIMutex
                0x000020e0                rcvr_datablock
                0x0000205c                disk_timerproc
                0x00002024                chk_power
                0x000026b4                power_off
                0x00002354                get_spi
                0x000021c0                send_cmd
                0x000024ac                disk_write
                0x00001fbc                initialize_SdCardSignals
                0x00002314                release_spi
                0x000025c4                disk_read
                0x00002020                power_on
 .glue_7        0x00002c70        0x0 ./fat/diskio.o
 .glue_7t       0x00002c70        0x0 ./fat/diskio.o
 .text          0x00002c70     0x3514 ./fat/ff.o
                0x000036c8                get_fat
                0x00004950                f_rename
                0x00004e60                f_truncate
                0x00002c94                gen_numname
                0x00004d08                f_unlink
                0x00005eb4                f_close
                0x0000586c                f_read
                0x0000515c                f_readdir
                0x00004c54                f_chmod
                0x00005dcc                f_sync
                0x00006110                f_mount
                0x00005218                f_opendir
                0x00003540                put_fat
                0x000052e4                f_lseek
                0x000050d4                f_stat
                0x00002c70                clust2sect
                0x00004b98                f_utime
                0x00005538                f_write
                0x00005ecc                f_open
                0x00005ad8                f_mkdir
                0x00004f64                f_getfree
 .glue_7        0x00006184        0x0 ./fat/ff.o
 .glue_7t       0x00006184        0x0 ./fat/ff.o
 .text          0x00006184      0x15c ./fat/rtc.o
                0x000061ac                rtc_gettime
                0x00006184                initialize_RTC
                0x00006290                get_fattime
                0x0000622c                rtc_settime
 .glue_7        0x000062e0        0x0 ./fat/rtc.o
 .glue_7t       0x000062e0        0x0 ./fat/rtc.o
 .text          0x000062e0       0xb4 ./fat/option/ccsbcs.o
                0x00006354                ff_wtoupper
                0x000062e0                ff_convert
 .glue_7        0x00006394        0x0 ./fat/option/ccsbcs.o
 .glue_7t       0x00006394        0x0 ./fat/option/ccsbcs.o
 .text          0x00006394       0x60 ./fat/option/reentrant.o
                0x00006394                ff_del_syncobj
                0x000063d4                ff_cre_syncobj
                0x0000639c                ff_rel_grant
                0x000063ac                ff_req_grant
 .glue_7        0x000063f4        0x0 ./fat/option/reentrant.o
 .glue_7t       0x000063f4        0x0 ./fat/option/reentrant.o
 .text          0x000063f4      0x46c ./drivers/i2c.o
                0x000063f4                i2c_StateMachine
                0x00006790                initialize_I2C0
                0x000065c0                i2cWriteDeviceRegister
                0x0000672c                I2C0_ISR
                0x0000665c                i2cReadDeviceRegister
 .glue_7        0x00006860        0x0 ./drivers/i2c.o
 .glue_7t       0x00006860        0x0 ./drivers/i2c.o
 .text          0x00006860      0x748 ./drivers/pcm1774.o
                0x00006960                pcm1774_bassBoost
                0x000068ac                pcm1774_sendByte
                0x00006cd8                pcm1774_LineOutputConfiguration
                0x00006e5c                pcm1774_ConnectDigitalOutputs
                0x00006860                pcm1774_readByte
                0x00006cc8                pcm1774_PowerUpVcom
                0x00006dfc                pcm1774_DigitalInterfaceSelection
                0x00006e2c                pcm1774_DigitalDeEmphasisFilter
                0x00006d90                pcm1774_PowerUpMixer
                0x00006c88                pcm1774_setShortCircuitProtectionRight
                0x00006bbc                pcm1774_redirectAnalogInputToLeftOutput
                0x00006d80                pcm1774_PowerUpAnalogBiasControl
                0x00006f0c                pcm1774_3dSoundEffect
                0x00006b80                pcm1774_redirectAnalogInputToRightOutput
                0x0000688c                pcm1774_readShortCircuitStatusLeft
                0x000069b0                pcm1774_DigitalVolume
                0x00006a40                initialize_pcm1774
                0x000068c0                pcm1774_trebleBoost
                0x00006f50                pcm1774_Reset
                0x00006910                pcm1774_middleBoost
                0x00006dcc                pcm1774_DigitalGainControl
                0x00006c5c                pcm1774_PowerUpGainAmplifierAnalog
                0x00006b34                pcm1774_bitMask
                0x00006d28                pcm1774_PowerUpAnalog
                0x00006d54                pcm1774_PowerUpDAC
                0x00006c30                pcm1774_selectAnalogInput
                0x00006ca8                pcm1774_setShortCircuitProtectionLeft
                0x000069f8                pcm1774_OutputVolume
                0x00006dbc                pcm1774_DigitalOversamplingControl
                0x00006bf8                pcm1774_gainAmplifierAnalogInput
                0x0000686c                pcm1774_readShortCircuitStatusRight
                0x00006e88                pcm1774_LoadDefaultDigitalConfiguration
 .glue_7        0x00006fa8        0x0 ./drivers/pcm1774.o
 .glue_7t       0x00006fa8        0x0 ./drivers/pcm1774.o
 .text          0x00006fa8       0x88 ./drivers/ssp_spi.o
                0x00006fa8                initialize_SSPSPI
                0x0000701c                setSSPSPI_Divider
                0x00006fec                rxTxByteSSPSPI
 .glue_7        0x00007030        0x0 ./drivers/ssp_spi.o
 .glue_7t       0x00007030        0x0 ./drivers/ssp_spi.o
 .text          0x00007030      0x558 ./drivers/sta013.o
                0x00007438                sta013GetAverageBitrate
                0x00007168                sta013SetVolume
                0x0000723c                sta013StopDecoder
                0x000071ec                sta013ResumeDecoder
                0x00007214                sta013PauseDecoder
                0x000073e0                sta013DownloadUpdate
                0x00007274                sta013StartDecoder
                0x0000742c                sta013ReadReg
                0x000074e4                initialize_sta013
                0x00007454                sta013GetMP3Info
                0x00007030                sta013HWReset
                0x000070a4                sta013WriteReg
                0x000070b8                sta013SetTone
 .glue_7        0x00007588        0x0 ./drivers/sta013.o
 .glue_7t       0x00007588        0x0 ./drivers/sta013.o
 .text          0x00007588      0x468 ./drivers/uart0.o
                0x000075e4                uart0GetChar
                0x000075bc                uart0PutCharPolling
                0x000076c8                uart0Init
                0x00007588                uart0Deinit
                0x00007810                uart0ISR
                0x00007614                uart0PutChar
 .glue_7        0x000079f0        0x0 ./drivers/uart0.o
 .glue_7t       0x000079f0        0x0 ./drivers/uart0.o
 .text          0x000079f0       0xd4 ./drivers/watchdog.o
                0x00007a20                watchdog_Start
                0x000079f0                watchdog_Reset
                0x00007a08                watchdog_Feed
                0x00007a68                watchdogDelayUs
                0x00007a48                watchdog_Stop
 .glue_7        0x00007ac4        0x0 ./drivers/watchdog.o
 .glue_7t       0x00007ac4        0x0 ./drivers/watchdog.o
 .text          0x00007ac4       0x10 ./System/cppmem.o
                0x00007ad0                _Znwm
                0x00007ac8                _ZdlPv
                0x00007ac4                _ZdaPv
                0x00007acc                _Znam
 .glue_7        0x00007ad4        0x0 ./System/cppmem.o
 .glue_7t       0x00007ad4        0x0 ./System/cppmem.o
 .text          0x00007ad4      0x170 ./System/cpu.o
                0x00007b74                cpuPrintMemoryInfo
                0x00007ad4                cpuSetupHardware
 .glue_7        0x00007c44        0x0 ./System/cpu.o
 .glue_7t       0x00007c44        0x0 ./System/cpu.o
 .text          0x00007c44       0xfc ./System/syscalls.o
                0x00007c4c                _lseek_r
                0x00007d10                _kill_r
                0x00007c54                _fstat_r
                0x00007d28                _getpid_r
                0x00007c64                _sbrk_r
                0x00007cd0                _read_r
                0x00007c44                _close_r
                0x00007c94                _write_r
 .glue_7        0x00007d40        0x0 ./System/syscalls.o
 .glue_7t       0x00007d40        0x0 ./System/syscalls.o
 .text          0x00007d40        0x0 ./System/startup/Arm7CStartup.o
 .glue_7        0x00007d40        0x0 ./System/startup/Arm7CStartup.o
 .glue_7t       0x00007d40        0x0 ./System/startup/Arm7CStartup.o
 .text          0x00007d40        0x0 ./System/startup/Lpc2000ExceptionVectors.o
 .glue_7        0x00007d40        0x0 ./System/startup/Lpc2000ExceptionVectors.o
 .glue_7t       0x00007d40        0x0 ./System/startup/Lpc2000ExceptionVectors.o
 .text          0x00007d40       0x9c ./System/startup/exceptionHandlers.o
                0x00007dac                Exception_PrefetchAbort
                0x00007dc4                Exception_UndefinedAddress
                0x00007d7c                Exception_FIQHandler
                0x00007d94                Exception_DataAbort
                0x00007d40                printExceptionInfo
 .glue_7        0x00007ddc        0x0 ./System/startup/exceptionHandlers.o
 .glue_7t       0x00007ddc        0x0 ./System/startup/exceptionHandlers.o
 .text          0x00007ddc        0x0 ./FreeRTOS/src/croutine.o
 .glue_7        0x00007ddc        0x0 ./FreeRTOS/src/croutine.o
 .glue_7t       0x00007ddc        0x0 ./FreeRTOS/src/croutine.o
 .text          0x00007ddc       0xf4 ./FreeRTOS/src/list.o
                0x00007e0c                vListInsertEnd
                0x00007e94                vListRemove
                0x00007e00                vListInitialiseItem
                0x00007ddc                vListInitialise
                0x00007e40                vListInsert
 .glue_7        0x00007ed0        0x0 ./FreeRTOS/src/list.o
 .glue_7t       0x00007ed0        0x0 ./FreeRTOS/src/list.o
 .text          0x00007ed0      0x1c0 ./FreeRTOS/src/port.o
                0x00008024                xPortStartScheduler
                0x00008020                vPortEndScheduler
                0x00007ed0                pxPortInitialiseStack
 .glue_7        0x00008090        0x0 ./FreeRTOS/src/port.o
 .glue_7t       0x00008090        0x0 ./FreeRTOS/src/port.o
 .text          0x00008090      0x228 ./FreeRTOS/src/portISR.o
                0x00008180                vTickISR
                0x0000826c                vPortExitCritical
                0x000080dc                vPortYieldProcessor
                0x00008090                vPortISRStartFirstTask
                0x00008240                vPortEnterCritical
 .glue_7        0x000082b8        0x0 ./FreeRTOS/src/portISR.o
 .glue_7t       0x000082b8        0x0 ./FreeRTOS/src/portISR.o
 .text          0x000082b8      0x77c ./FreeRTOS/src/queue.o
                0x000083c0                vQueueWaitForMessageRestricted
                0x00008758                xQueueGenericSendFromISR
                0x00008414                vQueueDelete
                0x000087c8                xQueueGenericSend
                0x000082c0                ucQueueGetQueueNumber
                0x000082d0                ucQueueGetQueueType
                0x00008430                xQueueReceiveFromISR
                0x0000898c                xQueueGenericCreate
                0x000082c8                vQueueSetQueueNumber
                0x000082e8                xQueueIsQueueFullFromISR
                0x00008300                uxQueueMessagesWaiting
                0x000084d8                xQueueGenericReceive
                0x000082b8                uxQueueMessagesWaitingFromISR
                0x000082d8                xQueueIsQueueEmptyFromISR
                0x00008910                xQueueCreateMutex
 .glue_7        0x00008a34        0x0 ./FreeRTOS/src/queue.o
 .glue_7t       0x00008a34        0x0 ./FreeRTOS/src/queue.o
 .text          0x00008a34     0x13d8 ./FreeRTOS/src/tasks.o
                0x0000976c                vTaskGetRunTimeStats
                0x00009ab4                vTaskEndScheduler
                0x00009408                vTaskPlaceOnEventList
                0x00009ae8                xTaskGenericCreate
                0x00008a34                xTaskIsTaskSuspended
                0x00008b68                uxTaskGetStackHighWaterMark
                0x00008ed8                xTaskResumeFromISR
                0x00008ae4                runTimeStatISRExit
                0x0000903c                xTaskGetTickCount
                0x00008ce4                xTaskRemoveFromEventList
                0x00008fa0                xTaskCheckForTimeOut
                0x00008a70                vTaskSuspendAll
                0x00008a88                xTaskGetTickCountFromISR
                0x00008bdc                vTaskPriorityDisinherit
                0x00008c44                vTaskPriorityInherit
                0x0000919c                vTaskResume
                0x00009468                vTaskSwitchContext
                0x000092d0                vTaskPlaceOnEventListRestricted
                0x00008b5c                vTaskSetTaskNumber
                0x0000959c                vTaskSuspend
                0x00008a98                uxTaskGetNumberOfTasks
                0x00008d7c                vTaskIncrementTick
                0x000099d8                vTaskList
                0x00008b50                uxTaskGetTaskNumber
                0x0000936c                vTaskDelayUntil
                0x00008b9c                xTaskGetCurrentTaskHandle
                0x0000905c                xTaskResumeAll
                0x00009d60                vTaskStartScheduler
                0x00008b3c                vTaskMissedYield
                0x00008aa8                runTimeStatISREntry
                0x00009310                vTaskDelay
                0x00008bac                xTaskGetSchedulerState
                0x00008b1c                vTaskSetTimeOutState
 .glue_7        0x00009e0c        0x0 ./FreeRTOS/src/tasks.o
 .glue_7t       0x00009e0c        0x0 ./FreeRTOS/src/tasks.o
 .text          0x00009e0c      0x53c ./FreeRTOS/src/timers.o
                0x00009f28                xTimerCreate
                0x00009e38                xTimerGenericCommand
                0x00009f80                xTimerCreateTimerTask
                0x00009e0c                pvTimerGetTimerID
                0x00009e14                xTimerIsTimerActive
 .glue_7        0x0000a348        0x0 ./FreeRTOS/src/timers.o
 .glue_7t       0x0000a348        0x0 ./FreeRTOS/src/timers.o
 .text          0x0000a348       0x4c ./FreeRTOS/mem/heap_3.o
                0x0000a348                vPortFree
                0x0000a368                pvPortMalloc
 .glue_7        0x0000a394        0x0 ./FreeRTOS/mem/heap_3.o
 .glue_7t       0x0000a394        0x0 ./FreeRTOS/mem/heap_3.o
 .text          0x0000a394       0x6c ./FreeRTOS/hooks/hooks.o
                0x0000a3ac                vApplicationMallocFailedHook
                0x0000a3cc                vApplicationStackOverflowHook
                0x0000a394                vApplicationIdleHook
 .glue_7        0x0000a400        0x0 ./FreeRTOS/hooks/hooks.o
 .glue_7t       0x0000a400        0x0 ./FreeRTOS/hooks/hooks.o
 .text          0x0000a400      0x110 /cygdrive/c/Users/Public/Desktop/CmpE146Package/GNUARM/bin/../lib/gcc/arm-elf/4.3.2/libgcc.a(_udivsi3.o)
                0x0000a400                __udivsi3
                0x0000a400                __aeabi_uidiv
                0x0000a4f8                __aeabi_uidivmod
 .glue_7        0x0000a510        0x0 /cygdrive/c/Users/Public/Desktop/CmpE146Package/GNUARM/bin/../lib/gcc/arm-elf/4.3.2/libgcc.a(_udivsi3.o)
 .glue_7t       0x0000a510        0x0 /cygdrive/c/Users/Public/Desktop/CmpE146Package/GNUARM/bin/../lib/gcc/arm-elf/4.3.2/libgcc.a(_udivsi3.o)
 .text          0x0000a510      0x140 /cygdrive/c/Users/Public/Desktop/CmpE146Package/GNUARM/bin/../lib/gcc/arm-elf/4.3.2/libgcc.a(_divsi3.o)
                0x0000a510                __aeabi_idiv
                0x0000a510                __divsi3
                0x0000a638                __aeabi_idivmod
 .glue_7        0x0000a650        0x0 /cygdrive/c/Users/Public/Desktop/CmpE146Package/GNUARM/bin/../lib/gcc/arm-elf/4.3.2/libgcc.a(_divsi3.o)
 .glue_7t       0x0000a650        0x0 /cygdrive/c/Users/Public/Desktop/CmpE146Package/GNUARM/bin/../lib/gcc/arm-elf/4.3.2/libgcc.a(_divsi3.o)
 .text          0x0000a650       0xcc /cygdrive/c/Users/Public/Desktop/CmpE146Package/GNUARM/bin/../lib/gcc/arm-elf/4.3.2/libgcc.a(_umodsi3.o)
                0x0000a650                __umodsi3
 .glue_7        0x0000a71c        0x0 /cygdrive/c/Users/Public/Desktop/CmpE146Package/GNUARM/bin/../lib/gcc/arm-elf/4.3.2/libgcc.a(_umodsi3.o)
 .glue_7t       0x0000a71c        0x0 /cygdrive/c/Users/Public/Desktop/CmpE146Package/GNUARM/bin/../lib/gcc/arm-elf/4.3.2/libgcc.a(_umodsi3.o)
 .text          0x0000a71c        0x4 /cygdrive/c/Users/Public/Desktop/CmpE146Package/GNUARM/bin/../lib/gcc/arm-elf/4.3.2/libgcc.a(_dvmd_tls.o)
                0x0000a71c                __aeabi_ldiv0
                0x0000a71c                __div0
                0x0000a71c                __aeabi_idiv0
 .glue_7        0x0000a720        0x0 /cygdrive/c/Users/Public/Desktop/CmpE146Package/GNUARM/bin/../lib/gcc/arm-elf/4.3.2/libgcc.a(_dvmd_tls.o)
 .glue_7t       0x0000a720        0x0 /cygdrive/c/Users/Public/Desktop/CmpE146Package/GNUARM/bin/../lib/gcc/arm-elf/4.3.2/libgcc.a(_dvmd_tls.o)
 .text          0x0000a720       0x18 /cygdrive/c/Users/Public/Desktop/CmpE146Package/GNUARM/bin/../lib/gcc/arm-elf/4.3.2/../../../../arm-elf/lib/libc.a(lib_a-atoi.o)
                0x0000a720                _atoi_r
                0x0000a72c                atoi
 .glue_7        0x0000a738        0x0 /cygdrive/c/Users/Public/Desktop/CmpE146Package/GNUARM/bin/../lib/gcc/arm-elf/4.3.2/../../../../arm-elf/lib/libc.a(lib_a-atoi.o)
 .glue_7t       0x0000a738        0x0 /cygdrive/c/Users/Public/Desktop/CmpE146Package/GNUARM/bin/../lib/gcc/arm-elf/4.3.2/../../../../arm-elf/lib/libc.a(lib_a-atoi.o)
 .text          0x0000a738       0x54 /cygdrive/c/Users/Public/Desktop/CmpE146Package/GNUARM/bin/../lib/gcc/arm-elf/4.3.2/../../../../arm-elf/lib/libc.a(lib_a-iprintf.o)
                0x0000a738                _iprintf_r
                0x0000a75c                iprintf
 .glue_7        0x0000a78c        0x0 /cygdrive/c/Users/Public/Desktop/CmpE146Package/GNUARM/bin/../lib/gcc/arm-elf/4.3.2/../../../../arm-elf/lib/libc.a(lib_a-iprintf.o)
 .glue_7t       0x0000a78c        0x0 /cygdrive/c/Users/Public/Desktop/CmpE146Package/GNUARM/bin/../lib/gcc/arm-elf/4.3.2/../../../../arm-elf/lib/libc.a(lib_a-iprintf.o)
 .text          0x0000a78c       0x28 /cygdrive/c/Users/Public/Desktop/CmpE146Package/GNUARM/bin/../lib/gcc/arm-elf/4.3.2/../../../../arm-elf/lib/libc.a(lib_a-malloc.o)
                0x0000a7a0                malloc
                0x0000a78c                free
 .glue_7        0x0000a7b4        0x0 /cygdrive/c/Users/Public/Desktop/CmpE146Package/GNUARM/bin/../lib/gcc/arm-elf/4.3.2/../../../../arm-elf/lib/libc.a(lib_a-malloc.o)
 .glue_7t       0x0000a7b4        0x0 /cygdrive/c/Users/Public/Desktop/CmpE146Package/GNUARM/bin/../lib/gcc/arm-elf/4.3.2/../../../../arm-elf/lib/libc.a(lib_a-malloc.o)
 .text          0x0000a7b4      0x734 /cygdrive/c/Users/Public/Desktop/CmpE146Package/GNUARM/bin/../lib/gcc/arm-elf/4.3.2/../../../../arm-elf/lib/libc.a(lib_a-mallocr.o)
                0x0000a7b4                _malloc_r
 .glue_7        0x0000aee8        0x0 /cygdrive/c/Users/Public/Desktop/CmpE146Package/GNUARM/bin/../lib/gcc/arm-elf/4.3.2/../../../../arm-elf/lib/libc.a(lib_a-mallocr.o)
 .glue_7t       0x0000aee8        0x0 /cygdrive/c/Users/Public/Desktop/CmpE146Package/GNUARM/bin/../lib/gcc/arm-elf/4.3.2/../../../../arm-elf/lib/libc.a(lib_a-mallocr.o)
 .text          0x0000aee8       0xac /cygdrive/c/Users/Public/Desktop/CmpE146Package/GNUARM/bin/../lib/gcc/arm-elf/4.3.2/../../../../arm-elf/lib/libc.a(lib_a-memcmp.o)
                0x0000aee8                memcmp
 .glue_7        0x0000af94        0x0 /cygdrive/c/Users/Public/Desktop/CmpE146Package/GNUARM/bin/../lib/gcc/arm-elf/4.3.2/../../../../arm-elf/lib/libc.a(lib_a-memcmp.o)
 .glue_7t       0x0000af94        0x0 /cygdrive/c/Users/Public/Desktop/CmpE146Package/GNUARM/bin/../lib/gcc/arm-elf/4.3.2/../../../../arm-elf/lib/libc.a(lib_a-memcmp.o)
 .text          0x0000af94       0xfc /cygdrive/c/Users/Public/Desktop/CmpE146Package/GNUARM/bin/../lib/gcc/arm-elf/4.3.2/../../../../arm-elf/lib/libc.a(lib_a-memcpy.o)
                0x0000af94                memcpy
 .glue_7        0x0000b090        0x0 /cygdrive/c/Users/Public/Desktop/CmpE146Package/GNUARM/bin/../lib/gcc/arm-elf/4.3.2/../../../../arm-elf/lib/libc.a(lib_a-memcpy.o)
 .glue_7t       0x0000b090        0x0 /cygdrive/c/Users/Public/Desktop/CmpE146Package/GNUARM/bin/../lib/gcc/arm-elf/4.3.2/../../../../arm-elf/lib/libc.a(lib_a-memcpy.o)
 .text          0x0000b090       0xd0 /cygdrive/c/Users/Public/Desktop/CmpE146Package/GNUARM/bin/../lib/gcc/arm-elf/4.3.2/../../../../arm-elf/lib/libc.a(lib_a-memset.o)
                0x0000b090                memset
 .glue_7        0x0000b160        0x0 /cygdrive/c/Users/Public/Desktop/CmpE146Package/GNUARM/bin/../lib/gcc/arm-elf/4.3.2/../../../../arm-elf/lib/libc.a(lib_a-memset.o)
 .glue_7t       0x0000b160        0x0 /cygdrive/c/Users/Public/Desktop/CmpE146Package/GNUARM/bin/../lib/gcc/arm-elf/4.3.2/../../../../arm-elf/lib/libc.a(lib_a-memset.o)
 .text          0x0000b160        0x8 /cygdrive/c/Users/Public/Desktop/CmpE146Package/GNUARM/bin/../lib/gcc/arm-elf/4.3.2/../../../../arm-elf/lib/libc.a(lib_a-mlock.o)
                0x0000b164                __malloc_unlock
                0x0000b160                __malloc_lock
 .glue_7        0x0000b168        0x0 /cygdrive/c/Users/Public/Desktop/CmpE146Package/GNUARM/bin/../lib/gcc/arm-elf/4.3.2/../../../../arm-elf/lib/libc.a(lib_a-mlock.o)
 .glue_7t       0x0000b168        0x0 /cygdrive/c/Users/Public/Desktop/CmpE146Package/GNUARM/bin/../lib/gcc/arm-elf/4.3.2/../../../../arm-elf/lib/libc.a(lib_a-mlock.o)
 .text          0x0000b168       0xcc /cygdrive/c/Users/Public/Desktop/CmpE146Package/GNUARM/bin/../lib/gcc/arm-elf/4.3.2/../../../../arm-elf/lib/libc.a(lib_a-siprintf.o)
                0x0000b1d4                _siprintf_r
                0x0000b168                siprintf
 .glue_7        0x0000b234        0x0 /cygdrive/c/Users/Public/Desktop/CmpE146Package/GNUARM/bin/../lib/gcc/arm-elf/4.3.2/../../../../arm-elf/lib/libc.a(lib_a-siprintf.o)
 .glue_7t       0x0000b234        0x0 /cygdrive/c/Users/Public/Desktop/CmpE146Package/GNUARM/bin/../lib/gcc/arm-elf/4.3.2/../../../../arm-elf/lib/libc.a(lib_a-siprintf.o)
 .text          0x0000b234       0xe8 /cygdrive/c/Users/Public/Desktop/CmpE146Package/GNUARM/bin/../lib/gcc/arm-elf/4.3.2/../../../../arm-elf/lib/libc.a(lib_a-strcmp.o)
                0x0000b234                strcmp
 .glue_7        0x0000b31c        0x0 /cygdrive/c/Users/Public/Desktop/CmpE146Package/GNUARM/bin/../lib/gcc/arm-elf/4.3.2/../../../../arm-elf/lib/libc.a(lib_a-strcmp.o)
 .glue_7t       0x0000b31c        0x0 /cygdrive/c/Users/Public/Desktop/CmpE146Package/GNUARM/bin/../lib/gcc/arm-elf/4.3.2/../../../../arm-elf/lib/libc.a(lib_a-strcmp.o)
 .text          0x0000b31c       0xb8 /cygdrive/c/Users/Public/Desktop/CmpE146Package/GNUARM/bin/../lib/gcc/arm-elf/4.3.2/../../../../arm-elf/lib/libc.a(lib_a-strcpy.o)
                0x0000b31c                strcpy
 .glue_7        0x0000b3d4        0x0 /cygdrive/c/Users/Public/Desktop/CmpE146Package/GNUARM/bin/../lib/gcc/arm-elf/4.3.2/../../../../arm-elf/lib/libc.a(lib_a-strcpy.o)
 .glue_7t       0x0000b3d4        0x0 /cygdrive/c/Users/Public/Desktop/CmpE146Package/GNUARM/bin/../lib/gcc/arm-elf/4.3.2/../../../../arm-elf/lib/libc.a(lib_a-strcpy.o)
 .text          0x0000b3d4       0x9c /cygdrive/c/Users/Public/Desktop/CmpE146Package/GNUARM/bin/../lib/gcc/arm-elf/4.3.2/../../../../arm-elf/lib/libc.a(lib_a-strlen.o)
                0x0000b3d4                strlen
 .glue_7        0x0000b470        0x0 /cygdrive/c/Users/Public/Desktop/CmpE146Package/GNUARM/bin/../lib/gcc/arm-elf/4.3.2/../../../../arm-elf/lib/libc.a(lib_a-strlen.o)
 .glue_7t       0x0000b470        0x0 /cygdrive/c/Users/Public/Desktop/CmpE146Package/GNUARM/bin/../lib/gcc/arm-elf/4.3.2/../../../../arm-elf/lib/libc.a(lib_a-strlen.o)
 .text          0x0000b470      0x10c /cygdrive/c/Users/Public/Desktop/CmpE146Package/GNUARM/bin/../lib/gcc/arm-elf/4.3.2/../../../../arm-elf/lib/libc.a(lib_a-strncpy.o)
                0x0000b470                strncpy
 .glue_7        0x0000b57c        0x0 /cygdrive/c/Users/Public/Desktop/CmpE146Package/GNUARM/bin/../lib/gcc/arm-elf/4.3.2/../../../../arm-elf/lib/libc.a(lib_a-strncpy.o)
 .glue_7t       0x0000b57c        0x0 /cygdrive/c/Users/Public/Desktop/CmpE146Package/GNUARM/bin/../lib/gcc/arm-elf/4.3.2/../../../../arm-elf/lib/libc.a(lib_a-strncpy.o)
 .text          0x0000b57c       0x18 /cygdrive/c/Users/Public/Desktop/CmpE146Package/GNUARM/bin/../lib/gcc/arm-elf/4.3.2/../../../../arm-elf/lib/libc.a(lib_a-strtok.o)
                0x0000b57c                strtok
 .glue_7        0x0000b594        0x0 /cygdrive/c/Users/Public/Desktop/CmpE146Package/GNUARM/bin/../lib/gcc/arm-elf/4.3.2/../../../../arm-elf/lib/libc.a(lib_a-strtok.o)
 .glue_7t       0x0000b594        0x0 /cygdrive/c/Users/Public/Desktop/CmpE146Package/GNUARM/bin/../lib/gcc/arm-elf/4.3.2/../../../../arm-elf/lib/libc.a(lib_a-strtok.o)
 .text          0x0000b594       0xd0 /cygdrive/c/Users/Public/Desktop/CmpE146Package/GNUARM/bin/../lib/gcc/arm-elf/4.3.2/../../../../arm-elf/lib/libc.a(lib_a-strtok_r.o)
                0x0000b65c                strtok_r
                0x0000b594                __strtok_r
 .glue_7        0x0000b664        0x0 /cygdrive/c/Users/Public/Desktop/CmpE146Package/GNUARM/bin/../lib/gcc/arm-elf/4.3.2/../../../../arm-elf/lib/libc.a(lib_a-strtok_r.o)
 .glue_7t       0x0000b664        0x0 /cygdrive/c/Users/Public/Desktop/CmpE146Package/GNUARM/bin/../lib/gcc/arm-elf/4.3.2/../../../../arm-elf/lib/libc.a(lib_a-strtok_r.o)
 .text          0x0000b664      0x1e0 /cygdrive/c/Users/Public/Desktop/CmpE146Package/GNUARM/bin/../lib/gcc/arm-elf/4.3.2/../../../../arm-elf/lib/libc.a(lib_a-strtol.o)
                0x0000b818                strtol
                0x0000b664                _strtol_r
 .glue_7        0x0000b844        0x0 /cygdrive/c/Users/Public/Desktop/CmpE146Package/GNUARM/bin/../lib/gcc/arm-elf/4.3.2/../../../../arm-elf/lib/libc.a(lib_a-strtol.o)
 .glue_7t       0x0000b844        0x0 /cygdrive/c/Users/Public/Desktop/CmpE146Package/GNUARM/bin/../lib/gcc/arm-elf/4.3.2/../../../../arm-elf/lib/libc.a(lib_a-strtol.o)
 .text          0x0000b844      0xff0 /cygdrive/c/Users/Public/Desktop/CmpE146Package/GNUARM/bin/../lib/gcc/arm-elf/4.3.2/../../../../arm-elf/lib/libc.a(lib_a-vfiprintf.o)
                0x0000c808                vfiprintf
                0x0000b874                _vfiprintf_r
 .glue_7        0x0000c834        0x0 /cygdrive/c/Users/Public/Desktop/CmpE146Package/GNUARM/bin/../lib/gcc/arm-elf/4.3.2/../../../../arm-elf/lib/libc.a(lib_a-vfiprintf.o)
 .glue_7t       0x0000c834        0x0 /cygdrive/c/Users/Public/Desktop/CmpE146Package/GNUARM/bin/../lib/gcc/arm-elf/4.3.2/../../../../arm-elf/lib/libc.a(lib_a-vfiprintf.o)
 .text          0x0000c834      0x144 /cygdrive/c/Users/Public/Desktop/CmpE146Package/GNUARM/bin/../lib/gcc/arm-elf/4.3.2/../../../../arm-elf/lib/libc.a(lib_a-wsetup.o)
                0x0000c834                __swsetup_r
 .glue_7        0x0000c978        0x0 /cygdrive/c/Users/Public/Desktop/CmpE146Package/GNUARM/bin/../lib/gcc/arm-elf/4.3.2/../../../../arm-elf/lib/libc.a(lib_a-wsetup.o)
 .glue_7t       0x0000c978        0x0 /cygdrive/c/Users/Public/Desktop/CmpE146Package/GNUARM/bin/../lib/gcc/arm-elf/4.3.2/../../../../arm-elf/lib/libc.a(lib_a-wsetup.o)
 .text          0x0000c978        0x0 /cygdrive/c/Users/Public/Desktop/CmpE146Package/GNUARM/bin/../lib/gcc/arm-elf/4.3.2/../../../../arm-elf/lib/libc.a(lib_a-ctype_.o)
 .glue_7        0x0000c978        0x0 /cygdrive/c/Users/Public/Desktop/CmpE146Package/GNUARM/bin/../lib/gcc/arm-elf/4.3.2/../../../../arm-elf/lib/libc.a(lib_a-ctype_.o)
 .glue_7t       0x0000c978        0x0 /cygdrive/c/Users/Public/Desktop/CmpE146Package/GNUARM/bin/../lib/gcc/arm-elf/4.3.2/../../../../arm-elf/lib/libc.a(lib_a-ctype_.o)
 .text          0x0000c978      0x1dc /cygdrive/c/Users/Public/Desktop/CmpE146Package/GNUARM/bin/../lib/gcc/arm-elf/4.3.2/../../../../arm-elf/lib/libc.a(lib_a-fflush.o)
                0x0000cb20                fflush
                0x0000c978                _fflush_r
 .glue_7        0x0000cb54        0x0 /cygdrive/c/Users/Public/Desktop/CmpE146Package/GNUARM/bin/../lib/gcc/arm-elf/4.3.2/../../../../arm-elf/lib/libc.a(lib_a-fflush.o)
 .glue_7t       0x0000cb54        0x0 /cygdrive/c/Users/Public/Desktop/CmpE146Package/GNUARM/bin/../lib/gcc/arm-elf/4.3.2/../../../../arm-elf/lib/libc.a(lib_a-fflush.o)
 .text          0x0000cb54      0x2ac /cygdrive/c/Users/Public/Desktop/CmpE146Package/GNUARM/bin/../lib/gcc/arm-elf/4.3.2/../../../../arm-elf/lib/libc.a(lib_a-findfp.o)
                0x0000cb54                __sinit
                0x0000cce4                __sfmoreglue
                0x0000cccc                _cleanup
                0x0000ccc0                _cleanup_r
                0x0000cca8                __fp_lock_all
                0x0000cc70                __sfp_lock_acquire
                0x0000cd2c                __sfp
                0x0000cc7c                __sinit_lock_release
                0x0000cc90                __fp_unlock_all
                0x0000cc74                __sfp_lock_release
                0x0000cc78                __sinit_lock_acquire
 .glue_7        0x0000ce00        0x0 /cygdrive/c/Users/Public/Desktop/CmpE146Package/GNUARM/bin/../lib/gcc/arm-elf/4.3.2/../../../../arm-elf/lib/libc.a(lib_a-findfp.o)
 .glue_7t       0x0000ce00        0x0 /cygdrive/c/Users/Public/Desktop/CmpE146Package/GNUARM/bin/../lib/gcc/arm-elf/4.3.2/../../../../arm-elf/lib/libc.a(lib_a-findfp.o)
 .text          0x0000ce00      0x370 /cygdrive/c/Users/Public/Desktop/CmpE146Package/GNUARM/bin/../lib/gcc/arm-elf/4.3.2/../../../../arm-elf/lib/libc.a(lib_a-freer.o)
                0x0000cef8                _free_r
                0x0000ce00                _malloc_trim_r
 .glue_7        0x0000d170        0x0 /cygdrive/c/Users/Public/Desktop/CmpE146Package/GNUARM/bin/../lib/gcc/arm-elf/4.3.2/../../../../arm-elf/lib/libc.a(lib_a-freer.o)
 .glue_7t       0x0000d170        0x0 /cygdrive/c/Users/Public/Desktop/CmpE146Package/GNUARM/bin/../lib/gcc/arm-elf/4.3.2/../../../../arm-elf/lib/libc.a(lib_a-freer.o)
 .text          0x0000d170      0x46c /cygdrive/c/Users/Public/Desktop/CmpE146Package/GNUARM/bin/../lib/gcc/arm-elf/4.3.2/../../../../arm-elf/lib/libc.a(lib_a-fvwrite.o)
                0x0000d170                __sfvwrite_r
 .glue_7        0x0000d5dc        0x0 /cygdrive/c/Users/Public/Desktop/CmpE146Package/GNUARM/bin/../lib/gcc/arm-elf/4.3.2/../../../../arm-elf/lib/libc.a(lib_a-fvwrite.o)
 .glue_7t       0x0000d5dc        0x0 /cygdrive/c/Users/Public/Desktop/CmpE146Package/GNUARM/bin/../lib/gcc/arm-elf/4.3.2/../../../../arm-elf/lib/libc.a(lib_a-fvwrite.o)
 .text          0x0000d5dc      0x10c /cygdrive/c/Users/Public/Desktop/CmpE146Package/GNUARM/bin/../lib/gcc/arm-elf/4.3.2/../../../../arm-elf/lib/libc.a(lib_a-fwalk.o)
                0x0000d664                _fwalk
                0x0000d5dc                _fwalk_reent
 .glue_7        0x0000d6e8        0x0 /cygdrive/c/Users/Public/Desktop/CmpE146Package/GNUARM/bin/../lib/gcc/arm-elf/4.3.2/../../../../arm-elf/lib/libc.a(lib_a-fwalk.o)
 .glue_7t       0x0000d6e8        0x0 /cygdrive/c/Users/Public/Desktop/CmpE146Package/GNUARM/bin/../lib/gcc/arm-elf/4.3.2/../../../../arm-elf/lib/libc.a(lib_a-fwalk.o)
 .text          0x0000d6e8        0x0 /cygdrive/c/Users/Public/Desktop/CmpE146Package/GNUARM/bin/../lib/gcc/arm-elf/4.3.2/../../../../arm-elf/lib/libc.a(lib_a-impure.o)
 .glue_7        0x0000d6e8        0x0 /cygdrive/c/Users/Public/Desktop/CmpE146Package/GNUARM/bin/../lib/gcc/arm-elf/4.3.2/../../../../arm-elf/lib/libc.a(lib_a-impure.o)
 .glue_7t       0x0000d6e8        0x0 /cygdrive/c/Users/Public/Desktop/CmpE146Package/GNUARM/bin/../lib/gcc/arm-elf/4.3.2/../../../../arm-elf/lib/libc.a(lib_a-impure.o)
 .text          0x0000d6e8      0x164 /cygdrive/c/Users/Public/Desktop/CmpE146Package/GNUARM/bin/../lib/gcc/arm-elf/4.3.2/../../../../arm-elf/lib/libc.a(lib_a-makebuf.o)
                0x0000d6e8                __smakebuf_r
 .glue_7        0x0000d84c        0x0 /cygdrive/c/Users/Public/Desktop/CmpE146Package/GNUARM/bin/../lib/gcc/arm-elf/4.3.2/../../../../arm-elf/lib/libc.a(lib_a-makebuf.o)
 .glue_7t       0x0000d84c        0x0 /cygdrive/c/Users/Public/Desktop/CmpE146Package/GNUARM/bin/../lib/gcc/arm-elf/4.3.2/../../../../arm-elf/lib/libc.a(lib_a-makebuf.o)
 .text          0x0000d84c      0x118 /cygdrive/c/Users/Public/Desktop/CmpE146Package/GNUARM/bin/../lib/gcc/arm-elf/4.3.2/../../../../arm-elf/lib/libc.a(lib_a-memchr.o)
                0x0000d84c                memchr
 .glue_7        0x0000d964        0x0 /cygdrive/c/Users/Public/Desktop/CmpE146Package/GNUARM/bin/../lib/gcc/arm-elf/4.3.2/../../../../arm-elf/lib/libc.a(lib_a-memchr.o)
 .glue_7t       0x0000d964        0x0 /cygdrive/c/Users/Public/Desktop/CmpE146Package/GNUARM/bin/../lib/gcc/arm-elf/4.3.2/../../../../arm-elf/lib/libc.a(lib_a-memchr.o)
 .text          0x0000d964      0x144 /cygdrive/c/Users/Public/Desktop/CmpE146Package/GNUARM/bin/../lib/gcc/arm-elf/4.3.2/../../../../arm-elf/lib/libc.a(lib_a-memmove.o)
                0x0000d964                memmove
 .glue_7        0x0000daa8        0x0 /cygdrive/c/Users/Public/Desktop/CmpE146Package/GNUARM/bin/../lib/gcc/arm-elf/4.3.2/../../../../arm-elf/lib/libc.a(lib_a-memmove.o)
 .glue_7t       0x0000daa8        0x0 /cygdrive/c/Users/Public/Desktop/CmpE146Package/GNUARM/bin/../lib/gcc/arm-elf/4.3.2/../../../../arm-elf/lib/libc.a(lib_a-memmove.o)
 .text          0x0000daa8      0x510 /cygdrive/c/Users/Public/Desktop/CmpE146Package/GNUARM/bin/../lib/gcc/arm-elf/4.3.2/../../../../arm-elf/lib/libc.a(lib_a-reallocr.o)
                0x0000daa8                _realloc_r
 .glue_7        0x0000dfb8        0x0 /cygdrive/c/Users/Public/Desktop/CmpE146Package/GNUARM/bin/../lib/gcc/arm-elf/4.3.2/../../../../arm-elf/lib/libc.a(lib_a-reallocr.o)
 .glue_7t       0x0000dfb8        0x0 /cygdrive/c/Users/Public/Desktop/CmpE146Package/GNUARM/bin/../lib/gcc/arm-elf/4.3.2/../../../../arm-elf/lib/libc.a(lib_a-reallocr.o)
 .text          0x0000dfb8       0xc0 /cygdrive/c/Users/Public/Desktop/CmpE146Package/GNUARM/bin/../lib/gcc/arm-elf/4.3.2/../../../../arm-elf/lib/libc.a(lib_a-stdio.o)
                0x0000dfc0                __sseek
                0x0000e048                __sread
                0x0000dfb8                __sclose
                0x0000dff4                __swrite
 .glue_7        0x0000e078        0x0 /cygdrive/c/Users/Public/Desktop/CmpE146Package/GNUARM/bin/../lib/gcc/arm-elf/4.3.2/../../../../arm-elf/lib/libc.a(lib_a-stdio.o)
 .glue_7t       0x0000e078        0x0 /cygdrive/c/Users/Public/Desktop/CmpE146Package/GNUARM/bin/../lib/gcc/arm-elf/4.3.2/../../../../arm-elf/lib/libc.a(lib_a-stdio.o)
 .text          0x0000e078      0x8ec /cygdrive/c/Users/Public/Desktop/CmpE146Package/GNUARM/bin/../lib/gcc/arm-elf/4.3.2/../../../../arm-elf/lib/libc.a(lib_a-syscalls.o)
                0x0000e1a0                _getpid
                0x0000e078                initialise_monitor_handles
                0x0000e570                isatty
                0x0000e934                _fstat
                0x0000e480                _open
                0x0000e4a0                _sbrk
                0x0000e1b0                _raise
                0x0000e1f8                _times
                0x0000e8e8                _stat
                0x0000e7f8                _lseek
                0x0000e1a8                _link
                0x0000e620                _swiwrite
                0x0000e274                _rename
                0x0000e704                _swilseek
                0x0000e5a8                _swiclose
                0x0000e3a0                _swiopen
                0x0000e35c                _unlink
                0x0000e65c                _write
                0x0000e12c                _kill
                0x0000e1b4                _gettimeofday
                0x0000e844                _read
                0x0000e180                _exit
                0x0000e2cc                _system
                0x0000e808                _swiread
                0x0000e610                _close
 .glue_7        0x0000e964        0x0 /cygdrive/c/Users/Public/Desktop/CmpE146Package/GNUARM/bin/../lib/gcc/arm-elf/4.3.2/../../../../arm-elf/lib/libc.a(lib_a-syscalls.o)
 .glue_7t       0x0000e964        0x0 /cygdrive/c/Users/Public/Desktop/CmpE146Package/GNUARM/bin/../lib/gcc/arm-elf/4.3.2/../../../../arm-elf/lib/libc.a(lib_a-syscalls.o)
 .text          0x0000e964       0x10 /cygdrive/c/Users/Public/Desktop/CmpE146Package/GNUARM/bin/../lib/gcc/arm-elf/4.3.2/../../../../arm-elf/lib/libc.a(lib_a-errno.o)
                0x0000e964                __errno
 .glue_7        0x0000e974        0x0 /cygdrive/c/Users/Public/Desktop/CmpE146Package/GNUARM/bin/../lib/gcc/arm-elf/4.3.2/../../../../arm-elf/lib/libc.a(lib_a-errno.o)
 .glue_7t       0x0000e974        0x0 /cygdrive/c/Users/Public/Desktop/CmpE146Package/GNUARM/bin/../lib/gcc/arm-elf/4.3.2/../../../../arm-elf/lib/libc.a(lib_a-errno.o)
 .text          0x0000e974      0x118 /cygdrive/c/Users/Public/Desktop/CmpE146Package/GNUARM/bin/../lib/gcc/arm-elf/4.3.2/../../../../arm-elf/lib/libc.a(lib_a-fclose.o)
                0x0000e974                _fclose_r
                0x0000ea78                fclose
 .glue_7        0x0000ea8c        0x0 /cygdrive/c/Users/Public/Desktop/CmpE146Package/GNUARM/bin/../lib/gcc/arm-elf/4.3.2/../../../../arm-elf/lib/libc.a(lib_a-fclose.o)
 .glue_7t       0x0000ea8c        0x0 /cygdrive/c/Users/Public/Desktop/CmpE146Package/GNUARM/bin/../lib/gcc/arm-elf/4.3.2/../../../../arm-elf/lib/libc.a(lib_a-fclose.o)
                0x0000ea8c                __text_end__ = (__text_start__ + SIZEOF (.text))
                0x0000ea8c                __dtors_load_start__ = (__text_end__ ALIGN 0x4)

.vfp11_veneer   0x00000000        0x0
 .vfp11_veneer  0x00000000        0x0 ./main.o
 .vfp11_veneer  0x00000000        0x0 ./utils/src/rprintf.o
 .vfp11_veneer  0x00000000        0x0 ./utils/src/timer.o
 .vfp11_veneer  0x00000000        0x0 ./tasks/userInterface.o
 .vfp11_veneer  0x00000000        0x0 ./fat/diskio.o
 .vfp11_veneer  0x00000000        0x0 ./fat/ff.o
 .vfp11_veneer  0x00000000        0x0 ./fat/rtc.o
 .vfp11_veneer  0x00000000        0x0 ./fat/option/ccsbcs.o
 .vfp11_veneer  0x00000000        0x0 ./fat/option/reentrant.o
 .vfp11_veneer  0x00000000        0x0 ./drivers/i2c.o
 .vfp11_veneer  0x00000000        0x0 ./drivers/pcm1774.o
 .vfp11_veneer  0x00000000        0x0 ./drivers/ssp_spi.o
 .vfp11_veneer  0x00000000        0x0 ./drivers/sta013.o
 .vfp11_veneer  0x00000000        0x0 ./drivers/uart0.o
 .vfp11_veneer  0x00000000        0x0 ./drivers/watchdog.o
 .vfp11_veneer  0x00000000        0x0 ./System/cppmem.o
 .vfp11_veneer  0x00000000        0x0 ./System/cpu.o
 .vfp11_veneer  0x00000000        0x0 ./System/syscalls.o
 .vfp11_veneer  0x00000000        0x0 ./System/startup/Arm7CStartup.o
 .vfp11_veneer  0x00000000        0x0 ./System/startup/Lpc2000ExceptionVectors.o
 .vfp11_veneer  0x00000000        0x0 ./System/startup/exceptionHandlers.o
 .vfp11_veneer  0x00000000        0x0 ./FreeRTOS/src/croutine.o
 .vfp11_veneer  0x00000000        0x0 ./FreeRTOS/src/list.o
 .vfp11_veneer  0x00000000        0x0 ./FreeRTOS/src/port.o
 .vfp11_veneer  0x00000000        0x0 ./FreeRTOS/src/portISR.o
 .vfp11_veneer  0x00000000        0x0 ./FreeRTOS/src/queue.o
 .vfp11_veneer  0x00000000        0x0 ./FreeRTOS/src/tasks.o
 .vfp11_veneer  0x00000000        0x0 ./FreeRTOS/src/timers.o
 .vfp11_veneer  0x00000000        0x0 ./FreeRTOS/mem/heap_3.o
 .vfp11_veneer  0x00000000        0x0 ./FreeRTOS/hooks/hooks.o
 .vfp11_veneer  0x00000000        0x0 /cygdrive/c/Users/Public/Desktop/CmpE146Package/GNUARM/bin/../lib/gcc/arm-elf/4.3.2/libgcc.a(_udivsi3.o)
 .vfp11_veneer  0x00000000        0x0 /cygdrive/c/Users/Public/Desktop/CmpE146Package/GNUARM/bin/../lib/gcc/arm-elf/4.3.2/libgcc.a(_divsi3.o)
 .vfp11_veneer  0x00000000        0x0 /cygdrive/c/Users/Public/Desktop/CmpE146Package/GNUARM/bin/../lib/gcc/arm-elf/4.3.2/libgcc.a(_umodsi3.o)
 .vfp11_veneer  0x00000000        0x0 /cygdrive/c/Users/Public/Desktop/CmpE146Package/GNUARM/bin/../lib/gcc/arm-elf/4.3.2/libgcc.a(_dvmd_tls.o)
 .vfp11_veneer  0x00000000        0x0 /cygdrive/c/Users/Public/Desktop/CmpE146Package/GNUARM/bin/../lib/gcc/arm-elf/4.3.2/../../../../arm-elf/lib/libc.a(lib_a-atoi.o)
 .vfp11_veneer  0x00000000        0x0 /cygdrive/c/Users/Public/Desktop/CmpE146Package/GNUARM/bin/../lib/gcc/arm-elf/4.3.2/../../../../arm-elf/lib/libc.a(lib_a-iprintf.o)
 .vfp11_veneer  0x00000000        0x0 /cygdrive/c/Users/Public/Desktop/CmpE146Package/GNUARM/bin/../lib/gcc/arm-elf/4.3.2/../../../../arm-elf/lib/libc.a(lib_a-malloc.o)
 .vfp11_veneer  0x00000000        0x0 /cygdrive/c/Users/Public/Desktop/CmpE146Package/GNUARM/bin/../lib/gcc/arm-elf/4.3.2/../../../../arm-elf/lib/libc.a(lib_a-mallocr.o)
 .vfp11_veneer  0x00000000        0x0 /cygdrive/c/Users/Public/Desktop/CmpE146Package/GNUARM/bin/../lib/gcc/arm-elf/4.3.2/../../../../arm-elf/lib/libc.a(lib_a-memcmp.o)
 .vfp11_veneer  0x00000000        0x0 /cygdrive/c/Users/Public/Desktop/CmpE146Package/GNUARM/bin/../lib/gcc/arm-elf/4.3.2/../../../../arm-elf/lib/libc.a(lib_a-memcpy.o)
 .vfp11_veneer  0x00000000        0x0 /cygdrive/c/Users/Public/Desktop/CmpE146Package/GNUARM/bin/../lib/gcc/arm-elf/4.3.2/../../../../arm-elf/lib/libc.a(lib_a-memset.o)
 .vfp11_veneer  0x00000000        0x0 /cygdrive/c/Users/Public/Desktop/CmpE146Package/GNUARM/bin/../lib/gcc/arm-elf/4.3.2/../../../../arm-elf/lib/libc.a(lib_a-mlock.o)
 .vfp11_veneer  0x00000000        0x0 /cygdrive/c/Users/Public/Desktop/CmpE146Package/GNUARM/bin/../lib/gcc/arm-elf/4.3.2/../../../../arm-elf/lib/libc.a(lib_a-siprintf.o)
 .vfp11_veneer  0x00000000        0x0 /cygdrive/c/Users/Public/Desktop/CmpE146Package/GNUARM/bin/../lib/gcc/arm-elf/4.3.2/../../../../arm-elf/lib/libc.a(lib_a-strcmp.o)
 .vfp11_veneer  0x00000000        0x0 /cygdrive/c/Users/Public/Desktop/CmpE146Package/GNUARM/bin/../lib/gcc/arm-elf/4.3.2/../../../../arm-elf/lib/libc.a(lib_a-strcpy.o)
 .vfp11_veneer  0x00000000        0x0 /cygdrive/c/Users/Public/Desktop/CmpE146Package/GNUARM/bin/../lib/gcc/arm-elf/4.3.2/../../../../arm-elf/lib/libc.a(lib_a-strlen.o)
 .vfp11_veneer  0x00000000        0x0 /cygdrive/c/Users/Public/Desktop/CmpE146Package/GNUARM/bin/../lib/gcc/arm-elf/4.3.2/../../../../arm-elf/lib/libc.a(lib_a-strncpy.o)
 .vfp11_veneer  0x00000000        0x0 /cygdrive/c/Users/Public/Desktop/CmpE146Package/GNUARM/bin/../lib/gcc/arm-elf/4.3.2/../../../../arm-elf/lib/libc.a(lib_a-strtok.o)
 .vfp11_veneer  0x00000000        0x0 /cygdrive/c/Users/Public/Desktop/CmpE146Package/GNUARM/bin/../lib/gcc/arm-elf/4.3.2/../../../../arm-elf/lib/libc.a(lib_a-strtok_r.o)
 .vfp11_veneer  0x00000000        0x0 /cygdrive/c/Users/Public/Desktop/CmpE146Package/GNUARM/bin/../lib/gcc/arm-elf/4.3.2/../../../../arm-elf/lib/libc.a(lib_a-strtol.o)
 .vfp11_veneer  0x00000000        0x0 /cygdrive/c/Users/Public/Desktop/CmpE146Package/GNUARM/bin/../lib/gcc/arm-elf/4.3.2/../../../../arm-elf/lib/libc.a(lib_a-vfiprintf.o)
 .vfp11_veneer  0x00000000        0x0 /cygdrive/c/Users/Public/Desktop/CmpE146Package/GNUARM/bin/../lib/gcc/arm-elf/4.3.2/../../../../arm-elf/lib/libc.a(lib_a-wsetup.o)
 .vfp11_veneer  0x00000000        0x0 /cygdrive/c/Users/Public/Desktop/CmpE146Package/GNUARM/bin/../lib/gcc/arm-elf/4.3.2/../../../../arm-elf/lib/libc.a(lib_a-ctype_.o)
 .vfp11_veneer  0x00000000        0x0 /cygdrive/c/Users/Public/Desktop/CmpE146Package/GNUARM/bin/../lib/gcc/arm-elf/4.3.2/../../../../arm-elf/lib/libc.a(lib_a-fflush.o)
 .vfp11_veneer  0x00000000        0x0 /cygdrive/c/Users/Public/Desktop/CmpE146Package/GNUARM/bin/../lib/gcc/arm-elf/4.3.2/../../../../arm-elf/lib/libc.a(lib_a-findfp.o)
 .vfp11_veneer  0x00000000        0x0 /cygdrive/c/Users/Public/Desktop/CmpE146Package/GNUARM/bin/../lib/gcc/arm-elf/4.3.2/../../../../arm-elf/lib/libc.a(lib_a-freer.o)
 .vfp11_veneer  0x00000000        0x0 /cygdrive/c/Users/Public/Desktop/CmpE146Package/GNUARM/bin/../lib/gcc/arm-elf/4.3.2/../../../../arm-elf/lib/libc.a(lib_a-fvwrite.o)
 .vfp11_veneer  0x00000000        0x0 /cygdrive/c/Users/Public/Desktop/CmpE146Package/GNUARM/bin/../lib/gcc/arm-elf/4.3.2/../../../../arm-elf/lib/libc.a(lib_a-fwalk.o)
 .vfp11_veneer  0x00000000        0x0 /cygdrive/c/Users/Public/Desktop/CmpE146Package/GNUARM/bin/../lib/gcc/arm-elf/4.3.2/../../../../arm-elf/lib/libc.a(lib_a-impure.o)
 .vfp11_veneer  0x00000000        0x0 /cygdrive/c/Users/Public/Desktop/CmpE146Package/GNUARM/bin/../lib/gcc/arm-elf/4.3.2/../../../../arm-elf/lib/libc.a(lib_a-makebuf.o)
 .vfp11_veneer  0x00000000        0x0 /cygdrive/c/Users/Public/Desktop/CmpE146Package/GNUARM/bin/../lib/gcc/arm-elf/4.3.2/../../../../arm-elf/lib/libc.a(lib_a-memchr.o)
 .vfp11_veneer  0x00000000        0x0 /cygdrive/c/Users/Public/Desktop/CmpE146Package/GNUARM/bin/../lib/gcc/arm-elf/4.3.2/../../../../arm-elf/lib/libc.a(lib_a-memmove.o)
 .vfp11_veneer  0x00000000        0x0 /cygdrive/c/Users/Public/Desktop/CmpE146Package/GNUARM/bin/../lib/gcc/arm-elf/4.3.2/../../../../arm-elf/lib/libc.a(lib_a-reallocr.o)
 .vfp11_veneer  0x00000000        0x0 /cygdrive/c/Users/Public/Desktop/CmpE146Package/GNUARM/bin/../lib/gcc/arm-elf/4.3.2/../../../../arm-elf/lib/libc.a(lib_a-stdio.o)
 .vfp11_veneer  0x00000000        0x0 /cygdrive/c/Users/Public/Desktop/CmpE146Package/GNUARM/bin/../lib/gcc/arm-elf/4.3.2/../../../../arm-elf/lib/libc.a(lib_a-syscalls.o)
 .vfp11_veneer  0x00000000        0x0 /cygdrive/c/Users/Public/Desktop/CmpE146Package/GNUARM/bin/../lib/gcc/arm-elf/4.3.2/../../../../arm-elf/lib/libc.a(lib_a-errno.o)
 .vfp11_veneer  0x00000000        0x0 /cygdrive/c/Users/Public/Desktop/CmpE146Package/GNUARM/bin/../lib/gcc/arm-elf/4.3.2/../../../../arm-elf/lib/libc.a(lib_a-fclose.o)

.v4_bx          0x00000000        0x0
 .v4_bx         0x00000000        0x0 ./main.o
 .v4_bx         0x00000000        0x0 ./utils/src/rprintf.o
 .v4_bx         0x00000000        0x0 ./utils/src/timer.o
 .v4_bx         0x00000000        0x0 ./tasks/userInterface.o
 .v4_bx         0x00000000        0x0 ./fat/diskio.o
 .v4_bx         0x00000000        0x0 ./fat/ff.o
 .v4_bx         0x00000000        0x0 ./fat/rtc.o
 .v4_bx         0x00000000        0x0 ./fat/option/ccsbcs.o
 .v4_bx         0x00000000        0x0 ./fat/option/reentrant.o
 .v4_bx         0x00000000        0x0 ./drivers/i2c.o
 .v4_bx         0x00000000        0x0 ./drivers/pcm1774.o
 .v4_bx         0x00000000        0x0 ./drivers/ssp_spi.o
 .v4_bx         0x00000000        0x0 ./drivers/sta013.o
 .v4_bx         0x00000000        0x0 ./drivers/uart0.o
 .v4_bx         0x00000000        0x0 ./drivers/watchdog.o
 .v4_bx         0x00000000        0x0 ./System/cppmem.o
 .v4_bx         0x00000000        0x0 ./System/cpu.o
 .v4_bx         0x00000000        0x0 ./System/syscalls.o
 .v4_bx         0x00000000        0x0 ./System/startup/Arm7CStartup.o
 .v4_bx         0x00000000        0x0 ./System/startup/Lpc2000ExceptionVectors.o
 .v4_bx         0x00000000        0x0 ./System/startup/exceptionHandlers.o
 .v4_bx         0x00000000        0x0 ./FreeRTOS/src/croutine.o
 .v4_bx         0x00000000        0x0 ./FreeRTOS/src/list.o
 .v4_bx         0x00000000        0x0 ./FreeRTOS/src/port.o
 .v4_bx         0x00000000        0x0 ./FreeRTOS/src/portISR.o
 .v4_bx         0x00000000        0x0 ./FreeRTOS/src/queue.o
 .v4_bx         0x00000000        0x0 ./FreeRTOS/src/tasks.o
 .v4_bx         0x00000000        0x0 ./FreeRTOS/src/timers.o
 .v4_bx         0x00000000        0x0 ./FreeRTOS/mem/heap_3.o
 .v4_bx         0x00000000        0x0 ./FreeRTOS/hooks/hooks.o
 .v4_bx         0x00000000        0x0 /cygdrive/c/Users/Public/Desktop/CmpE146Package/GNUARM/bin/../lib/gcc/arm-elf/4.3.2/libgcc.a(_udivsi3.o)
 .v4_bx         0x00000000        0x0 /cygdrive/c/Users/Public/Desktop/CmpE146Package/GNUARM/bin/../lib/gcc/arm-elf/4.3.2/libgcc.a(_divsi3.o)
 .v4_bx         0x00000000        0x0 /cygdrive/c/Users/Public/Desktop/CmpE146Package/GNUARM/bin/../lib/gcc/arm-elf/4.3.2/libgcc.a(_umodsi3.o)
 .v4_bx         0x00000000        0x0 /cygdrive/c/Users/Public/Desktop/CmpE146Package/GNUARM/bin/../lib/gcc/arm-elf/4.3.2/libgcc.a(_dvmd_tls.o)
 .v4_bx         0x00000000        0x0 /cygdrive/c/Users/Public/Desktop/CmpE146Package/GNUARM/bin/../lib/gcc/arm-elf/4.3.2/../../../../arm-elf/lib/libc.a(lib_a-atoi.o)
 .v4_bx         0x00000000        0x0 /cygdrive/c/Users/Public/Desktop/CmpE146Package/GNUARM/bin/../lib/gcc/arm-elf/4.3.2/../../../../arm-elf/lib/libc.a(lib_a-iprintf.o)
 .v4_bx         0x00000000        0x0 /cygdrive/c/Users/Public/Desktop/CmpE146Package/GNUARM/bin/../lib/gcc/arm-elf/4.3.2/../../../../arm-elf/lib/libc.a(lib_a-malloc.o)
 .v4_bx         0x00000000        0x0 /cygdrive/c/Users/Public/Desktop/CmpE146Package/GNUARM/bin/../lib/gcc/arm-elf/4.3.2/../../../../arm-elf/lib/libc.a(lib_a-mallocr.o)
 .v4_bx         0x00000000        0x0 /cygdrive/c/Users/Public/Desktop/CmpE146Package/GNUARM/bin/../lib/gcc/arm-elf/4.3.2/../../../../arm-elf/lib/libc.a(lib_a-memcmp.o)
 .v4_bx         0x00000000        0x0 /cygdrive/c/Users/Public/Desktop/CmpE146Package/GNUARM/bin/../lib/gcc/arm-elf/4.3.2/../../../../arm-elf/lib/libc.a(lib_a-memcpy.o)
 .v4_bx         0x00000000        0x0 /cygdrive/c/Users/Public/Desktop/CmpE146Package/GNUARM/bin/../lib/gcc/arm-elf/4.3.2/../../../../arm-elf/lib/libc.a(lib_a-memset.o)
 .v4_bx         0x00000000        0x0 /cygdrive/c/Users/Public/Desktop/CmpE146Package/GNUARM/bin/../lib/gcc/arm-elf/4.3.2/../../../../arm-elf/lib/libc.a(lib_a-mlock.o)
 .v4_bx         0x00000000        0x0 /cygdrive/c/Users/Public/Desktop/CmpE146Package/GNUARM/bin/../lib/gcc/arm-elf/4.3.2/../../../../arm-elf/lib/libc.a(lib_a-siprintf.o)
 .v4_bx         0x00000000        0x0 /cygdrive/c/Users/Public/Desktop/CmpE146Package/GNUARM/bin/../lib/gcc/arm-elf/4.3.2/../../../../arm-elf/lib/libc.a(lib_a-strcmp.o)
 .v4_bx         0x00000000        0x0 /cygdrive/c/Users/Public/Desktop/CmpE146Package/GNUARM/bin/../lib/gcc/arm-elf/4.3.2/../../../../arm-elf/lib/libc.a(lib_a-strcpy.o)
 .v4_bx         0x00000000        0x0 /cygdrive/c/Users/Public/Desktop/CmpE146Package/GNUARM/bin/../lib/gcc/arm-elf/4.3.2/../../../../arm-elf/lib/libc.a(lib_a-strlen.o)
 .v4_bx         0x00000000        0x0 /cygdrive/c/Users/Public/Desktop/CmpE146Package/GNUARM/bin/../lib/gcc/arm-elf/4.3.2/../../../../arm-elf/lib/libc.a(lib_a-strncpy.o)
 .v4_bx         0x00000000        0x0 /cygdrive/c/Users/Public/Desktop/CmpE146Package/GNUARM/bin/../lib/gcc/arm-elf/4.3.2/../../../../arm-elf/lib/libc.a(lib_a-strtok.o)
 .v4_bx         0x00000000        0x0 /cygdrive/c/Users/Public/Desktop/CmpE146Package/GNUARM/bin/../lib/gcc/arm-elf/4.3.2/../../../../arm-elf/lib/libc.a(lib_a-strtok_r.o)
 .v4_bx         0x00000000        0x0 /cygdrive/c/Users/Public/Desktop/CmpE146Package/GNUARM/bin/../lib/gcc/arm-elf/4.3.2/../../../../arm-elf/lib/libc.a(lib_a-strtol.o)
 .v4_bx         0x00000000        0x0 /cygdrive/c/Users/Public/Desktop/CmpE146Package/GNUARM/bin/../lib/gcc/arm-elf/4.3.2/../../../../arm-elf/lib/libc.a(lib_a-vfiprintf.o)
 .v4_bx         0x00000000        0x0 /cygdrive/c/Users/Public/Desktop/CmpE146Package/GNUARM/bin/../lib/gcc/arm-elf/4.3.2/../../../../arm-elf/lib/libc.a(lib_a-wsetup.o)
 .v4_bx         0x00000000        0x0 /cygdrive/c/Users/Public/Desktop/CmpE146Package/GNUARM/bin/../lib/gcc/arm-elf/4.3.2/../../../../arm-elf/lib/libc.a(lib_a-ctype_.o)
 .v4_bx         0x00000000        0x0 /cygdrive/c/Users/Public/Desktop/CmpE146Package/GNUARM/bin/../lib/gcc/arm-elf/4.3.2/../../../../arm-elf/lib/libc.a(lib_a-fflush.o)
 .v4_bx         0x00000000        0x0 /cygdrive/c/Users/Public/Desktop/CmpE146Package/GNUARM/bin/../lib/gcc/arm-elf/4.3.2/../../../../arm-elf/lib/libc.a(lib_a-findfp.o)
 .v4_bx         0x00000000        0x0 /cygdrive/c/Users/Public/Desktop/CmpE146Package/GNUARM/bin/../lib/gcc/arm-elf/4.3.2/../../../../arm-elf/lib/libc.a(lib_a-freer.o)
 .v4_bx         0x00000000        0x0 /cygdrive/c/Users/Public/Desktop/CmpE146Package/GNUARM/bin/../lib/gcc/arm-elf/4.3.2/../../../../arm-elf/lib/libc.a(lib_a-fvwrite.o)
 .v4_bx         0x00000000        0x0 /cygdrive/c/Users/Public/Desktop/CmpE146Package/GNUARM/bin/../lib/gcc/arm-elf/4.3.2/../../../../arm-elf/lib/libc.a(lib_a-fwalk.o)
 .v4_bx         0x00000000        0x0 /cygdrive/c/Users/Public/Desktop/CmpE146Package/GNUARM/bin/../lib/gcc/arm-elf/4.3.2/../../../../arm-elf/lib/libc.a(lib_a-impure.o)
 .v4_bx         0x00000000        0x0 /cygdrive/c/Users/Public/Desktop/CmpE146Package/GNUARM/bin/../lib/gcc/arm-elf/4.3.2/../../../../arm-elf/lib/libc.a(lib_a-makebuf.o)
 .v4_bx         0x00000000        0x0 /cygdrive/c/Users/Public/Desktop/CmpE146Package/GNUARM/bin/../lib/gcc/arm-elf/4.3.2/../../../../arm-elf/lib/libc.a(lib_a-memchr.o)
 .v4_bx         0x00000000        0x0 /cygdrive/c/Users/Public/Desktop/CmpE146Package/GNUARM/bin/../lib/gcc/arm-elf/4.3.2/../../../../arm-elf/lib/libc.a(lib_a-memmove.o)
 .v4_bx         0x00000000        0x0 /cygdrive/c/Users/Public/Desktop/CmpE146Package/GNUARM/bin/../lib/gcc/arm-elf/4.3.2/../../../../arm-elf/lib/libc.a(lib_a-reallocr.o)
 .v4_bx         0x00000000        0x0 /cygdrive/c/Users/Public/Desktop/CmpE146Package/GNUARM/bin/../lib/gcc/arm-elf/4.3.2/../../../../arm-elf/lib/libc.a(lib_a-stdio.o)
 .v4_bx         0x00000000        0x0 /cygdrive/c/Users/Public/Desktop/CmpE146Package/GNUARM/bin/../lib/gcc/arm-elf/4.3.2/../../../../arm-elf/lib/libc.a(lib_a-syscalls.o)
 .v4_bx         0x00000000        0x0 /cygdrive/c/Users/Public/Desktop/CmpE146Package/GNUARM/bin/../lib/gcc/arm-elf/4.3.2/../../../../arm-elf/lib/libc.a(lib_a-errno.o)
 .v4_bx         0x00000000        0x0 /cygdrive/c/Users/Public/Desktop/CmpE146Package/GNUARM/bin/../lib/gcc/arm-elf/4.3.2/../../../../arm-elf/lib/libc.a(lib_a-fclose.o)

.dtors          0x0000ea8c        0x0
                0x0000ea8c                __dtors_start__ = .
 *(SORT(.dtors.*))
 *(.dtors)
                0x0000ea8c                __dtors_end__ = (__dtors_start__ + SIZEOF (.dtors))
                0x0000ea8c                __ctors_load_start__ = (__dtors_end__ ALIGN 0x4)

.ctors          0x0000ea8c        0x0
                0x0000ea8c                __ctors_start__ = .
 *(SORT(.ctors.*))
 *(.ctors)
                0x0000ea8c                __ctors_end__ = (__ctors_start__ + SIZEOF (.ctors))
                0x0000ea8c                __rodata_load_start__ = (__ctors_end__ ALIGN 0x4)

.rodata         0x0000ea8c     0x1f0c
                0x0000ea8c                __rodata_start__ = .
 *(.rodata .rodata.* .gnu.linkonce.r.*)
 .rodata.str1.1
                0x0000ea8c       0xcb ./main.o
 .rodata.str1.1
                0x0000eb57      0x49d ./tasks/userInterface.o
                                0x4a5 (size before relaxing)
 .rodata.str1.1
                0x0000eff4       0x10 ./fat/ff.o
 .rodata        0x0000f004       0x8d ./fat/ff.o
 *fill*         0x0000f091        0x1 00
 .rodata        0x0000f092      0x4c0 ./fat/option/ccsbcs.o
 .rodata.str1.1
                0x0000f552       0x25 ./drivers/i2c.o
 .rodata        0x0000f577       0x19 ./drivers/pcm1774.o
 .rodata        0x0000f590      0xfe0 ./drivers/sta013.o
                0x0000f5c0                STA013_UpdateData
                0x0000f590                MP3_Bitrates
                0x0000f5b0                MP3_SamplingFrequencies
 .rodata.str1.1
                0x00010570       0x9d ./System/cpu.o
                                 0xc8 (size before relaxing)
 .rodata.str1.1
                0x0001060d       0x14 ./System/syscalls.o
 .rodata.str1.1
                0x00010621       0xd6 ./System/startup/exceptionHandlers.o
 .rodata.str1.1
                0x000106f7       0x80 ./FreeRTOS/src/tasks.o
 .rodata        0x00010777       0x14 ./FreeRTOS/src/tasks.o
 .rodata.str1.1
                0x0001078b        0x8 ./FreeRTOS/src/timers.o
 .rodata.str1.1
                0x00010793       0x8d ./FreeRTOS/hooks/hooks.o
 .rodata.str1.4
                0x00010820       0x4a /cygdrive/c/Users/Public/Desktop/CmpE146Package/GNUARM/bin/../lib/gcc/arm-elf/4.3.2/../../../../arm-elf/lib/libc.a(lib_a-vfiprintf.o)
                                 0x4c (size before relaxing)
 .rodata        0x0001086a       0x20 /cygdrive/c/Users/Public/Desktop/CmpE146Package/GNUARM/bin/../lib/gcc/arm-elf/4.3.2/../../../../arm-elf/lib/libc.a(lib_a-vfiprintf.o)
 .rodata        0x0001088a      0x101 /cygdrive/c/Users/Public/Desktop/CmpE146Package/GNUARM/bin/../lib/gcc/arm-elf/4.3.2/../../../../arm-elf/lib/libc.a(lib_a-ctype_.o)
                0x0001088a                _ctype_
 *fill*         0x0001098b        0x1 00
 .rodata        0x0001098c        0x4 /cygdrive/c/Users/Public/Desktop/CmpE146Package/GNUARM/bin/../lib/gcc/arm-elf/4.3.2/../../../../arm-elf/lib/libc.a(lib_a-impure.o)
                0x0001098c                _global_impure_ptr
 .rodata.str1.4
                0x00010990        0x2 /cygdrive/c/Users/Public/Desktop/CmpE146Package/GNUARM/bin/../lib/gcc/arm-elf/4.3.2/../../../../arm-elf/lib/libc.a(lib_a-impure.o)
                                  0x4 (size before relaxing)
 *fill*         0x00010992        0x2 00
 .rodata.str1.4
                0x00010994        0x4 /cygdrive/c/Users/Public/Desktop/CmpE146Package/GNUARM/bin/../lib/gcc/arm-elf/4.3.2/../../../../arm-elf/lib/libc.a(lib_a-syscalls.o)
                0x00010998                __rodata_end__ = (__rodata_start__ + SIZEOF (.rodata))
                0x00010998                __symbol_table_start__ = (__rodata_end__ ALIGN 0x4)

.symbol_table   0x00010998        0x0
                0x00010998                __symbol_table_start__ = .
 *(.symbol_table)
                0x00010998                __symbol_table_end__ = (__symbol_table_start__ + SIZEOF (.symbol_table))
                0x00010998                __fast_load_start__ = (__symbol_table_end__ ALIGN 0x4)

.fast           0x4000003c        0x0 load address 0x00010998
                0x4000003c                __fast_start__ = .
 *(.fast .fast.*)
                0x4000003c                __fast_end__ = (__fast_start__ + SIZEOF (.fast))
                0x00010998                __fast_load_end__ = (__fast_load_start__ + SIZEOF (.fast))

.fast_run       0x4000003c        0x0
                0x4000003c                __fast_run_start__ = .
                0x4000003c                . = ((__fast_run_start__ + SIZEOF (.fast)) MAX .)
                0x4000003c                __fast_run_end__ = (__fast_run_start__ + SIZEOF (.fast_run))
                0x00010998                __data_load_start__ = ((__fast_load_start__ + SIZEOF (.fast)) ALIGN 0x4)

.data           0x4000003c      0x828 load address 0x00010998
                0x4000003c                __data_start__ = .
 *(.data .data.* .gnu.linkonce.d.*)
 .data          0x4000003c        0x0 ./main.o
 .data          0x4000003c        0x0 ./utils/src/rprintf.o
 .data          0x4000003c        0x4 ./utils/src/timer.o
 .data          0x40000040        0x0 ./tasks/userInterface.o
 .data          0x40000040        0x1 ./fat/diskio.o
                0x40000040                Stat
 .data          0x40000041        0x0 ./fat/ff.o
 .data          0x40000041        0x0 ./fat/rtc.o
 .data          0x40000041        0x0 ./fat/option/ccsbcs.o
 .data          0x40000041        0x0 ./fat/option/reentrant.o
 .data          0x40000041        0x0 ./drivers/i2c.o
 .data          0x40000041        0x0 ./drivers/pcm1774.o
 .data          0x40000041        0x0 ./drivers/ssp_spi.o
 .data          0x40000041        0x0 ./drivers/sta013.o
 .data          0x40000041        0x0 ./drivers/uart0.o
 .data          0x40000041        0x0 ./drivers/watchdog.o
 .data          0x40000041        0x0 ./System/cppmem.o
 .data          0x40000041        0x0 ./System/cpu.o
 .data          0x40000041        0x0 ./System/syscalls.o
 .data          0x40000041        0x0 ./System/startup/Arm7CStartup.o
 .data          0x40000041        0x0 ./System/startup/Lpc2000ExceptionVectors.o
 .data          0x40000041        0x0 ./System/startup/exceptionHandlers.o
 .data          0x40000041        0x0 ./FreeRTOS/src/croutine.o
 .data          0x40000041        0x0 ./FreeRTOS/src/list.o
 .data          0x40000041        0x0 ./FreeRTOS/src/port.o
 *fill*         0x40000041        0x3 00
 .data          0x40000044        0x4 ./FreeRTOS/src/portISR.o
                0x40000044                ulCriticalNesting
 .data          0x40000048        0x0 ./FreeRTOS/src/queue.o
 .data          0x40000048        0x4 ./FreeRTOS/src/tasks.o
 .data          0x4000004c        0x0 ./FreeRTOS/src/timers.o
 .data          0x4000004c        0x0 ./FreeRTOS/mem/heap_3.o
 .data          0x4000004c        0x0 ./FreeRTOS/hooks/hooks.o
 .data          0x4000004c        0x0 /cygdrive/c/Users/Public/Desktop/CmpE146Package/GNUARM/bin/../lib/gcc/arm-elf/4.3.2/libgcc.a(_udivsi3.o)
 .data          0x4000004c        0x0 /cygdrive/c/Users/Public/Desktop/CmpE146Package/GNUARM/bin/../lib/gcc/arm-elf/4.3.2/libgcc.a(_divsi3.o)
 .data          0x4000004c        0x0 /cygdrive/c/Users/Public/Desktop/CmpE146Package/GNUARM/bin/../lib/gcc/arm-elf/4.3.2/libgcc.a(_umodsi3.o)
 .data          0x4000004c        0x0 /cygdrive/c/Users/Public/Desktop/CmpE146Package/GNUARM/bin/../lib/gcc/arm-elf/4.3.2/libgcc.a(_dvmd_tls.o)
 .data          0x4000004c        0x0 /cygdrive/c/Users/Public/Desktop/CmpE146Package/GNUARM/bin/../lib/gcc/arm-elf/4.3.2/../../../../arm-elf/lib/libc.a(lib_a-atoi.o)
 .data          0x4000004c        0x0 /cygdrive/c/Users/Public/Desktop/CmpE146Package/GNUARM/bin/../lib/gcc/arm-elf/4.3.2/../../../../arm-elf/lib/libc.a(lib_a-iprintf.o)
 .data          0x4000004c        0x0 /cygdrive/c/Users/Public/Desktop/CmpE146Package/GNUARM/bin/../lib/gcc/arm-elf/4.3.2/../../../../arm-elf/lib/libc.a(lib_a-malloc.o)
 .data          0x4000004c      0x410 /cygdrive/c/Users/Public/Desktop/CmpE146Package/GNUARM/bin/../lib/gcc/arm-elf/4.3.2/../../../../arm-elf/lib/libc.a(lib_a-mallocr.o)
                0x40000458                __malloc_sbrk_base
                0x4000004c                __malloc_av_
                0x40000454                __malloc_trim_threshold
 .data          0x4000045c        0x0 /cygdrive/c/Users/Public/Desktop/CmpE146Package/GNUARM/bin/../lib/gcc/arm-elf/4.3.2/../../../../arm-elf/lib/libc.a(lib_a-memcmp.o)
 .data          0x4000045c        0x0 /cygdrive/c/Users/Public/Desktop/CmpE146Package/GNUARM/bin/../lib/gcc/arm-elf/4.3.2/../../../../arm-elf/lib/libc.a(lib_a-memcpy.o)
 .data          0x4000045c        0x0 /cygdrive/c/Users/Public/Desktop/CmpE146Package/GNUARM/bin/../lib/gcc/arm-elf/4.3.2/../../../../arm-elf/lib/libc.a(lib_a-memset.o)
 .data          0x4000045c        0x0 /cygdrive/c/Users/Public/Desktop/CmpE146Package/GNUARM/bin/../lib/gcc/arm-elf/4.3.2/../../../../arm-elf/lib/libc.a(lib_a-mlock.o)
 .data          0x4000045c        0x0 /cygdrive/c/Users/Public/Desktop/CmpE146Package/GNUARM/bin/../lib/gcc/arm-elf/4.3.2/../../../../arm-elf/lib/libc.a(lib_a-siprintf.o)
 .data          0x4000045c        0x0 /cygdrive/c/Users/Public/Desktop/CmpE146Package/GNUARM/bin/../lib/gcc/arm-elf/4.3.2/../../../../arm-elf/lib/libc.a(lib_a-strcmp.o)
 .data          0x4000045c        0x0 /cygdrive/c/Users/Public/Desktop/CmpE146Package/GNUARM/bin/../lib/gcc/arm-elf/4.3.2/../../../../arm-elf/lib/libc.a(lib_a-strcpy.o)
 .data          0x4000045c        0x0 /cygdrive/c/Users/Public/Desktop/CmpE146Package/GNUARM/bin/../lib/gcc/arm-elf/4.3.2/../../../../arm-elf/lib/libc.a(lib_a-strlen.o)
 .data          0x4000045c        0x0 /cygdrive/c/Users/Public/Desktop/CmpE146Package/GNUARM/bin/../lib/gcc/arm-elf/4.3.2/../../../../arm-elf/lib/libc.a(lib_a-strncpy.o)
 .data          0x4000045c        0x0 /cygdrive/c/Users/Public/Desktop/CmpE146Package/GNUARM/bin/../lib/gcc/arm-elf/4.3.2/../../../../arm-elf/lib/libc.a(lib_a-strtok.o)
 .data          0x4000045c        0x0 /cygdrive/c/Users/Public/Desktop/CmpE146Package/GNUARM/bin/../lib/gcc/arm-elf/4.3.2/../../../../arm-elf/lib/libc.a(lib_a-strtok_r.o)
 .data          0x4000045c        0x0 /cygdrive/c/Users/Public/Desktop/CmpE146Package/GNUARM/bin/../lib/gcc/arm-elf/4.3.2/../../../../arm-elf/lib/libc.a(lib_a-strtol.o)
 .data          0x4000045c        0x0 /cygdrive/c/Users/Public/Desktop/CmpE146Package/GNUARM/bin/../lib/gcc/arm-elf/4.3.2/../../../../arm-elf/lib/libc.a(lib_a-vfiprintf.o)
 .data          0x4000045c        0x0 /cygdrive/c/Users/Public/Desktop/CmpE146Package/GNUARM/bin/../lib/gcc/arm-elf/4.3.2/../../../../arm-elf/lib/libc.a(lib_a-wsetup.o)
 .data          0x4000045c        0x4 /cygdrive/c/Users/Public/Desktop/CmpE146Package/GNUARM/bin/../lib/gcc/arm-elf/4.3.2/../../../../arm-elf/lib/libc.a(lib_a-ctype_.o)
                0x4000045c                __ctype_ptr
 .data          0x40000460        0x0 /cygdrive/c/Users/Public/Desktop/CmpE146Package/GNUARM/bin/../lib/gcc/arm-elf/4.3.2/../../../../arm-elf/lib/libc.a(lib_a-fflush.o)
 .data          0x40000460        0x0 /cygdrive/c/Users/Public/Desktop/CmpE146Package/GNUARM/bin/../lib/gcc/arm-elf/4.3.2/../../../../arm-elf/lib/libc.a(lib_a-findfp.o)
 .data          0x40000460        0x0 /cygdrive/c/Users/Public/Desktop/CmpE146Package/GNUARM/bin/../lib/gcc/arm-elf/4.3.2/../../../../arm-elf/lib/libc.a(lib_a-freer.o)
 .data          0x40000460        0x0 /cygdrive/c/Users/Public/Desktop/CmpE146Package/GNUARM/bin/../lib/gcc/arm-elf/4.3.2/../../../../arm-elf/lib/libc.a(lib_a-fvwrite.o)
 .data          0x40000460        0x0 /cygdrive/c/Users/Public/Desktop/CmpE146Package/GNUARM/bin/../lib/gcc/arm-elf/4.3.2/../../../../arm-elf/lib/libc.a(lib_a-fwalk.o)
 .data          0x40000460      0x404 /cygdrive/c/Users/Public/Desktop/CmpE146Package/GNUARM/bin/../lib/gcc/arm-elf/4.3.2/../../../../arm-elf/lib/libc.a(lib_a-impure.o)
                0x40000460                _impure_ptr
 .data          0x40000864        0x0 /cygdrive/c/Users/Public/Desktop/CmpE146Package/GNUARM/bin/../lib/gcc/arm-elf/4.3.2/../../../../arm-elf/lib/libc.a(lib_a-makebuf.o)
 .data          0x40000864        0x0 /cygdrive/c/Users/Public/Desktop/CmpE146Package/GNUARM/bin/../lib/gcc/arm-elf/4.3.2/../../../../arm-elf/lib/libc.a(lib_a-memchr.o)
 .data          0x40000864        0x0 /cygdrive/c/Users/Public/Desktop/CmpE146Package/GNUARM/bin/../lib/gcc/arm-elf/4.3.2/../../../../arm-elf/lib/libc.a(lib_a-memmove.o)
 .data          0x40000864        0x0 /cygdrive/c/Users/Public/Desktop/CmpE146Package/GNUARM/bin/../lib/gcc/arm-elf/4.3.2/../../../../arm-elf/lib/libc.a(lib_a-reallocr.o)
 .data          0x40000864        0x0 /cygdrive/c/Users/Public/Desktop/CmpE146Package/GNUARM/bin/../lib/gcc/arm-elf/4.3.2/../../../../arm-elf/lib/libc.a(lib_a-stdio.o)
 .data          0x40000864        0x0 /cygdrive/c/Users/Public/Desktop/CmpE146Package/GNUARM/bin/../lib/gcc/arm-elf/4.3.2/../../../../arm-elf/lib/libc.a(lib_a-syscalls.o)
 .data          0x40000864        0x0 /cygdrive/c/Users/Public/Desktop/CmpE146Package/GNUARM/bin/../lib/gcc/arm-elf/4.3.2/../../../../arm-elf/lib/libc.a(lib_a-errno.o)
 .data          0x40000864        0x0 /cygdrive/c/Users/Public/Desktop/CmpE146Package/GNUARM/bin/../lib/gcc/arm-elf/4.3.2/../../../../arm-elf/lib/libc.a(lib_a-fclose.o)
                0x40000864                __data_end__ = (__data_start__ + SIZEOF (.data))
                0x000111c0                __data_load_end__ = (__data_load_start__ + SIZEOF (.data))

.data_run       0x4000003c      0x828
                0x4000003c                __data_run_start__ = .
                0x40000864                . = ((__data_run_start__ + SIZEOF (.data)) MAX .)
 *fill*         0x4000003c      0x828 00
                0x40000864                __data_run_end__ = (__data_run_start__ + SIZEOF (.data_run))
                0x40000864                __bss_load_start__ = (__data_run_end__ ALIGN 0x4)

.bss            0x40000864      0x23d load address 0x000111c0
                0x40000864                __bss_start__ = .
 *(.bss .bss.* .gnu.linkonce.b.*)
 .bss           0x40000864        0x0 ./main.o
 .bss           0x40000864        0x4 ./utils/src/rprintf.o
 .bss           0x40000868        0x0 ./utils/src/timer.o
 .bss           0x40000868        0x0 ./tasks/userInterface.o
 .bss           0x40000868        0x1 ./fat/diskio.o
 *fill*         0x40000869        0x3 00
 .bss           0x4000086c        0x8 ./fat/ff.o
 .bss           0x40000874        0x0 ./fat/rtc.o
 .bss           0x40000874        0x0 ./fat/option/ccsbcs.o
 .bss           0x40000874        0x0 ./fat/option/reentrant.o
 .bss           0x40000874       0x10 ./drivers/i2c.o
                0x40000880                mReadNotWrite
                0x40000875                mSlaveReg
                0x40000876                mSlaveData
                0x4000087c                mRxLen
                0x40000878                mTrxLen
                0x40000874                mSlaveAddr
 .bss           0x40000884        0x0 ./drivers/pcm1774.o
 .bss           0x40000884        0x0 ./drivers/ssp_spi.o
 .bss           0x40000884        0x0 ./drivers/sta013.o
 .bss           0x40000884        0xc ./drivers/uart0.o
 .bss           0x40000890        0x0 ./drivers/watchdog.o
 .bss           0x40000890        0x0 ./System/cppmem.o
 .bss           0x40000890        0x0 ./System/cpu.o
 .bss           0x40000890        0x4 ./System/syscalls.o
 .bss           0x40000894        0x0 ./System/startup/Arm7CStartup.o
 .bss           0x40000894        0x0 ./System/startup/Lpc2000ExceptionVectors.o
 .bss           0x40000894        0x0 ./System/startup/exceptionHandlers.o
 .bss           0x40000894        0x0 ./FreeRTOS/src/croutine.o
 .bss           0x40000894        0x0 ./FreeRTOS/src/list.o
 .bss           0x40000894        0x0 ./FreeRTOS/src/port.o
 .bss           0x40000894        0x0 ./FreeRTOS/src/portISR.o
 .bss           0x40000894        0x0 ./FreeRTOS/src/queue.o
 .bss           0x40000894       0xdc ./FreeRTOS/src/tasks.o
                0x40000894                pxCurrentTCB
                0x40000898                ulISROverhead
 .bss           0x40000970       0x38 ./FreeRTOS/src/timers.o
 .bss           0x400009a8        0x0 ./FreeRTOS/mem/heap_3.o
 .bss           0x400009a8        0x0 ./FreeRTOS/hooks/hooks.o
 .bss           0x400009a8        0x0 /cygdrive/c/Users/Public/Desktop/CmpE146Package/GNUARM/bin/../lib/gcc/arm-elf/4.3.2/libgcc.a(_udivsi3.o)
 .bss           0x400009a8        0x0 /cygdrive/c/Users/Public/Desktop/CmpE146Package/GNUARM/bin/../lib/gcc/arm-elf/4.3.2/libgcc.a(_divsi3.o)
 .bss           0x400009a8        0x0 /cygdrive/c/Users/Public/Desktop/CmpE146Package/GNUARM/bin/../lib/gcc/arm-elf/4.3.2/libgcc.a(_umodsi3.o)
 .bss           0x400009a8        0x0 /cygdrive/c/Users/Public/Desktop/CmpE146Package/GNUARM/bin/../lib/gcc/arm-elf/4.3.2/libgcc.a(_dvmd_tls.o)
 .bss           0x400009a8        0x0 /cygdrive/c/Users/Public/Desktop/CmpE146Package/GNUARM/bin/../lib/gcc/arm-elf/4.3.2/../../../../arm-elf/lib/libc.a(lib_a-atoi.o)
 .bss           0x400009a8        0x0 /cygdrive/c/Users/Public/Desktop/CmpE146Package/GNUARM/bin/../lib/gcc/arm-elf/4.3.2/../../../../arm-elf/lib/libc.a(lib_a-iprintf.o)
 .bss           0x400009a8        0x0 /cygdrive/c/Users/Public/Desktop/CmpE146Package/GNUARM/bin/../lib/gcc/arm-elf/4.3.2/../../../../arm-elf/lib/libc.a(lib_a-malloc.o)
 .bss           0x400009a8       0x34 /cygdrive/c/Users/Public/Desktop/CmpE146Package/GNUARM/bin/../lib/gcc/arm-elf/4.3.2/../../../../arm-elf/lib/libc.a(lib_a-mallocr.o)
                0x400009a8                __malloc_top_pad
                0x400009ac                __malloc_max_sbrked_mem
                0x400009b4                __malloc_current_mallinfo
                0x400009b0                __malloc_max_total_mem
 .bss           0x400009dc        0x0 /cygdrive/c/Users/Public/Desktop/CmpE146Package/GNUARM/bin/../lib/gcc/arm-elf/4.3.2/../../../../arm-elf/lib/libc.a(lib_a-memcmp.o)
 .bss           0x400009dc        0x0 /cygdrive/c/Users/Public/Desktop/CmpE146Package/GNUARM/bin/../lib/gcc/arm-elf/4.3.2/../../../../arm-elf/lib/libc.a(lib_a-memcpy.o)
 .bss           0x400009dc        0x0 /cygdrive/c/Users/Public/Desktop/CmpE146Package/GNUARM/bin/../lib/gcc/arm-elf/4.3.2/../../../../arm-elf/lib/libc.a(lib_a-memset.o)
 .bss           0x400009dc        0x0 /cygdrive/c/Users/Public/Desktop/CmpE146Package/GNUARM/bin/../lib/gcc/arm-elf/4.3.2/../../../../arm-elf/lib/libc.a(lib_a-mlock.o)
 .bss           0x400009dc        0x0 /cygdrive/c/Users/Public/Desktop/CmpE146Package/GNUARM/bin/../lib/gcc/arm-elf/4.3.2/../../../../arm-elf/lib/libc.a(lib_a-siprintf.o)
 .bss           0x400009dc        0x0 /cygdrive/c/Users/Public/Desktop/CmpE146Package/GNUARM/bin/../lib/gcc/arm-elf/4.3.2/../../../../arm-elf/lib/libc.a(lib_a-strcmp.o)
 .bss           0x400009dc        0x0 /cygdrive/c/Users/Public/Desktop/CmpE146Package/GNUARM/bin/../lib/gcc/arm-elf/4.3.2/../../../../arm-elf/lib/libc.a(lib_a-strcpy.o)
 .bss           0x400009dc        0x0 /cygdrive/c/Users/Public/Desktop/CmpE146Package/GNUARM/bin/../lib/gcc/arm-elf/4.3.2/../../../../arm-elf/lib/libc.a(lib_a-strlen.o)
 .bss           0x400009dc        0x0 /cygdrive/c/Users/Public/Desktop/CmpE146Package/GNUARM/bin/../lib/gcc/arm-elf/4.3.2/../../../../arm-elf/lib/libc.a(lib_a-strncpy.o)
 .bss           0x400009dc        0x0 /cygdrive/c/Users/Public/Desktop/CmpE146Package/GNUARM/bin/../lib/gcc/arm-elf/4.3.2/../../../../arm-elf/lib/libc.a(lib_a-strtok.o)
 .bss           0x400009dc        0x0 /cygdrive/c/Users/Public/Desktop/CmpE146Package/GNUARM/bin/../lib/gcc/arm-elf/4.3.2/../../../../arm-elf/lib/libc.a(lib_a-strtok_r.o)
 .bss           0x400009dc        0x0 /cygdrive/c/Users/Public/Desktop/CmpE146Package/GNUARM/bin/../lib/gcc/arm-elf/4.3.2/../../../../arm-elf/lib/libc.a(lib_a-strtol.o)
 .bss           0x400009dc        0x0 /cygdrive/c/Users/Public/Desktop/CmpE146Package/GNUARM/bin/../lib/gcc/arm-elf/4.3.2/../../../../arm-elf/lib/libc.a(lib_a-vfiprintf.o)
 .bss           0x400009dc        0x0 /cygdrive/c/Users/Public/Desktop/CmpE146Package/GNUARM/bin/../lib/gcc/arm-elf/4.3.2/../../../../arm-elf/lib/libc.a(lib_a-wsetup.o)
 .bss           0x400009dc        0x0 /cygdrive/c/Users/Public/Desktop/CmpE146Package/GNUARM/bin/../lib/gcc/arm-elf/4.3.2/../../../../arm-elf/lib/libc.a(lib_a-ctype_.o)
 .bss           0x400009dc        0x0 /cygdrive/c/Users/Public/Desktop/CmpE146Package/GNUARM/bin/../lib/gcc/arm-elf/4.3.2/../../../../arm-elf/lib/libc.a(lib_a-fflush.o)
 .bss           0x400009dc        0x0 /cygdrive/c/Users/Public/Desktop/CmpE146Package/GNUARM/bin/../lib/gcc/arm-elf/4.3.2/../../../../arm-elf/lib/libc.a(lib_a-findfp.o)
 .bss           0x400009dc        0x0 /cygdrive/c/Users/Public/Desktop/CmpE146Package/GNUARM/bin/../lib/gcc/arm-elf/4.3.2/../../../../arm-elf/lib/libc.a(lib_a-freer.o)
 .bss           0x400009dc        0x0 /cygdrive/c/Users/Public/Desktop/CmpE146Package/GNUARM/bin/../lib/gcc/arm-elf/4.3.2/../../../../arm-elf/lib/libc.a(lib_a-fvwrite.o)
 .bss           0x400009dc        0x0 /cygdrive/c/Users/Public/Desktop/CmpE146Package/GNUARM/bin/../lib/gcc/arm-elf/4.3.2/../../../../arm-elf/lib/libc.a(lib_a-fwalk.o)
 .bss           0x400009dc        0x0 /cygdrive/c/Users/Public/Desktop/CmpE146Package/GNUARM/bin/../lib/gcc/arm-elf/4.3.2/../../../../arm-elf/lib/libc.a(lib_a-impure.o)
 .bss           0x400009dc        0x0 /cygdrive/c/Users/Public/Desktop/CmpE146Package/GNUARM/bin/../lib/gcc/arm-elf/4.3.2/../../../../arm-elf/lib/libc.a(lib_a-makebuf.o)
 .bss           0x400009dc        0x0 /cygdrive/c/Users/Public/Desktop/CmpE146Package/GNUARM/bin/../lib/gcc/arm-elf/4.3.2/../../../../arm-elf/lib/libc.a(lib_a-memchr.o)
 .bss           0x400009dc        0x0 /cygdrive/c/Users/Public/Desktop/CmpE146Package/GNUARM/bin/../lib/gcc/arm-elf/4.3.2/../../../../arm-elf/lib/libc.a(lib_a-memmove.o)
 .bss           0x400009dc        0x0 /cygdrive/c/Users/Public/Desktop/CmpE146Package/GNUARM/bin/../lib/gcc/arm-elf/4.3.2/../../../../arm-elf/lib/libc.a(lib_a-reallocr.o)
 .bss           0x400009dc        0x0 /cygdrive/c/Users/Public/Desktop/CmpE146Package/GNUARM/bin/../lib/gcc/arm-elf/4.3.2/../../../../arm-elf/lib/libc.a(lib_a-stdio.o)
 .bss           0x400009dc       0xb0 /cygdrive/c/Users/Public/Desktop/CmpE146Package/GNUARM/bin/../lib/gcc/arm-elf/4.3.2/../../../../arm-elf/lib/libc.a(lib_a-syscalls.o)
 .bss           0x40000a8c        0x0 /cygdrive/c/Users/Public/Desktop/CmpE146Package/GNUARM/bin/../lib/gcc/arm-elf/4.3.2/../../../../arm-elf/lib/libc.a(lib_a-errno.o)
 .bss           0x40000a8c        0x0 /cygdrive/c/Users/Public/Desktop/CmpE146Package/GNUARM/bin/../lib/gcc/arm-elf/4.3.2/../../../../arm-elf/lib/libc.a(lib_a-fclose.o)
 *(COMMON)
 COMMON         0x40000a8c        0x9 ./fat/diskio.o
                0x40000a8c                CardType
                0x40000a8d                Timer2
                0x40000a90                SPIAccessSemaphore
                0x40000a94                Timer1
 *fill*         0x40000a95        0x3 00
 COMMON         0x40000a98        0x8 ./drivers/i2c.o
                0x40000a98                i2cReadCompleteSignal
                0x40000a9c                i2cMutex
 COMMON         0x40000aa0        0x1 ./drivers/ssp_spi.o
                0x40000aa0                sspSpiDummyByte
                0x40000aa1                __bss_end__ = (__bss_start__ + SIZEOF (.bss))
                0x40000aa4                __non_init_load_start__ = (__bss_end__ ALIGN 0x4)

.non_init       0x40000aa4        0x0
                0x40000aa4                __non_init_start__ = .
 *(.non_init .non_init.*)
                0x40000aa4                __non_init_end__ = (__non_init_start__ + SIZEOF (.non_init))
                0x40000aa4                __stack_user_load_start__ = (__non_init_end__ ALIGN 0x4)

.stack          0x40000aa4        0x0
                0x40000aa4                __stack_user_start__ = .
 *(.stack)
                0x40000aa4                . = ((__stack_user_start__ + __STACKSIZE_USER__) MAX .)
                0x40000aa4                __stack_user_end__ = (__stack_user_start__ + SIZEOF (.stack))
                0x40000aa4                __stack_irq_load_start__ = (__stack_user_end__ ALIGN 0x4)

.stack_irq      0x40000aa4      0x200
                0x40000aa4                __stack_irq_start__ = .
 *(.stack_irq)
                0x40000ca4                . = ((__stack_irq_start__ + __STACKSIZE_IRQ__) MAX .)
 *fill*         0x40000aa4      0x200 00
                0x40000ca4                __stack_irq_end__ = (__stack_irq_start__ + SIZEOF (.stack_irq))
                0x40000ca4                __stack_fiq_load_start__ = (__stack_irq_end__ ALIGN 0x4)

.stack_fiq      0x40000ca4       0x40
                0x40000ca4                __stack_fiq_start__ = .
 *(.stack_fiq)
                0x40000ce4                . = ((__stack_fiq_start__ + __STACKSIZE_FIQ__) MAX .)
 *fill*         0x40000ca4       0x40 00
                0x40000ce4                __stack_fiq_end__ = (__stack_fiq_start__ + SIZEOF (.stack_fiq))
                0x40000ce4                __stack_svc_load_start__ = (__stack_fiq_end__ ALIGN 0x4)

.stack_svc      0x40000ce4      0x200
                0x40000ce4                __stack_svc_start__ = .
 *(.stack_svc)
                0x40000ee4                . = ((__stack_svc_start__ + __STACKSIZE_SVC__) MAX .)
 *fill*         0x40000ce4      0x200 00
                0x40000ee4                __stack_svc_end__ = (__stack_svc_start__ + SIZEOF (.stack_svc))
                0x40000ee4                __stack_abt_load_start__ = (__stack_svc_end__ ALIGN 0x4)

.stack_abt      0x40000ee4        0x0
                0x40000ee4                __stack_abt_start__ = .
 *(.stack_abt)
                0x40000ee4                . = ((__stack_abt_start__ + __STACKSIZE_ABT__) MAX .)
                0x40000ee4                __stack_abt_end__ = (__stack_abt_start__ + SIZEOF (.stack_abt))
                0x40000ee4                __stack_und_load_start__ = (__stack_abt_end__ ALIGN 0x4)

.stack_und      0x40000ee4        0x0
                0x40000ee4                __stack_und_start__ = .
 *(.stack_und)
                0x40000ee4                . = ((__stack_und_start__ + __STACKSIZE_UND__) MAX .)
                0x40000ee4                __stack_und_end__ = (__stack_und_start__ + SIZEOF (.stack_und))
                0x40000ee4                __heap_load_start__ = (__stack_und_end__ ALIGN 0x4)

.heap           0x40000ee4        0x0
                0x40000ee4                __heap_start__ = .
 *(.heap)
                0x40000ee4                . = ((__heap_start__ + __HEAPSIZE__) MAX .)
                0x40000ee4                __heap_end__ = (__heap_start__ + SIZEOF (.heap))
                0x40000ee4                end = .
OUTPUT(L3_lpc2148_freertos_cpp_i2c.elf elf32-littlearm)

.comment        0x00000000      0x44a
 .comment       0x00000000       0x12 ./main.o
 .comment       0x00000012       0x12 ./utils/src/rprintf.o
 .comment       0x00000024       0x12 ./utils/src/timer.o
 .comment       0x00000036       0x12 ./tasks/userInterface.o
 .comment       0x00000048       0x12 ./fat/diskio.o
 .comment       0x0000005a       0x12 ./fat/ff.o
 .comment       0x0000006c       0x12 ./fat/rtc.o
 .comment       0x0000007e       0x12 ./fat/option/ccsbcs.o
 .comment       0x00000090       0x12 ./fat/option/reentrant.o
 .comment       0x000000a2       0x12 ./drivers/i2c.o
 .comment       0x000000b4       0x12 ./drivers/pcm1774.o
 .comment       0x000000c6       0x12 ./drivers/ssp_spi.o
 .comment       0x000000d8       0x12 ./drivers/sta013.o
 .comment       0x000000ea       0x12 ./drivers/uart0.o
 .comment       0x000000fc       0x12 ./drivers/watchdog.o
 .comment       0x0000010e       0x12 ./System/cppmem.o
 .comment       0x00000120       0x12 ./System/cpu.o
 .comment       0x00000132       0x12 ./System/syscalls.o
 .comment       0x00000144       0x12 ./System/startup/exceptionHandlers.o
 .comment       0x00000156       0x12 ./FreeRTOS/src/croutine.o
 .comment       0x00000168       0x12 ./FreeRTOS/src/list.o
 .comment       0x0000017a       0x12 ./FreeRTOS/src/port.o
 .comment       0x0000018c       0x12 ./FreeRTOS/src/portISR.o
 .comment       0x0000019e       0x12 ./FreeRTOS/src/queue.o
 .comment       0x000001b0       0x12 ./FreeRTOS/src/tasks.o
 .comment       0x000001c2       0x12 ./FreeRTOS/src/timers.o
 .comment       0x000001d4       0x12 ./FreeRTOS/mem/heap_3.o
 .comment       0x000001e6       0x12 ./FreeRTOS/hooks/hooks.o
 .comment       0x000001f8       0x12 /cygdrive/c/Users/Public/Desktop/CmpE146Package/GNUARM/bin/../lib/gcc/arm-elf/4.3.2/../../../../arm-elf/lib/libc.a(lib_a-atoi.o)
 .comment       0x0000020a       0x12 /cygdrive/c/Users/Public/Desktop/CmpE146Package/GNUARM/bin/../lib/gcc/arm-elf/4.3.2/../../../../arm-elf/lib/libc.a(lib_a-iprintf.o)
 .comment       0x0000021c       0x12 /cygdrive/c/Users/Public/Desktop/CmpE146Package/GNUARM/bin/../lib/gcc/arm-elf/4.3.2/../../../../arm-elf/lib/libc.a(lib_a-malloc.o)
 .comment       0x0000022e       0x12 /cygdrive/c/Users/Public/Desktop/CmpE146Package/GNUARM/bin/../lib/gcc/arm-elf/4.3.2/../../../../arm-elf/lib/libc.a(lib_a-mallocr.o)
 .comment       0x00000240       0x12 /cygdrive/c/Users/Public/Desktop/CmpE146Package/GNUARM/bin/../lib/gcc/arm-elf/4.3.2/../../../../arm-elf/lib/libc.a(lib_a-memcmp.o)
 .comment       0x00000252       0x12 /cygdrive/c/Users/Public/Desktop/CmpE146Package/GNUARM/bin/../lib/gcc/arm-elf/4.3.2/../../../../arm-elf/lib/libc.a(lib_a-memcpy.o)
 .comment       0x00000264       0x12 /cygdrive/c/Users/Public/Desktop/CmpE146Package/GNUARM/bin/../lib/gcc/arm-elf/4.3.2/../../../../arm-elf/lib/libc.a(lib_a-memset.o)
 .comment       0x00000276       0x12 /cygdrive/c/Users/Public/Desktop/CmpE146Package/GNUARM/bin/../lib/gcc/arm-elf/4.3.2/../../../../arm-elf/lib/libc.a(lib_a-mlock.o)
 .comment       0x00000288       0x12 /cygdrive/c/Users/Public/Desktop/CmpE146Package/GNUARM/bin/../lib/gcc/arm-elf/4.3.2/../../../../arm-elf/lib/libc.a(lib_a-siprintf.o)
 .comment       0x0000029a       0x12 /cygdrive/c/Users/Public/Desktop/CmpE146Package/GNUARM/bin/../lib/gcc/arm-elf/4.3.2/../../../../arm-elf/lib/libc.a(lib_a-strcmp.o)
 .comment       0x000002ac       0x12 /cygdrive/c/Users/Public/Desktop/CmpE146Package/GNUARM/bin/../lib/gcc/arm-elf/4.3.2/../../../../arm-elf/lib/libc.a(lib_a-strcpy.o)
 .comment       0x000002be       0x12 /cygdrive/c/Users/Public/Desktop/CmpE146Package/GNUARM/bin/../lib/gcc/arm-elf/4.3.2/../../../../arm-elf/lib/libc.a(lib_a-strlen.o)
 .comment       0x000002d0       0x12 /cygdrive/c/Users/Public/Desktop/CmpE146Package/GNUARM/bin/../lib/gcc/arm-elf/4.3.2/../../../../arm-elf/lib/libc.a(lib_a-strncpy.o)
 .comment       0x000002e2       0x12 /cygdrive/c/Users/Public/Desktop/CmpE146Package/GNUARM/bin/../lib/gcc/arm-elf/4.3.2/../../../../arm-elf/lib/libc.a(lib_a-strtok.o)
 .comment       0x000002f4       0x12 /cygdrive/c/Users/Public/Desktop/CmpE146Package/GNUARM/bin/../lib/gcc/arm-elf/4.3.2/../../../../arm-elf/lib/libc.a(lib_a-strtok_r.o)
 .comment       0x00000306       0x12 /cygdrive/c/Users/Public/Desktop/CmpE146Package/GNUARM/bin/../lib/gcc/arm-elf/4.3.2/../../../../arm-elf/lib/libc.a(lib_a-strtol.o)
 .comment       0x00000318       0x12 /cygdrive/c/Users/Public/Desktop/CmpE146Package/GNUARM/bin/../lib/gcc/arm-elf/4.3.2/../../../../arm-elf/lib/libc.a(lib_a-vfiprintf.o)
 .comment       0x0000032a       0x12 /cygdrive/c/Users/Public/Desktop/CmpE146Package/GNUARM/bin/../lib/gcc/arm-elf/4.3.2/../../../../arm-elf/lib/libc.a(lib_a-wsetup.o)
 .comment       0x0000033c       0x12 /cygdrive/c/Users/Public/Desktop/CmpE146Package/GNUARM/bin/../lib/gcc/arm-elf/4.3.2/../../../../arm-elf/lib/libc.a(lib_a-ctype_.o)