Archive member included because of file (symbol)

/cygdrive/c/Users/Public/Desktop/CmpE146Package/GNUARM/bin/../lib/gcc/arm-elf/4.3.2/libgcc.a(_udivsi3.o)
                              ./utils/src/rprintf.o (__udivsi3)
/cygdrive/c/Users/Public/Desktop/CmpE146Package/GNUARM/bin/../lib/gcc/arm-elf/4.3.2/libgcc.a(_divsi3.o)
                              ./utils/cString.o (__divsi3)
/cygdrive/c/Users/Public/Desktop/CmpE146Package/GNUARM/bin/../lib/gcc/arm-elf/4.3.2/libgcc.a(_umodsi3.o)
                              ./utils/src/rprintf.o (__umodsi3)
/cygdrive/c/Users/Public/Desktop/CmpE146Package/GNUARM/bin/../lib/gcc/arm-elf/4.3.2/libgcc.a(_dvmd_tls.o)
                              /cygdrive/c/Users/Public/Desktop/CmpE146Package/GNUARM/bin/../lib/gcc/arm-elf/4.3.2/libgcc.a(_udivsi3.o) (__div0)
/cygdrive/c/Users/Public/Desktop/CmpE146Package/GNUARM/bin/../lib/gcc/arm-elf/4.3.2/libgcc.a(_addsubdf3.o)
                              ./utils/cString.o (__extendsfdf2)
/cygdrive/c/Users/Public/Desktop/CmpE146Package/GNUARM/bin/../lib/gcc/arm-elf/4.3.2/libgcc.a(_truncdfsf2.o)
                              ./utils/cString.o (__truncdfsf2)
/cygdrive/c/Users/Public/Desktop/CmpE146Package/GNUARM/bin/../lib/gcc/arm-elf/4.3.2/libgcc.a(_addsubsf3.o)
                              ./utils/cString.o (__subsf3)
/cygdrive/c/Users/Public/Desktop/CmpE146Package/GNUARM/bin/../lib/gcc/arm-elf/4.3.2/../../../../arm-elf/lib/libc.a(lib_a-atof.o)
                              ./utils/cString.o (atof)
/cygdrive/c/Users/Public/Desktop/CmpE146Package/GNUARM/bin/../lib/gcc/arm-elf/4.3.2/../../../../arm-elf/lib/libc.a(lib_a-atoi.o)
                              ./utils/cString.o (atoi)
/cygdrive/c/Users/Public/Desktop/CmpE146Package/GNUARM/bin/../lib/gcc/arm-elf/4.3.2/../../../../arm-elf/lib/libc.a(lib_a-iprintf.o)
                              ./General/userInterface.o (iprintf)
/cygdrive/c/Users/Public/Desktop/CmpE146Package/GNUARM/bin/../lib/gcc/arm-elf/4.3.2/../../../../arm-elf/lib/libc.a(lib_a-malloc.o)
                              ./System/cppmem.o (free)
/cygdrive/c/Users/Public/Desktop/CmpE146Package/GNUARM/bin/../lib/gcc/arm-elf/4.3.2/../../../../arm-elf/lib/libc.a(lib_a-mallocr.o)
                              /cygdrive/c/Users/Public/Desktop/CmpE146Package/GNUARM/bin/../lib/gcc/arm-elf/4.3.2/../../../../arm-elf/lib/libc.a(lib_a-malloc.o) (_malloc_r)
/cygdrive/c/Users/Public/Desktop/CmpE146Package/GNUARM/bin/../lib/gcc/arm-elf/4.3.2/../../../../arm-elf/lib/libc.a(lib_a-memcmp.o)
                              ./FreeRTOS/src/tasks.o (memcmp)
/cygdrive/c/Users/Public/Desktop/CmpE146Package/GNUARM/bin/../lib/gcc/arm-elf/4.3.2/../../../../arm-elf/lib/libc.a(lib_a-memcpy.o)
                              ./utils/cString.o (memcpy)
/cygdrive/c/Users/Public/Desktop/CmpE146Package/GNUARM/bin/../lib/gcc/arm-elf/4.3.2/../../../../arm-elf/lib/libc.a(lib_a-memmove.o)
                              ./utils/cString.o (memmove)
/cygdrive/c/Users/Public/Desktop/CmpE146Package/GNUARM/bin/../lib/gcc/arm-elf/4.3.2/../../../../arm-elf/lib/libc.a(lib_a-memset.o)
                              ./utils/cString.o (memset)
/cygdrive/c/Users/Public/Desktop/CmpE146Package/GNUARM/bin/../lib/gcc/arm-elf/4.3.2/../../../../arm-elf/lib/libc.a(lib_a-mlock.o)
                              /cygdrive/c/Users/Public/Desktop/CmpE146Package/GNUARM/bin/../lib/gcc/arm-elf/4.3.2/../../../../arm-elf/lib/libc.a(lib_a-mallocr.o) (__malloc_lock)
/cygdrive/c/Users/Public/Desktop/CmpE146Package/GNUARM/bin/../lib/gcc/arm-elf/4.3.2/../../../../arm-elf/lib/libc.a(lib_a-realloc.o)
                              ./utils/cString.o (realloc)
/cygdrive/c/Users/Public/Desktop/CmpE146Package/GNUARM/bin/../lib/gcc/arm-elf/4.3.2/../../../../arm-elf/lib/libc.a(lib_a-reallocr.o)
                              /cygdrive/c/Users/Public/Desktop/CmpE146Package/GNUARM/bin/../lib/gcc/arm-elf/4.3.2/../../../../arm-elf/lib/libc.a(lib_a-realloc.o) (_realloc_r)
/cygdrive/c/Users/Public/Desktop/CmpE146Package/GNUARM/bin/../lib/gcc/arm-elf/4.3.2/../../../../arm-elf/lib/libc.a(lib_a-siprintf.o)
                              ./FreeRTOS/src/tasks.o (siprintf)
/cygdrive/c/Users/Public/Desktop/CmpE146Package/GNUARM/bin/../lib/gcc/arm-elf/4.3.2/../../../../arm-elf/lib/libc.a(lib_a-sprintf.o)
                              ./utils/cString.o (sprintf)
/cygdrive/c/Users/Public/Desktop/CmpE146Package/GNUARM/bin/../lib/gcc/arm-elf/4.3.2/../../../../arm-elf/lib/libc.a(lib_a-strcat.o)
                              ./utils/cString.o (strcat)
/cygdrive/c/Users/Public/Desktop/CmpE146Package/GNUARM/bin/../lib/gcc/arm-elf/4.3.2/../../../../arm-elf/lib/libc.a(lib_a-strchr.o)
                              ./utils/cString.o (strchr)
/cygdrive/c/Users/Public/Desktop/CmpE146Package/GNUARM/bin/../lib/gcc/arm-elf/4.3.2/../../../../arm-elf/lib/libc.a(lib_a-strcmp.o)
                              ./utils/cString.o (strcmp)
[...]
Memory Configuration

Name             Origin             Length             Attributes
FLASH_BOOT       0x00000000         0x00001000         xr
FLASH_APP        0x00001000         0x0007c000         xr
SRAM             0x40000000         0x00008000         xw
USB_DMA_RAM      0x7fd00000         0x00002000         xw
*default*        0x00000000         0xffffffff

Linker script and memory map

LOAD ./main.o
LOAD ./utils/src/rprintf.o
LOAD ./utils/src/timer.o
LOAD ./utils/cString.o
LOAD ./fat/diskio.o
LOAD ./fat/ff.o
LOAD ./fat/rtc.o
LOAD ./fat/option/ccsbcs.o
LOAD ./fat/option/reentrant.o
LOAD ./drivers/i2c.o
LOAD ./drivers/pcm1774.o
LOAD ./drivers/ssp_spi.o
LOAD ./drivers/sta013.o
LOAD ./drivers/uart0.o
LOAD ./drivers/watchdog.o
LOAD ./System/cppmem.o
LOAD ./System/cpu.o
LOAD ./System/syscalls.o
LOAD ./System/startup/Arm7CStartup.o
LOAD ./System/startup/Lpc2000ExceptionVectors.o
LOAD ./System/startup/exceptionHandlers.o
LOAD ./MP3/button.o
LOAD ./MP3/control.o
LOAD ./MP3/mp3.o
LOAD ./General/userInterface.o
LOAD ./FreeRTOS/src/croutine.o
LOAD ./FreeRTOS/src/list.o
LOAD ./FreeRTOS/src/port.o
LOAD ./FreeRTOS/src/portISR.o
LOAD ./FreeRTOS/src/queue.o
LOAD ./FreeRTOS/src/tasks.o
LOAD ./FreeRTOS/src/timers.o
LOAD ./FreeRTOS/mem/heap_3.o
LOAD ./FreeRTOS/hooks/hooks.o
LOAD /cygdrive/c/Users/Public/Desktop/CmpE146Package/GNUARM/bin/../lib/gcc/arm-elf/4.3.2/../../../../arm-elf/lib/libstdc++.a
LOAD /cygdrive/c/Users/Public/Desktop/CmpE146Package/GNUARM/bin/../lib/gcc/arm-elf/4.3.2/../../../../arm-elf/lib/libm.a
START GROUP
LOAD /cygdrive/c/Users/Public/Desktop/CmpE146Package/GNUARM/bin/../lib/gcc/arm-elf/4.3.2/libgcc.a
LOAD /cygdrive/c/Users/Public/Desktop/CmpE146Package/GNUARM/bin/../lib/gcc/arm-elf/4.3.2/../../../../arm-elf/lib/libc.a
END GROUP
                0x00001000                __FLASH_segment_start__ = 0x1000
                0x40000000                __SRAM_segment_start__ = 0x40000000
                0x00000000                __STACKSIZE_SYS__ = 0x0
                0x00000000                __STACKSIZE_USER__ = 0x0
                0x00000200                __STACKSIZE_IRQ__ = 0x200
                0x00000040                __STACKSIZE_FIQ__ = 0x40
                0x00000200                __STACKSIZE_SVC__ = 0x200
                0x00000000                __STACKSIZE_ABT__ = 0x0
                0x00000000                __STACKSIZE_UND__ = 0x0
                0x00000000                __HEAPSIZE__ = 0x0
                0x0000003c                __EXCEPTION_VECTORS_SIZE__ = 0x3c
                0x40000000                __lpc2000ExceptionVectors_ram_load_start__ = __SRAM_segment_start__

.lpc2000ExceptionVectors_ram
                0x40000000       0x3c
                0x40000000                __lpc2000ExceptionVectors_ram_start__ = .
 *(.lpc2000ExceptionVectors_ram)
                0x4000003c                . = ((__lpc2000ExceptionVectors_ram_start__ + __EXCEPTION_VECTORS_SIZE__) MAX .)
 *fill*         0x40000000       0x3c 00
                0x4000003c                __lpc2000ExceptionVectors_ram_end__ = (__lpc2000ExceptionVectors_ram_start__ + SIZEOF (.lpc2000ExceptionVectors_ram))
                0x00001000                __lpc2000ExceptionVectors_load_start__ = __FLASH_segment_start__

.lpc2000ExceptionVectors
                0x00001000       0x38
                0x00001000                __lpc2000ExceptionVectors_start__ = .
 *(.lpc2000ExceptionVectors .lpc2000ExceptionVectors.*)
 .lpc2000ExceptionVectors
                0x00001000       0x38 ./System/startup/Lpc2000ExceptionVectors.o
                0x00001038                __lpc2000ExceptionVectors_end__ = (__lpc2000ExceptionVectors_start__ + SIZEOF (.lpc2000ExceptionVectors))
                0x00001038                __init_start__ = (__lpc2000ExceptionVectors_end__ ALIGN 0x4)

.init           0x00001038      0x1fc
                0x00001038                __init_start__ = .
 *(.init .init.*)
 *fill*         0x00001038        0x8 00
 .init          0x00001040      0x1b0 ./System/startup/Arm7CStartup.o
                0x00001040                Arm7StartupStart
 .init          0x000011f0       0x44 ./System/startup/Lpc2000ExceptionVectors.o
                0x00001228                _Lpc2000ExceptionVectorsFIQHandler
                0x0000121c                _Lpc2000ExceptionVectorsSoftwareIntHandler
                0x00001224                _Lpc2000ExceptionVectorsAbortDataHandler
                0x00001218                _Lpc2000ExceptionVectorsUndefinedHandler
                0x00001220                _Lpc2000ExceptionVectorsAbortPrefetchHandler
                0x00001234                __init_end__ = (__init_start__ + SIZEOF (.init))
                0x00001234                __text_load_start__ = (__init_end__ ALIGN 0x4)

.text           0x00001234    0x16e8c
                0x00001234                __text_start__ = .
 *(.text .text.* .glue_7t .glue_7 .gnu.linkonce.t.* .gcc_except_table)
 .text          0x00001234      0x1ec ./main.o
                0x0000141c                _Z14FatFsDiskTimerPv
                0x00001234                main
 .glue_7        0x00001420        0x0 ./main.o
 .glue_7t       0x00001420        0x0 ./main.o
 .text          0x00001420      0x264 ./utils/src/rprintf.o
                0x00001420                rprintf_devopen
                0x00001470                rprintf
 .glue_7        0x00001684        0x0 ./utils/src/rprintf.o
 .glue_7t       0x00001684        0x0 ./utils/src/rprintf.o
 .text          0x00001684      0x294 ./utils/src/timer.o
                0x00001798                _ZN5Timer12resetFromISREv
                0x00001828                _ZN5Timer9isRunningEv
                0x000018e0                _ZN5TimerC2EPFvPvEm9TimerType
                0x000018a8                _ZN5TimerC1EPFvPvEm9TimerType
                0x00001724                _ZN5Timer19changePeriodFromISREm
                0x000017e0                _ZN5Timer12startFromISREv
                0x00001840                _ZN5Timer5resetEv
                0x000016ac                _ZN5Timer4stopEv
                0x00001684                _ZN5Timer12changePeriodEm
                0x000016d4                _ZN5TimerD1Ev
                0x000016fc                _ZN5TimerD2Ev
                0x00001874                _ZN5Timer5startEv
                0x00001760                _ZN5Timer11stopFromISREv
 .glue_7        0x00001918        0x0 ./utils/src/timer.o
 .glue_7t       0x00001918        0x0 ./utils/src/timer.o
 .text          0x00001918     0x12a0 ./utils/cString.o
                0x00001c38                _ZN7cString10isAllAlphaEv
                0x00002800                _ZN7cString8containsEPKc
                0x00002a10                _ZN7cStringneEPKc
                0x00002b30                _ZN7cString6appendEi
                0x00002b90                _ZN7cStringD2Ev
                0x00002b68                _ZN7cStringD1Ev
                0x00002698                _ZN7cString9subStringEci
                0x000024a8                _ZN7cString11lastIndexOfEPKc
                0x00002a58                _ZN7cStringpLEc
                0x00001f00                _ZN7cStringC1EPKc
                0x00002a54                _ZN7cString6appendEPKc
                0x00001dc4                _ZN7cString8copyFromEPKc
                0x00002214                _ZN7cString10eraseFirstEi
                0x000019bc                _ZNK7cStringclEv
                0x000019c4                _ZN7cString18singleHexCharToIntEh
                0x00001acc                _ZN7cStringixEi
                0x00001918                _ZN7cString4itoaEiPci
                0x00001ac4                _ZNK7cString6getLenEv
                0x000026c0                _ZN7cString9subStringEPKc
                0x00002aec                _ZN7cString6appendEf
                0x00001fa0                _ZN7cString15toBaseNumberStrEi
                0x00002598                _ZN7cString11replaceLastEPKcS1_
                0x0000287c                _ZN7cString7toLowerEv
                0x000021c0                _ZN7cString11eraseCharAtEi
                0x00001f70                _ZN7cString27ensureMemoryForBackupStringEi
                0x00001e38                _ZN7cStringaSERKS_
                0x000023b0                _ZN7cString7isFloatEv
                0x000029b0                _ZN7cString7toUpperEv
                0x00001bec                _ZN7cString14isAlphaNumericEv
                0x00001d6c                _ZN7cString5clearEv
                0x0000299c                _ZN7cString18containsIgnoreCaseEPKc
                0x00002030                _ZN7cStringmIEi
                0x00002814                _ZN7cString19compareToIgnoreCaseEPKc
                0x00001ba8                _ZN7cString6isUintEv
                0x00002060                _ZN7cStringmmEi
                0x00002068                _ZN7cStringmmEv
                0x00001e34                _ZN7cStringaSEPKc
                0x00002070                _ZN7cStringpLEi
                0x00002430                _ZN7cStringmIEf
                0x00001f68                _ZN7cStringC2Ev
                0x00001f30                _ZN7cStringC2EPKc
                0x00002768                _ZN7cString12replaceFirstEPKcS1_
                0x00001abc                _ZN7cString7decryptEPKc
                0x00001af0                _ZN7cString12checksum_GetEv
                0x00001b28                _ZN7cString7encryptEPKc
                0x00001b54                _ZN7cString5isIntEv
                0x00001ea0                _ZN7cStringC1ERKS_
                0x00002704                _ZN7cString10replaceAllEPKcS1_
                0x00001a68                _ZN7cString7encryptEPKci
                0x00002014                _ZN7cStringneEi
                0x0000235c                _ZN7cString7countOfEPKc
                0x00002abc                _ZN7cString15checksum_AppendEv
                0x000020a8                _ZN7cStringppEv
                0x00002574                _ZN7cString15checksum_RemoveEv
                0x00001f98                _ZN7cStringcviEv
                0x00002508                _ZN7cString15checksum_VerifyEv
                0x000028b8                _ZN7cString22getWordIndexIgnoreCaseEPKc
                0x0000225c                _ZN7cString9trimStartEPKc
                0x000022d4                _ZN7cString8insertAtEiPKc
                0x00001cb0                _ZN7cString7trimEndEPKc
                0x00001e04                _ZN7cStringaSEi
                0x00001ed0                _ZN7cStringC2ERKS_
                0x00001f60                _ZN7cStringC1Ev
                0x00002a0c                _ZN7cStringeqEPKc
                0x000025ec                _ZN7cString12firstIndexOfEPKc
                0x00002674                _ZN7cString9subStringEPKci
                0x00001d44                _ZN7cString9eraseLastEi
                0x00002a24                _ZN7cString11insertAtEndEPKc
                0x0000215c                _ZN7cString10eraseAfterEii
                0x000020b0                _ZN7cStringaSEf
                0x000020a0                _ZN7cStringppEi
                0x00002a84                _ZN7cString11appendAsHexEj
                0x00002a80                _ZN7cStringpLEPKc
                0x000029ec                _ZN7cString9compareToEPKc
                0x000020f4                _ZN7cString9subStringEii
                0x00001a00                _ZN7cString17hexStrDigitsToIntEPc
                0x000021c8                _ZN7cString20eraseAllSpecialCharsEv
                0x000027bc                _ZN7cString5eraseEPKc
                0x00001ff4                _ZN7cStringeqEi
                0x00001d7c                _ZN7cString13reAllocateMemEi
                0x00001e54                _ZN7cString26ensureMemoryToInsertNCharsEi
                0x00001e84                _ZN7cString4initEi
                0x000026dc                _ZN7cString9subStringEc
                0x0000260c                _ZN7cString9subStringEcc
                0x0000246c                _ZN7cStringpLEf
                0x000027fc                _ZN7cStringmIEPKc
                0x00001d1c                _ZN7cString13eraseAllAfterEi
                0x00001c7c                _ZN7cString9subStringEi
                0x00002350                _ZN7cString11insertAtBegEPKc
 .glue_7        0x00002bb8        0x0 ./utils/cString.o
 .glue_7t       0x00002bb8        0x0 ./utils/cString.o
 .text          0x00002bb8      0xcc4 ./fat/diskio.o
                0x00002d90                wait_ready
                0x00003680                disk_initialize
                0x00002c4c                disk_status
                0x000032f0                disk_ioctl
                0x00002fa4                getSDCardInfo
                0x00002ea0                xmit_datablock
                0x00002bb8                diskio_initializeSPIMutex
                0x00002cec                rcvr_datablock
                0x00002c68                disk_timerproc
                0x00002c30                chk_power
                0x000032c0                power_off
                0x00002f60                get_spi
                0x00002dcc                send_cmd
                0x000030b8                disk_write
                0x00002bc8                initialize_SdCardSignals
                0x00002f20                release_spi
                0x000031d0                disk_read
                0x00002c2c                power_on
 .glue_7        0x0000387c        0x0 ./fat/diskio.o
 .glue_7t       0x0000387c        0x0 ./fat/diskio.o
 .text          0x0000387c     0x3514 ./fat/ff.o
                0x000042d4                get_fat
                0x0000555c                f_rename
                0x00005a6c                f_truncate
                0x000038a0                gen_numname
                0x00005914                f_unlink
                0x00006ac0                f_close
                0x00006478                f_read
                0x00005d68                f_readdir
                0x00005860                f_chmod
                0x000069d8                f_sync
                0x00006d1c                f_mount
                0x00005e24                f_opendir
                0x0000414c                put_fat
                0x00005ef0                f_lseek
                0x00005ce0                f_stat
                0x0000387c                clust2sect
                0x000057a4                f_utime
                0x00006144                f_write
                0x00006ad8                f_open
                0x000066e4                f_mkdir
                0x00005b70                f_getfree
 .glue_7        0x00006d90        0x0 ./fat/ff.o
 .glue_7t       0x00006d90        0x0 ./fat/ff.o
 .text          0x00006d90      0x15c ./fat/rtc.o
                0x00006db8                rtc_gettime
                0x00006d90                initialize_RTC
                0x00006e9c                get_fattime
                0x00006e38                rtc_settime
 .glue_7        0x00006eec        0x0 ./fat/rtc.o
 .glue_7t       0x00006eec        0x0 ./fat/rtc.o
 .text          0x00006eec       0xb4 ./fat/option/ccsbcs.o
                0x00006f60                ff_wtoupper
                0x00006eec                ff_convert
 .glue_7        0x00006fa0        0x0 ./fat/option/ccsbcs.o
 .glue_7t       0x00006fa0        0x0 ./fat/option/ccsbcs.o
 .text          0x00006fa0       0x60 ./fat/option/reentrant.o
                0x00006fa0                ff_del_syncobj
                0x00006fe0                ff_cre_syncobj
                0x00006fa8                ff_rel_grant
                0x00006fb8                ff_req_grant
 .glue_7        0x00007000        0x0 ./fat/option/reentrant.o
 .glue_7t       0x00007000        0x0 ./fat/option/reentrant.o
 .text          0x00007000      0x738 ./drivers/i2c.o
                0x00007510                initialize_I2C0
                0x00007408                i2cWriteDeviceRegister
                0x00007000                i2cStateMachine
                0x00007468                i2cReadDeviceRegister
                0x0000739c                i2cKickOffTransfer
 .glue_7        0x00007738        0x0 ./drivers/i2c.o
 .glue_7t       0x00007738        0x0 ./drivers/i2c.o
 .text          0x00007738      0x818 ./drivers/pcm1774.o
                0x00007868                pcm1774_bassBoost
                0x000077b4                pcm1774_sendByte
                0x00007c80                pcm1774_LineOutputConfiguration
                0x00007e04                pcm1774_ConnectDigitalOutputs
                0x00007738                pcm1774_readByte
                0x00007c70                pcm1774_PowerUpVcom
                0x00007da4                pcm1774_DigitalInterfaceSelection
                0x00007dd4                pcm1774_DigitalDeEmphasisFilter
                0x00007d38                pcm1774_PowerUpMixer
                0x00007c30                pcm1774_setShortCircuitProtectionRight
                0x00007b64                pcm1774_redirectAnalogInputToLeftOutput
                0x00007d28                pcm1774_PowerUpAnalogBiasControl
                0x00007eb4                pcm1774_3dSoundEffect
                0x00007b28                pcm1774_redirectAnalogInputToRightOutput
                0x00007900                pcm1774_VolumeAdjust
                0x00007764                pcm1774_readShortCircuitStatusLeft
                0x000078b8                pcm1774_DigitalVolume
                0x000079e8                initialize_pcm1774
                0x000077c8                pcm1774_trebleBoost
                0x00007ef8                pcm1774_Reset
                0x00007818                pcm1774_middleBoost
                0x00007d74                pcm1774_DigitalGainControl
                0x00007c04                pcm1774_PowerUpGainAmplifierAnalog
                0x00007adc                pcm1774_bitMask
                0x00007cd0                pcm1774_PowerUpAnalog
                0x00007cfc                pcm1774_PowerUpDAC
                0x00007bd8                pcm1774_selectAnalogInput
                0x00007c50                pcm1774_setShortCircuitProtectionLeft
                0x000079a0                pcm1774_OutputVolume
                0x00007d64                pcm1774_DigitalOversamplingControl
                0x00007784                pcm1774_GetVolume
                0x00007ba0                pcm1774_gainAmplifierAnalogInput
                0x00007744                pcm1774_readShortCircuitStatusRight
                0x00007e30                pcm1774_LoadDefaultDigitalConfiguration
 .glue_7        0x00007f50        0x0 ./drivers/pcm1774.o
 .glue_7t       0x00007f50        0x0 ./drivers/pcm1774.o
 .text          0x00007f50       0x88 ./drivers/ssp_spi.o
                0x00007f50                initialize_SSPSPI
                0x00007fc4                setSSPSPI_Divider
                0x00007f94                rxTxByteSSPSPI
 .glue_7        0x00007fd8        0x0 ./drivers/ssp_spi.o
 .glue_7t       0x00007fd8        0x0 ./drivers/ssp_spi.o
 .text          0x00007fd8      0x58c ./drivers/sta013.o
                0x00008414                sta013GetAverageBitrate
                0x00008110                sta013SetVolume
                0x000081e4                sta013StopDecoder
                0x00008194                sta013ResumeDecoder
                0x000083e0                sta013Mute
                0x000081bc                sta013PauseDecoder
                0x00008388                sta013DownloadUpdate
                0x0000821c                sta013StartDecoder
                0x000083d4                sta013ReadReg
                0x000084c0                initialize_sta013
                0x00008430                sta013GetMP3Info
                0x00007fd8                sta013HWReset
                0x0000804c                sta013WriteReg
                0x00008060                sta013SetTone
 .glue_7        0x00008564        0x0 ./drivers/sta013.o
 .glue_7t       0x00008564        0x0 ./drivers/sta013.o
 .text          0x00008564      0x468 ./drivers/uart0.o
                0x000085c0                uart0GetChar
                0x00008598                uart0PutCharPolling
                0x000086a4                uart0Init
                0x00008564                uart0Deinit
                0x000087ec                uart0ISR
                0x000085f0                uart0PutChar
 .glue_7        0x000089cc        0x0 ./drivers/uart0.o
 .glue_7t       0x000089cc        0x0 ./drivers/uart0.o
 .text          0x000089cc       0xd4 ./drivers/watchdog.o
                0x000089fc                watchdog_Start
                0x000089cc                watchdog_Reset
                0x000089e4                watchdog_Feed
                0x00008a44                watchdogDelayUs
                0x00008a24                watchdog_Stop
 .glue_7        0x00008aa0        0x0 ./drivers/watchdog.o
 .glue_7t       0x00008aa0        0x0 ./drivers/watchdog.o
 .text          0x00008aa0       0x10 ./System/cppmem.o
                0x00008aac                _Znwm
                0x00008aa4                _ZdlPv
                0x00008aa0                _ZdaPv
                0x00008aa8                _Znam
 .glue_7        0x00008ab0        0x0 ./System/cppmem.o
 .glue_7t       0x00008ab0        0x0 ./System/cppmem.o
 .text          0x00008ab0      0x170 ./System/cpu.o
                0x00008b50                cpuPrintMemoryInfo
                0x00008ab0                cpuSetupHardware
 .glue_7        0x00008c20        0x0 ./System/cpu.o
 .glue_7t       0x00008c20        0x0 ./System/cpu.o
 .text          0x00008c20       0xfc ./System/syscalls.o
                0x00008c28                _lseek_r
                0x00008cec                _kill_r
                0x00008c30                _fstat_r
                0x00008d04                _getpid_r
                0x00008c40                _sbrk_r
                0x00008cac                _read_r
                0x00008c20                _close_r
                0x00008c70                _write_r
 .glue_7        0x00008d1c        0x0 ./System/syscalls.o
 .glue_7t       0x00008d1c        0x0 ./System/syscalls.o
 .text          0x00008d1c        0x0 ./System/startup/Arm7CStartup.o
 .glue_7        0x00008d1c        0x0 ./System/startup/Arm7CStartup.o
 .glue_7t       0x00008d1c        0x0 ./System/startup/Arm7CStartup.o
 .text          0x00008d1c        0x0 ./System/startup/Lpc2000ExceptionVectors.o
 .glue_7        0x00008d1c        0x0 ./System/startup/Lpc2000ExceptionVectors.o
 .glue_7t       0x00008d1c        0x0 ./System/startup/Lpc2000ExceptionVectors.o
 .text          0x00008d1c       0x9c ./System/startup/exceptionHandlers.o
                0x00008d88                Exception_PrefetchAbort
                0x00008da0                Exception_UndefinedAddress
                0x00008d58                Exception_FIQHandler
                0x00008d70                Exception_DataAbort
                0x00008d1c                printExceptionInfo
 .glue_7        0x00008db8        0x0 ./System/startup/exceptionHandlers.o
 .glue_7t       0x00008db8        0x0 ./System/startup/exceptionHandlers.o
 .text          0x00008db8      0x158 ./MP3/button.o
                0x00008db8                _Z10buttonTaskPv
 .glue_7        0x00008f10        0x0 ./MP3/button.o
 .glue_7t       0x00008f10        0x0 ./MP3/button.o
 .text          0x00008f10      0x314 ./MP3/control.o
                0x00008f10                _Z11controlTaskPv
 .glue_7        0x00009224        0x0 ./MP3/control.o
 .glue_7t       0x00009224        0x0 ./MP3/control.o
 .text          0x00009224      0x2a0 ./MP3/mp3.o
                0x00009224                _Z7mp3TaskPv
 .text._ZN6VECTORI7cStringE14changeCapacityEj
                0x000094c4       0xe0 ./MP3/mp3.o
                0x000094c4                _ZN6VECTORI7cStringE14changeCapacityEj
 .text._ZN6VECTORI7cStringE11rotateRightEv
                0x000095a4       0xbc ./MP3/mp3.o
                0x000095a4                _ZN6VECTORI7cStringE11rotateRightEv
 .text._ZN6VECTORI7cStringE10rotateLeftEv
                0x00009660       0xb0 ./MP3/mp3.o
                0x00009660                _ZN6VECTORI7cStringE10rotateLeftEv
 .glue_7        0x00009710        0x0 ./MP3/mp3.o
 .glue_7t       0x00009710        0x0 ./MP3/mp3.o
 .text          0x00009710      0x6c0 ./General/userInterface.o
                0x000097b4                _Z9printLinev
                0x00009710                _Z11getUartLinePc
                0x000097c0                _Z6uartUIPv
 .glue_7        0x00009dd0        0x0 ./General/userInterface.o
 .glue_7t       0x00009dd0        0x0 ./General/userInterface.o
 .text          0x00009dd0        0x0 ./FreeRTOS/src/croutine.o
 .glue_7        0x00009dd0        0x0 ./FreeRTOS/src/croutine.o
 .glue_7t       0x00009dd0        0x0 ./FreeRTOS/src/croutine.o
 .text          0x00009dd0       0xf4 ./FreeRTOS/src/list.o
                0x00009e00                vListInsertEnd
                0x00009e88                vListRemove
                0x00009df4                vListInitialiseItem
                0x00009dd0                vListInitialise
                0x00009e34                vListInsert
 .glue_7        0x00009ec4        0x0 ./FreeRTOS/src/list.o
 .glue_7t       0x00009ec4        0x0 ./FreeRTOS/src/list.o
 .text          0x00009ec4      0x1c0 ./FreeRTOS/src/port.o
                0x0000a018                xPortStartScheduler
                0x0000a014                vPortEndScheduler
                0x00009ec4                pxPortInitialiseStack
 .glue_7        0x0000a084        0x0 ./FreeRTOS/src/port.o
 .glue_7t       0x0000a084        0x0 ./FreeRTOS/src/port.o
 .text          0x0000a084      0x228 ./FreeRTOS/src/portISR.o
                0x0000a174                vTickISR
                0x0000a260                vPortExitCritical
                0x0000a0d0                vPortYieldProcessor
                0x0000a084                vPortISRStartFirstTask
                0x0000a234                vPortEnterCritical
 .glue_7        0x0000a2ac        0x0 ./FreeRTOS/src/portISR.o
 .glue_7t       0x0000a2ac        0x0 ./FreeRTOS/src/portISR.o
 .text          0x0000a2ac      0x77c ./FreeRTOS/src/queue.o
                0x0000a3b4                vQueueWaitForMessageRestricted
                0x0000a74c                xQueueGenericSendFromISR
                0x0000a408                vQueueDelete
                0x0000a7bc                xQueueGenericSend
                0x0000a2b4                ucQueueGetQueueNumber
                0x0000a2c4                ucQueueGetQueueType
                0x0000a424                xQueueReceiveFromISR
                0x0000a980                xQueueGenericCreate
                0x0000a2bc                vQueueSetQueueNumber
                0x0000a2dc                xQueueIsQueueFullFromISR
                0x0000a2f4                uxQueueMessagesWaiting
                0x0000a4cc                xQueueGenericReceive
                0x0000a2ac                uxQueueMessagesWaitingFromISR
                0x0000a2cc                xQueueIsQueueEmptyFromISR
                0x0000a904                xQueueCreateMutex
 .glue_7        0x0000aa28        0x0 ./FreeRTOS/src/queue.o
 .glue_7t       0x0000aa28        0x0 ./FreeRTOS/src/queue.o
 .text          0x0000aa28     0x13d8 ./FreeRTOS/src/tasks.o
                0x0000b760                vTaskGetRunTimeStats
                0x0000baa8                vTaskEndScheduler
                0x0000b3fc                vTaskPlaceOnEventList
                0x0000badc                xTaskGenericCreate
                0x0000aa28                xTaskIsTaskSuspended
                0x0000ab5c                uxTaskGetStackHighWaterMark
                0x0000aecc                xTaskResumeFromISR
                0x0000aad8                runTimeStatISRExit
                0x0000b030                xTaskGetTickCount
                0x0000acd8                xTaskRemoveFromEventList
                0x0000af94                xTaskCheckForTimeOut
                0x0000aa64                vTaskSuspendAll
                0x0000aa7c                xTaskGetTickCountFromISR
                0x0000abd0                vTaskPriorityDisinherit
                0x0000ac38                vTaskPriorityInherit
                0x0000b190                vTaskResume
                0x0000b45c                vTaskSwitchContext
                0x0000b2c4                vTaskPlaceOnEventListRestricted
                0x0000ab50                vTaskSetTaskNumber
                0x0000b590                vTaskSuspend
                0x0000aa8c                uxTaskGetNumberOfTasks
                0x0000ad70                vTaskIncrementTick
                0x0000b9cc                vTaskList
                0x0000ab44                uxTaskGetTaskNumber
                0x0000b360                vTaskDelayUntil
                0x0000ab90                xTaskGetCurrentTaskHandle
                0x0000b050                xTaskResumeAll
                0x0000bd54                vTaskStartScheduler
                0x0000ab30                vTaskMissedYield
                0x0000aa9c                runTimeStatISREntry
                0x0000b304                vTaskDelay
                0x0000aba0                xTaskGetSchedulerState
                0x0000ab10                vTaskSetTimeOutState
 .glue_7        0x0000be00        0x0 ./FreeRTOS/src/tasks.o
 .glue_7t       0x0000be00        0x0 ./FreeRTOS/src/tasks.o
 .text          0x0000be00      0x53c ./FreeRTOS/src/timers.o
                0x0000bf1c                xTimerCreate
                0x0000be2c                xTimerGenericCommand
                0x0000bf74                xTimerCreateTimerTask
                0x0000be00                pvTimerGetTimerID
                0x0000be08                xTimerIsTimerActive
 .glue_7        0x0000c33c        0x0 ./FreeRTOS/src/timers.o
 .glue_7t       0x0000c33c        0x0 ./FreeRTOS/src/timers.o
 .text          0x0000c33c       0x4c ./FreeRTOS/mem/heap_3.o
                0x0000c33c                vPortFree
                0x0000c35c                pvPortMalloc
 .glue_7        0x0000c388        0x0 ./FreeRTOS/mem/heap_3.o
 .glue_7t       0x0000c388        0x0 ./FreeRTOS/mem/heap_3.o
 .text          0x0000c388       0x6c ./FreeRTOS/hooks/hooks.o
                0x0000c3a0                vApplicationMallocFailedHook
                0x0000c3c0                vApplicationStackOverflowHook
                0x0000c388                vApplicationIdleHook
 .glue_7        0x0000c3f4        0x0 ./FreeRTOS/hooks/hooks.o
 .glue_7t       0x0000c3f4        0x0 ./FreeRTOS/hooks/hooks.o
 .text          0x0000c3f4      0x110 /cygdrive/c/Users/Public/Desktop/CmpE146Package/GNUARM/bin/../lib/gcc/arm-elf/4.3.2/libgcc.a(_udivsi3.o)
                0x0000c3f4                __udivsi3
                0x0000c3f4                __aeabi_uidiv
                0x0000c4ec                __aeabi_uidivmod
 .glue_7        0x0000c504        0x0 /cygdrive/c/Users/Public/Desktop/CmpE146Package/GNUARM/bin/../lib/gcc/arm-elf/4.3.2/libgcc.a(_udivsi3.o)
 .glue_7t       0x0000c504        0x0 /cygdrive/c/Users/Public/Desktop/CmpE146Package/GNUARM/bin/../lib/gcc/arm-elf/4.3.2/libgcc.a(_udivsi3.o)
 .text          0x0000c504      0x140 /cygdrive/c/Users/Public/Desktop/CmpE146Package/GNUARM/bin/../lib/gcc/arm-elf/4.3.2/libgcc.a(_divsi3.o)
                0x0000c504                __aeabi_idiv
                0x0000c504                __divsi3
                0x0000c62c                __aeabi_idivmod
 .glue_7        0x0000c644        0x0 /cygdrive/c/Users/Public/Desktop/CmpE146Package/GNUARM/bin/../lib/gcc/arm-elf/4.3.2/libgcc.a(_divsi3.o)
 .glue_7t       0x0000c644        0x0 /cygdrive/c/Users/Public/Desktop/CmpE146Package/GNUARM/bin/../lib/gcc/arm-elf/4.3.2/libgcc.a(_divsi3.o)
 .text          0x0000c644       0xcc /cygdrive/c/Users/Public/Desktop/CmpE146Package/GNUARM/bin/../lib/gcc/arm-elf/4.3.2/libgcc.a(_umodsi3.o)
                0x0000c644                __umodsi3
 .glue_7        0x0000c710        0x0 /cygdrive/c/Users/Public/Desktop/CmpE146Package/GNUARM/bin/../lib/gcc/arm-elf/4.3.2/libgcc.a(_umodsi3.o)
 .glue_7t       0x0000c710        0x0 /cygdrive/c/Users/Public/Desktop/CmpE146Package/GNUARM/bin/../lib/gcc/arm-elf/4.3.2/libgcc.a(_umodsi3.o)
 .text          0x0000c710        0x4 /cygdrive/c/Users/Public/Desktop/CmpE146Package/GNUARM/bin/../lib/gcc/arm-elf/4.3.2/libgcc.a(_dvmd_tls.o)
                0x0000c710                __aeabi_ldiv0
                0x0000c710                __div0
                0x0000c710                __aeabi_idiv0
 .glue_7        0x0000c714        0x0 /cygdrive/c/Users/Public/Desktop/CmpE146Package/GNUARM/bin/../lib/gcc/arm-elf/4.3.2/libgcc.a(_dvmd_tls.o)
 .glue_7t       0x0000c714        0x0 /cygdrive/c/Users/Public/Desktop/CmpE146Package/GNUARM/bin/../lib/gcc/arm-elf/4.3.2/libgcc.a(_dvmd_tls.o)
 .text          0x0000c714      0x400 /cygdrive/c/Users/Public/Desktop/CmpE146Package/GNUARM/bin/../lib/gcc/arm-elf/4.3.2/libgcc.a(_addsubdf3.o)
                0x0000caa8                __floatdidf
                0x0000ca28                __floatsidf
                0x0000ca00                __aeabi_ui2d
                0x0000c714                __aeabi_drsub
                0x0000ca54                __extendsfdf2
                0x0000c720                __adddf3
                0x0000ca00                __floatunsidf
                0x0000c720                __aeabi_dadd
                0x0000ca94                __aeabi_ul2d
                0x0000c71c                __aeabi_dsub
                0x0000ca94                __floatundidf
                0x0000ca28                __aeabi_i2d
                0x0000caa8                __aeabi_l2d
                0x0000ca54                __aeabi_f2d
                0x0000c71c                __subdf3
 .glue_7        0x0000cb14        0x0 /cygdrive/c/Users/Public/Desktop/CmpE146Package/GNUARM/bin/../lib/gcc/arm-elf/4.3.2/libgcc.a(_addsubdf3.o)
 .glue_7t       0x0000cb14        0x0 /cygdrive/c/Users/Public/Desktop/CmpE146Package/GNUARM/bin/../lib/gcc/arm-elf/4.3.2/libgcc.a(_addsubdf3.o)
 .text          0x0000cb14       0xa0 /cygdrive/c/Users/Public/Desktop/CmpE146Package/GNUARM/bin/../lib/gcc/arm-elf/4.3.2/libgcc.a(_truncdfsf2.o)
                0x0000cb14                __aeabi_d2f
                0x0000cb14                __truncdfsf2
 .glue_7        0x0000cbb4        0x0 /cygdrive/c/Users/Public/Desktop/CmpE146Package/GNUARM/bin/../lib/gcc/arm-elf/4.3.2/libgcc.a(_truncdfsf2.o)
 .glue_7t       0x0000cbb4        0x0 /cygdrive/c/Users/Public/Desktop/CmpE146Package/GNUARM/bin/../lib/gcc/arm-elf/4.3.2/libgcc.a(_truncdfsf2.o)
 .text          0x0000cbb4      0x2ac /cygdrive/c/Users/Public/Desktop/CmpE146Package/GNUARM/bin/../lib/gcc/arm-elf/4.3.2/libgcc.a(_addsubsf3.o)
                0x0000cbc0                __aeabi_fadd
                0x0000cbbc                __subsf3
                0x0000cd84                __aeabi_i2f
                0x0000cbbc                __aeabi_fsub
                0x0000cdb4                __floatdisf
                0x0000cd84                __floatsisf
                0x0000cda4                __floatundisf
                0x0000cd7c                __aeabi_ui2f
                0x0000cdb4                __aeabi_l2f
                0x0000cda4                __aeabi_ul2f
                0x0000cbb4                __aeabi_frsub
                0x0000cd7c                __floatunsisf
                0x0000cbc0                __addsf3
 .glue_7        0x0000ce60        0x0 /cygdrive/c/Users/Public/Desktop/CmpE146Package/GNUARM/bin/../lib/gcc/arm-elf/4.3.2/libgcc.a(_addsubsf3.o)
 .glue_7t       0x0000ce60        0x0 /cygdrive/c/Users/Public/Desktop/CmpE146Package/GNUARM/bin/../lib/gcc/arm-elf/4.3.2/libgcc.a(_addsubsf3.o)
 .text          0x0000ce60        0x8 /cygdrive/c/Users/Public/Desktop/CmpE146Package/GNUARM/bin/../lib/gcc/arm-elf/4.3.2/../../../../arm-elf/lib/libc.a(lib_a-atof.o)
                0x0000ce60                atof
 .glue_7        0x0000ce68        0x0 /cygdrive/c/Users/Public/Desktop/CmpE146Package/GNUARM/bin/../lib/gcc/arm-elf/4.3.2/../../../../arm-elf/lib/libc.a(lib_a-atof.o)
 .glue_7t       0x0000ce68        0x0 /cygdrive/c/Users/Public/Desktop/CmpE146Package/GNUARM/bin/../lib/gcc/arm-elf/4.3.2/../../../../arm-elf/lib/libc.a(lib_a-atof.o)
 .text          0x0000ce68       0x18 /cygdrive/c/Users/Public/Desktop/CmpE146Package/GNUARM/bin/../lib/gcc/arm-elf/4.3.2/../../../../arm-elf/lib/libc.a(lib_a-atoi.o)
                0x0000ce68                _atoi_r
                0x0000ce74                atoi
 .glue_7        0x0000ce80        0x0 /cygdrive/c/Users/Public/Desktop/CmpE146Package/GNUARM/bin/../lib/gcc/arm-elf/4.3.2/../../../../arm-elf/lib/libc.a(lib_a-atoi.o)
 .glue_7t       0x0000ce80        0x0 /cygdrive/c/Users/Public/Desktop/CmpE146Package/GNUARM/bin/../lib/gcc/arm-elf/4.3.2/../../../../arm-elf/lib/libc.a(lib_a-atoi.o)
 .text          0x0000ce80       0x54 /cygdrive/c/Users/Public/Desktop/CmpE146Package/GNUARM/bin/../lib/gcc/arm-elf/4.3.2/../../../../arm-elf/lib/libc.a(lib_a-iprintf.o)
                0x0000ce80                _iprintf_r
                0x0000cea4                iprintf
 .glue_7        0x0000ced4        0x0 /cygdrive/c/Users/Public/Desktop/CmpE146Package/GNUARM/bin/../lib/gcc/arm-elf/4.3.2/../../../../arm-elf/lib/libc.a(lib_a-iprintf.o)
 .glue_7t       0x0000ced4        0x0 /cygdrive/c/Users/Public/Desktop/CmpE146Package/GNUARM/bin/../lib/gcc/arm-elf/4.3.2/../../../../arm-elf/lib/libc.a(lib_a-iprintf.o)
 .text          0x0000ced4       0x28 /cygdrive/c/Users/Public/Desktop/CmpE146Package/GNUARM/bin/../lib/gcc/arm-elf/4.3.2/../../../../arm-elf/lib/libc.a(lib_a-malloc.o)
                0x0000cee8                malloc
                0x0000ced4                free
 .glue_7        0x0000cefc        0x0 /cygdrive/c/Users/Public/Desktop/CmpE146Package/GNUARM/bin/../lib/gcc/arm-elf/4.3.2/../../../../arm-elf/lib/libc.a(lib_a-malloc.o)
 .glue_7t       0x0000cefc        0x0 /cygdrive/c/Users/Public/Desktop/CmpE146Package/GNUARM/bin/../lib/gcc/arm-elf/4.3.2/../../../../arm-elf/lib/libc.a(lib_a-malloc.o)
 .text          0x0000cefc      0x734 /cygdrive/c/Users/Public/Desktop/CmpE146Package/GNUARM/bin/../lib/gcc/arm-elf/4.3.2/../../../../arm-elf/lib/libc.a(lib_a-mallocr.o)
                0x0000cefc                _malloc_r
 .glue_7        0x0000d630        0x0 /cygdrive/c/Users/Public/Desktop/CmpE146Package/GNUARM/bin/../lib/gcc/arm-elf/4.3.2/../../../../arm-elf/lib/libc.a(lib_a-mallocr.o)
 .glue_7t       0x0000d630        0x0 /cygdrive/c/Users/Public/Desktop/CmpE146Package/GNUARM/bin/../lib/gcc/arm-elf/4.3.2/../../../../arm-elf/lib/libc.a(lib_a-mallocr.o)
 .text          0x0000d630       0xac /cygdrive/c/Users/Public/Desktop/CmpE146Package/GNUARM/bin/../lib/gcc/arm-elf/4.3.2/../../../../arm-elf/lib/libc.a(lib_a-memcmp.o)
                0x0000d630                memcmp
 .glue_7        0x0000d6dc        0x0 /cygdrive/c/Users/Public/Desktop/CmpE146Package/GNUARM/bin/../lib/gcc/arm-elf/4.3.2/../../../../arm-elf/lib/libc.a(lib_a-memcmp.o)
 .glue_7t       0x0000d6dc        0x0 /cygdrive/c/Users/Public/Desktop/CmpE146Package/GNUARM/bin/../lib/gcc/arm-elf/4.3.2/../../../../arm-elf/lib/libc.a(lib_a-memcmp.o)
 .text          0x0000d6dc       0xfc /cygdrive/c/Users/Public/Desktop/CmpE146Package/GNUARM/bin/../lib/gcc/arm-elf/4.3.2/../../../../arm-elf/lib/libc.a(lib_a-memcpy.o)
                0x0000d6dc                memcpy
 .glue_7        0x0000d7d8        0x0 /cygdrive/c/Users/Public/Desktop/CmpE146Package/GNUARM/bin/../lib/gcc/arm-elf/4.3.2/../../../../arm-elf/lib/libc.a(lib_a-memcpy.o)
 .glue_7t       0x0000d7d8        0x0 /cygdrive/c/Users/Public/Desktop/CmpE146Package/GNUARM/bin/../lib/gcc/arm-elf/4.3.2/../../../../arm-elf/lib/libc.a(lib_a-memcpy.o)
 .text          0x0000d7d8      0x144 /cygdrive/c/Users/Public/Desktop/CmpE146Package/GNUARM/bin/../lib/gcc/arm-elf/4.3.2/../../../../arm-elf/lib/libc.a(lib_a-memmove.o)
                0x0000d7d8                memmove
 .glue_7        0x0000d91c        0x0 /cygdrive/c/Users/Public/Desktop/CmpE146Package/GNUARM/bin/../lib/gcc/arm-elf/4.3.2/../../../../arm-elf/lib/libc.a(lib_a-memmove.o)
 .glue_7t       0x0000d91c        0x0 /cygdrive/c/Users/Public/Desktop/CmpE146Package/GNUARM/bin/../lib/gcc/arm-elf/4.3.2/../../../../arm-elf/lib/libc.a(lib_a-memmove.o)
 .text          0x0000d91c       0xd0 /cygdrive/c/Users/Public/Desktop/CmpE146Package/GNUARM/bin/../lib/gcc/arm-elf/4.3.2/../../../../arm-elf/lib/libc.a(lib_a-memset.o)
                0x0000d91c                memset
 .glue_7        0x0000d9ec        0x0 /cygdrive/c/Users/Public/Desktop/CmpE146Package/GNUARM/bin/../lib/gcc/arm-elf/4.3.2/../../../../arm-elf/lib/libc.a(lib_a-memset.o)
 .glue_7t       0x0000d9ec        0x0 /cygdrive/c/Users/Public/Desktop/CmpE146Package/GNUARM/bin/../lib/gcc/arm-elf/4.3.2/../../../../arm-elf/lib/libc.a(lib_a-memset.o)
 .text          0x0000d9ec        0x8 /cygdrive/c/Users/Public/Desktop/CmpE146Package/GNUARM/bin/../lib/gcc/arm-elf/4.3.2/../../../../arm-elf/lib/libc.a(lib_a-mlock.o)
                0x0000d9f0                __malloc_unlock
                0x0000d9ec                __malloc_lock
 .glue_7        0x0000d9f4        0x0 /cygdrive/c/Users/Public/Desktop/CmpE146Package/GNUARM/bin/../lib/gcc/arm-elf/4.3.2/../../../../arm-elf/lib/libc.a(lib_a-mlock.o)
 .glue_7t       0x0000d9f4        0x0 /cygdrive/c/Users/Public/Desktop/CmpE146Package/GNUARM/bin/../lib/gcc/arm-elf/4.3.2/../../../../arm-elf/lib/libc.a(lib_a-mlock.o)
 .text          0x0000d9f4       0x1c /cygdrive/c/Users/Public/Desktop/CmpE146Package/GNUARM/bin/../lib/gcc/arm-elf/4.3.2/../../../../arm-elf/lib/libc.a(lib_a-realloc.o)
                0x0000d9f4                realloc
 .glue_7        0x0000da10        0x0 /cygdrive/c/Users/Public/Desktop/CmpE146Package/GNUARM/bin/../lib/gcc/arm-elf/4.3.2/../../../../arm-elf/lib/libc.a(lib_a-realloc.o)
 .glue_7t       0x0000da10        0x0 /cygdrive/c/Users/Public/Desktop/CmpE146Package/GNUARM/bin/../lib/gcc/arm-elf/4.3.2/../../../../arm-elf/lib/libc.a(lib_a-realloc.o)
 .text          0x0000da10      0x510 /cygdrive/c/Users/Public/Desktop/CmpE146Package/GNUARM/bin/../lib/gcc/arm-elf/4.3.2/../../../../arm-elf/lib/libc.a(lib_a-reallocr.o)
                0x0000da10                _realloc_r
 .glue_7        0x0000df20        0x0 /cygdrive/c/Users/Public/Desktop/CmpE146Package/GNUARM/bin/../lib/gcc/arm-elf/4.3.2/../../../../arm-elf/lib/libc.a(lib_a-reallocr.o)
 .glue_7t       0x0000df20        0x0 /cygdrive/c/Users/Public/Desktop/CmpE146Package/GNUARM/bin/../lib/gcc/arm-elf/4.3.2/../../../../arm-elf/lib/libc.a(lib_a-reallocr.o)
 .text          0x0000df20       0xcc /cygdrive/c/Users/Public/Desktop/CmpE146Package/GNUARM/bin/../lib/gcc/arm-elf/4.3.2/../../../../arm-elf/lib/libc.a(lib_a-siprintf.o)
                0x0000df8c                _siprintf_r
                0x0000df20                siprintf
 .glue_7        0x0000dfec        0x0 /cygdrive/c/Users/Public/Desktop/CmpE146Package/GNUARM/bin/../lib/gcc/arm-elf/4.3.2/../../../../arm-elf/lib/libc.a(lib_a-siprintf.o)
 .glue_7t       0x0000dfec        0x0 /cygdrive/c/Users/Public/Desktop/CmpE146Package/GNUARM/bin/../lib/gcc/arm-elf/4.3.2/../../../../arm-elf/lib/libc.a(lib_a-siprintf.o)
 .text          0x0000dfec       0xcc /cygdrive/c/Users/Public/Desktop/CmpE146Package/GNUARM/bin/../lib/gcc/arm-elf/4.3.2/../../../../arm-elf/lib/libc.a(lib_a-sprintf.o)
                0x0000e058                _sprintf_r
                0x0000dfec                sprintf
 .glue_7        0x0000e0b8        0x0 /cygdrive/c/Users/Public/Desktop/CmpE146Package/GNUARM/bin/../lib/gcc/arm-elf/4.3.2/../../../../arm-elf/lib/libc.a(lib_a-sprintf.o)
 .glue_7t       0x0000e0b8        0x0 /cygdrive/c/Users/Public/Desktop/CmpE146Package/GNUARM/bin/../lib/gcc/arm-elf/4.3.2/../../../../arm-elf/lib/libc.a(lib_a-sprintf.o)
 .text          0x0000e0b8       0xa4 /cygdrive/c/Users/Public/Desktop/CmpE146Package/GNUARM/bin/../lib/gcc/arm-elf/4.3.2/../../../../arm-elf/lib/libc.a(lib_a-strcat.o)
                0x0000e0b8                strcat
 .glue_7        0x0000e15c        0x0 /cygdrive/c/Users/Public/Desktop/CmpE146Package/GNUARM/bin/../lib/gcc/arm-elf/4.3.2/../../../../arm-elf/lib/libc.a(lib_a-strcat.o)
 .glue_7t       0x0000e15c        0x0 /cygdrive/c/Users/Public/Desktop/CmpE146Package/GNUARM/bin/../lib/gcc/arm-elf/4.3.2/../../../../arm-elf/lib/libc.a(lib_a-strcat.o)
 .text          0x0000e15c      0x134 /cygdrive/c/Users/Public/Desktop/CmpE146Package/GNUARM/bin/../lib/gcc/arm-elf/4.3.2/../../../../arm-elf/lib/libc.a(lib_a-strchr.o)
                0x0000e15c                strchr
 .glue_7        0x0000e290        0x0 /cygdrive/c/Users/Public/Desktop/CmpE146Package/GNUARM/bin/../lib/gcc/arm-elf/4.3.2/../../../../arm-elf/lib/libc.a(lib_a-strchr.o)
 .glue_7t       0x0000e290        0x0 /cygdrive/c/Users/Public/Desktop/CmpE146Package/GNUARM/bin/../lib/gcc/arm-elf/4.3.2/../../../../arm-elf/lib/libc.a(lib_a-strchr.o)
 .text          0x0000e290       0xe8 /cygdrive/c/Users/Public/Desktop/CmpE146Package/GNUARM/bin/../lib/gcc/arm-elf/4.3.2/../../../../arm-elf/lib/libc.a(lib_a-strcmp.o)
                0x0000e290                strcmp
 .glue_7        0x0000e378        0x0 /cygdrive/c/Users/Public/Desktop/CmpE146Package/GNUARM/bin/../lib/gcc/arm-elf/4.3.2/../../../../arm-elf/lib/libc.a(lib_a-strcmp.o)
 .glue_7t       0x0000e378        0x0 /cygdrive/c/Users/Public/Desktop/CmpE146Package/GNUARM/bin/../lib/gcc/arm-elf/4.3.2/../../../../arm-elf/lib/libc.a(lib_a-strcmp.o)
 .text          0x0000e378       0xb8 /cygdrive/c/Users/Public/Desktop/CmpE146Package/GNUARM/bin/../lib/gcc/arm-elf/4.3.2/../../../../arm-elf/lib/libc.a(lib_a-strcpy.o)
                0x0000e378                strcpy
 .glue_7        0x0000e430        0x0 /cygdrive/c/Users/Public/Desktop/CmpE146Package/GNUARM/bin/../lib/gcc/arm-elf/4.3.2/../../../../arm-elf/lib/libc.a(lib_a-strcpy.o)
 .glue_7t       0x0000e430        0x0 /cygdrive/c/Users/Public/Desktop/CmpE146Package/GNUARM/bin/../lib/gcc/arm-elf/4.3.2/../../../../arm-elf/lib/libc.a(lib_a-strcpy.o)
 .text          0x0000e430       0x9c /cygdrive/c/Users/Public/Desktop/CmpE146Package/GNUARM/bin/../lib/gcc/arm-elf/4.3.2/../../../../arm-elf/lib/libc.a(lib_a-strlen.o)
                0x0000e430                strlen
 .glue_7        0x0000e4cc        0x0 /cygdrive/c/Users/Public/Desktop/CmpE146Package/GNUARM/bin/../lib/gcc/arm-elf/4.3.2/../../../../arm-elf/lib/libc.a(lib_a-strlen.o)
 .glue_7t       0x0000e4cc        0x0 /cygdrive/c/Users/Public/Desktop/CmpE146Package/GNUARM/bin/../lib/gcc/arm-elf/4.3.2/../../../../arm-elf/lib/libc.a(lib_a-strlen.o)
 .text          0x0000e4cc      0x10c /cygdrive/c/Users/Public/Desktop/CmpE146Package/GNUARM/bin/../lib/gcc/arm-elf/4.3.2/../../../../arm-elf/lib/libc.a(lib_a-strncpy.o)
                0x0000e4cc                strncpy
 .glue_7        0x0000e5d8        0x0 /cygdrive/c/Users/Public/Desktop/CmpE146Package/GNUARM/bin/../lib/gcc/arm-elf/4.3.2/../../../../arm-elf/lib/libc.a(lib_a-strncpy.o)
 .glue_7t       0x0000e5d8        0x0 /cygdrive/c/Users/Public/Desktop/CmpE146Package/GNUARM/bin/../lib/gcc/arm-elf/4.3.2/../../../../arm-elf/lib/libc.a(lib_a-strncpy.o)
 .text          0x0000e5d8       0x5c /cygdrive/c/Users/Public/Desktop/CmpE146Package/GNUARM/bin/../lib/gcc/arm-elf/4.3.2/../../../../arm-elf/lib/libc.a(lib_a-strstr.o)
                0x0000e5d8                strstr
 .glue_7        0x0000e634        0x0 /cygdrive/c/Users/Public/Desktop/CmpE146Package/GNUARM/bin/../lib/gcc/arm-elf/4.3.2/../../../../arm-elf/lib/libc.a(lib_a-strstr.o)
 .glue_7t       0x0000e634        0x0 /cygdrive/c/Users/Public/Desktop/CmpE146Package/GNUARM/bin/../lib/gcc/arm-elf/4.3.2/../../../../arm-elf/lib/libc.a(lib_a-strstr.o)
 .text          0x0000e634     0x1630 /cygdrive/c/Users/Public/Desktop/CmpE146Package/GNUARM/bin/../lib/gcc/arm-elf/4.3.2/../../../../arm-elf/lib/libc.a(lib_a-strtod.o)
                0x0000e634                _strtod_r
                0x0000fc48                strtod
                0x0000fbf8                strtof
 .glue_7        0x0000fc64        0x0 /cygdrive/c/Users/Public/Desktop/CmpE146Package/GNUARM/bin/../lib/gcc/arm-elf/4.3.2/../../../../arm-elf/lib/libc.a(lib_a-strtod.o)
 .glue_7t       0x0000fc64        0x0 /cygdrive/c/Users/Public/Desktop/CmpE146Package/GNUARM/bin/../lib/gcc/arm-elf/4.3.2/../../../../arm-elf/lib/libc.a(lib_a-strtod.o)
 .text          0x0000fc64       0x18 /cygdrive/c/Users/Public/Desktop/CmpE146Package/GNUARM/bin/../lib/gcc/arm-elf/4.3.2/../../../../arm-elf/lib/libc.a(lib_a-strtok.o)
                0x0000fc64                strtok
 .glue_7        0x0000fc7c        0x0 /cygdrive/c/Users/Public/Desktop/CmpE146Package/GNUARM/bin/../lib/gcc/arm-elf/4.3.2/../../../../arm-elf/lib/libc.a(lib_a-strtok.o)
 .glue_7t       0x0000fc7c        0x0 /cygdrive/c/Users/Public/Desktop/CmpE146Package/GNUARM/bin/../lib/gcc/arm-elf/4.3.2/../../../../arm-elf/lib/libc.a(lib_a-strtok.o)
 .text          0x0000fc7c       0xd0 /cygdrive/c/Users/Public/Desktop/CmpE146Package/GNUARM/bin/../lib/gcc/arm-elf/4.3.2/../../../../arm-elf/lib/libc.a(lib_a-strtok_r.o)
                0x0000fd44                strtok_r
                0x0000fc7c                __strtok_r
 .glue_7        0x0000fd4c        0x0 /cygdrive/c/Users/Public/Desktop/CmpE146Package/GNUARM/bin/../lib/gcc/arm-elf/4.3.2/../../../../arm-elf/lib/libc.a(lib_a-strtok_r.o)
 .glue_7t       0x0000fd4c        0x0 /cygdrive/c/Users/Public/Desktop/CmpE146Package/GNUARM/bin/../lib/gcc/arm-elf/4.3.2/../../../../arm-elf/lib/libc.a(lib_a-strtok_r.o)
 .text          0x0000fd4c      0x1e0 /cygdrive/c/Users/Public/Desktop/CmpE146Package/GNUARM/bin/../lib/gcc/arm-elf/4.3.2/../../../../arm-elf/lib/libc.a(lib_a-strtol.o)
                0x0000ff00                strtol
                0x0000fd4c                _strtol_r
 .glue_7        0x0000ff2c        0x0 /cygdrive/c/Users/Public/Desktop/CmpE146Package/GNUARM/bin/../lib/gcc/arm-elf/4.3.2/../../../../arm-elf/lib/libc.a(lib_a-strtol.o)
 .glue_7t       0x0000ff2c        0x0 /cygdrive/c/Users/Public/Desktop/CmpE146Package/GNUARM/bin/../lib/gcc/arm-elf/4.3.2/../../../../arm-elf/lib/libc.a(lib_a-strtol.o)
 .text          0x0000ff2c       0x1c /cygdrive/c/Users/Public/Desktop/CmpE146Package/GNUARM/bin/../lib/gcc/arm-elf/4.3.2/../../../../arm-elf/lib/libc.a(lib_a-tolower.o)
                0x0000ff2c                tolower
 .glue_7        0x0000ff48        0x0 /cygdrive/c/Users/Public/Desktop/CmpE146Package/GNUARM/bin/../lib/gcc/arm-elf/4.3.2/../../../../arm-elf/lib/libc.a(lib_a-tolower.o)
 .glue_7t       0x0000ff48        0x0 /cygdrive/c/Users/Public/Desktop/CmpE146Package/GNUARM/bin/../lib/gcc/arm-elf/4.3.2/../../../../arm-elf/lib/libc.a(lib_a-tolower.o)
 .text          0x0000ff48       0x1c /cygdrive/c/Users/Public/Desktop/CmpE146Package/GNUARM/bin/../lib/gcc/arm-elf/4.3.2/../../../../arm-elf/lib/libc.a(lib_a-toupper.o)
                0x0000ff48                toupper
 .glue_7        0x0000ff64        0x0 /cygdrive/c/Users/Public/Desktop/CmpE146Package/GNUARM/bin/../lib/gcc/arm-elf/4.3.2/../../../../arm-elf/lib/libc.a(lib_a-toupper.o)
 .glue_7t       0x0000ff64        0x0 /cygdrive/c/Users/Public/Desktop/CmpE146Package/GNUARM/bin/../lib/gcc/arm-elf/4.3.2/../../../../arm-elf/lib/libc.a(lib_a-toupper.o)
 .text          0x0000ff64      0xff0 /cygdrive/c/Users/Public/Desktop/CmpE146Package/GNUARM/bin/../lib/gcc/arm-elf/4.3.2/../../../../arm-elf/lib/libc.a(lib_a-vfiprintf.o)
                0x00010f28                vfiprintf
                0x0000ff94                _vfiprintf_r
 .glue_7        0x00010f54        0x0 /cygdrive/c/Users/Public/Desktop/CmpE146Package/GNUARM/bin/../lib/gcc/arm-elf/4.3.2/../../../../arm-elf/lib/libc.a(lib_a-vfiprintf.o)
 .glue_7t       0x00010f54        0x0 /cygdrive/c/Users/Public/Desktop/CmpE146Package/GNUARM/bin/../lib/gcc/arm-elf/4.3.2/../../../../arm-elf/lib/libc.a(lib_a-vfiprintf.o)
 .text          0x00010f54     0x1dd8 /cygdrive/c/Users/Public/Desktop/CmpE146Package/GNUARM/bin/../lib/gcc/arm-elf/4.3.2/../../../../arm-elf/lib/libc.a(lib_a-vfprintf.o)
                0x00010f84                _vfprintf_r
                0x00012d00                vfprintf
 .glue_7        0x00012d2c        0x0 /cygdrive/c/Users/Public/Desktop/CmpE146Package/GNUARM/bin/../lib/gcc/arm-elf/4.3.2/../../../../arm-elf/lib/libc.a(lib_a-vfprintf.o)
 .glue_7t       0x00012d2c        0x0 /cygdrive/c/Users/Public/Desktop/CmpE146Package/GNUARM/bin/../lib/gcc/arm-elf/4.3.2/../../../../arm-elf/lib/libc.a(lib_a-vfprintf.o)
 .text          0x00012d2c      0x144 /cygdrive/c/Users/Public/Desktop/CmpE146Package/GNUARM/bin/../lib/gcc/arm-elf/4.3.2/../../../../arm-elf/lib/libc.a(lib_a-wsetup.o)
                0x00012d2c                __swsetup_r
 .glue_7        0x00012e70        0x0 /cygdrive/c/Users/Public/Desktop/CmpE146Package/GNUARM/bin/../lib/gcc/arm-elf/4.3.2/../../../../arm-elf/lib/libc.a(lib_a-wsetup.o)
 .glue_7t       0x00012e70        0x0 /cygdrive/c/Users/Public/Desktop/CmpE146Package/GNUARM/bin/../lib/gcc/arm-elf/4.3.2/../../../../arm-elf/lib/libc.a(lib_a-wsetup.o)
 .text          0x00012e70        0x0 /cygdrive/c/Users/Public/Desktop/CmpE146Package/GNUARM/bin/../lib/gcc/arm-elf/4.3.2/../../../../arm-elf/lib/libc.a(lib_a-ctype_.o)
 .glue_7        0x00012e70        0x0 /cygdrive/c/Users/Public/Desktop/CmpE146Package/GNUARM/bin/../lib/gcc/arm-elf/4.3.2/../../../../arm-elf/lib/libc.a(lib_a-ctype_.o)
 .glue_7t       0x00012e70        0x0 /cygdrive/c/Users/Public/Desktop/CmpE146Package/GNUARM/bin/../lib/gcc/arm-elf/4.3.2/../../../../arm-elf/lib/libc.a(lib_a-ctype_.o)
 .text          0x00012e70     0x16e8 /cygdrive/c/Users/Public/Desktop/CmpE146Package/GNUARM/bin/../lib/gcc/arm-elf/4.3.2/../../../../arm-elf/lib/libc.a(lib_a-dtoa.o)
                0x00013060                _dtoa_r
 .glue_7        0x00014558        0x0 /cygdrive/c/Users/Public/Desktop/CmpE146Package/GNUARM/bin/../lib/gcc/arm-elf/4.3.2/../../../../arm-elf/lib/libc.a(lib_a-dtoa.o)
 .glue_7t       0x00014558        0x0 /cygdrive/c/Users/Public/Desktop/CmpE146Package/GNUARM/bin/../lib/gcc/arm-elf/4.3.2/../../../../arm-elf/lib/libc.a(lib_a-dtoa.o)
 .text          0x00014558      0x1dc /cygdrive/c/Users/Public/Desktop/CmpE146Package/GNUARM/bin/../lib/gcc/arm-elf/4.3.2/../../../../arm-elf/lib/libc.a(lib_a-fflush.o)
                0x00014700                fflush
                0x00014558                _fflush_r
 .glue_7        0x00014734        0x0 /cygdrive/c/Users/Public/Desktop/CmpE146Package/GNUARM/bin/../lib/gcc/arm-elf/4.3.2/../../../../arm-elf/lib/libc.a(lib_a-fflush.o)
 .glue_7t       0x00014734        0x0 /cygdrive/c/Users/Public/Desktop/CmpE146Package/GNUARM/bin/../lib/gcc/arm-elf/4.3.2/../../../../arm-elf/lib/libc.a(lib_a-fflush.o)
 .text          0x00014734      0x2ac /cygdrive/c/Users/Public/Desktop/CmpE146Package/GNUARM/bin/../lib/gcc/arm-elf/4.3.2/../../../../arm-elf/lib/libc.a(lib_a-findfp.o)
                0x00014734                __sinit
                0x000148c4                __sfmoreglue
                0x000148ac                _cleanup
                0x000148a0                _cleanup_r
                0x00014888                __fp_lock_all
                0x00014850                __sfp_lock_acquire
                0x0001490c                __sfp
                0x0001485c                __sinit_lock_release
                0x00014870                __fp_unlock_all
                0x00014854                __sfp_lock_release
                0x00014858                __sinit_lock_acquire
 .glue_7        0x000149e0        0x0 /cygdrive/c/Users/Public/Desktop/CmpE146Package/GNUARM/bin/../lib/gcc/arm-elf/4.3.2/../../../../arm-elf/lib/libc.a(lib_a-findfp.o)
 .glue_7t       0x000149e0        0x0 /cygdrive/c/Users/Public/Desktop/CmpE146Package/GNUARM/bin/../lib/gcc/arm-elf/4.3.2/../../../../arm-elf/lib/libc.a(lib_a-findfp.o)
 .text          0x000149e0      0x370 /cygdrive/c/Users/Public/Desktop/CmpE146Package/GNUARM/bin/../lib/gcc/arm-elf/4.3.2/../../../../arm-elf/lib/libc.a(lib_a-freer.o)
                0x00014ad8                _free_r
                0x000149e0                _malloc_trim_r
 .glue_7        0x00014d50        0x0 /cygdrive/c/Users/Public/Desktop/CmpE146Package/GNUARM/bin/../lib/gcc/arm-elf/4.3.2/../../../../arm-elf/lib/libc.a(lib_a-freer.o)
 .glue_7t       0x00014d50        0x0 /cygdrive/c/Users/Public/Desktop/CmpE146Package/GNUARM/bin/../lib/gcc/arm-elf/4.3.2/../../../../arm-elf/lib/libc.a(lib_a-freer.o)
 .text          0x00014d50      0x46c /cygdrive/c/Users/Public/Desktop/CmpE146Package/GNUARM/bin/../lib/gcc/arm-elf/4.3.2/../../../../arm-elf/lib/libc.a(lib_a-fvwrite.o)
                0x00014d50                __sfvwrite_r
 .glue_7        0x000151bc        0x0 /cygdrive/c/Users/Public/Desktop/CmpE146Package/GNUARM/bin/../lib/gcc/arm-elf/4.3.2/../../../../arm-elf/lib/libc.a(lib_a-fvwrite.o)
 .glue_7t       0x000151bc        0x0 /cygdrive/c/Users/Public/Desktop/CmpE146Package/GNUARM/bin/../lib/gcc/arm-elf/4.3.2/../../../../arm-elf/lib/libc.a(lib_a-fvwrite.o)
 .text          0x000151bc      0x10c /cygdrive/c/Users/Public/Desktop/CmpE146Package/GNUARM/bin/../lib/gcc/arm-elf/4.3.2/../../../../arm-elf/lib/libc.a(lib_a-fwalk.o)
                0x00015244                _fwalk
                0x000151bc                _fwalk_reent
 .glue_7        0x000152c8        0x0 /cygdrive/c/Users/Public/Desktop/CmpE146Package/GNUARM/bin/../lib/gcc/arm-elf/4.3.2/../../../../arm-elf/lib/libc.a(lib_a-fwalk.o)
 .glue_7t       0x000152c8        0x0 /cygdrive/c/Users/Public/Desktop/CmpE146Package/GNUARM/bin/../lib/gcc/arm-elf/4.3.2/../../../../arm-elf/lib/libc.a(lib_a-fwalk.o)
 .text          0x000152c8      0x8ac /cygdrive/c/Users/Public/Desktop/CmpE146Package/GNUARM/bin/../lib/gcc/arm-elf/4.3.2/../../../../arm-elf/lib/libc.a(lib_a-gdtoa-gethex.o)
                0x000152c8                __hexdig_init
                0x00015450                __gethex
 .glue_7        0x00015b74        0x0 /cygdrive/c/Users/Public/Desktop/CmpE146Package/GNUARM/bin/../lib/gcc/arm-elf/4.3.2/../../../../arm-elf/lib/libc.a(lib_a-gdtoa-gethex.o)
 .glue_7t       0x00015b74        0x0 /cygdrive/c/Users/Public/Desktop/CmpE146Package/GNUARM/bin/../lib/gcc/arm-elf/4.3.2/../../../../arm-elf/lib/libc.a(lib_a-gdtoa-gethex.o)
 .text          0x00015b74      0x274 /cygdrive/c/Users/Public/Desktop/CmpE146Package/GNUARM/bin/../lib/gcc/arm-elf/4.3.2/../../../../arm-elf/lib/libc.a(lib_a-gdtoa-hexnan.o)
                0x00015b74                __hexnan
 .glue_7        0x00015de8        0x0 /cygdrive/c/Users/Public/Desktop/CmpE146Package/GNUARM/bin/../lib/gcc/arm-elf/4.3.2/../../../../arm-elf/lib/libc.a(lib_a-gdtoa-hexnan.o)
 .glue_7t       0x00015de8        0x0 /cygdrive/c/Users/Public/Desktop/CmpE146Package/GNUARM/bin/../lib/gcc/arm-elf/4.3.2/../../../../arm-elf/lib/libc.a(lib_a-gdtoa-hexnan.o)
 .text          0x00015de8        0x0 /cygdrive/c/Users/Public/Desktop/CmpE146Package/GNUARM/bin/../lib/gcc/arm-elf/4.3.2/../../../../arm-elf/lib/libc.a(lib_a-impure.o)
 .glue_7        0x00015de8        0x0 /cygdrive/c/Users/Public/Desktop/CmpE146Package/GNUARM/bin/../lib/gcc/arm-elf/4.3.2/../../../../arm-elf/lib/libc.a(lib_a-impure.o)
 .glue_7t       0x00015de8        0x0 /cygdrive/c/Users/Public/Desktop/CmpE146Package/GNUARM/bin/../lib/gcc/arm-elf/4.3.2/../../../../arm-elf/lib/libc.a(lib_a-impure.o)
 .text          0x00015de8       0xa4 /cygdrive/c/Users/Public/Desktop/CmpE146Package/GNUARM/bin/../lib/gcc/arm-elf/4.3.2/../../../../arm-elf/lib/libc.a(lib_a-locale.o)
                0x00015e10                _setlocale_r
                0x00015de8                __locale_charset
                0x00015df8                _localeconv_r
                0x00015e70                setlocale
                0x00015e04                localeconv
 .glue_7        0x00015e8c        0x0 /cygdrive/c/Users/Public/Desktop/CmpE146Package/GNUARM/bin/../lib/gcc/arm-elf/4.3.2/../../../../arm-elf/lib/libc.a(lib_a-locale.o)
 .glue_7t       0x00015e8c        0x0 /cygdrive/c/Users/Public/Desktop/CmpE146Package/GNUARM/bin/../lib/gcc/arm-elf/4.3.2/../../../../arm-elf/lib/libc.a(lib_a-locale.o)
 .text          0x00015e8c      0x164 /cygdrive/c/Users/Public/Desktop/CmpE146Package/GNUARM/bin/../lib/gcc/arm-elf/4.3.2/../../../../arm-elf/lib/libc.a(lib_a-makebuf.o)
                0x00015e8c                __smakebuf_r
 .glue_7        0x00015ff0        0x0 /cygdrive/c/Users/Public/Desktop/CmpE146Package/GNUARM/bin/../lib/gcc/arm-elf/4.3.2/../../../../arm-elf/lib/libc.a(lib_a-makebuf.o)
 .glue_7t       0x00015ff0        0x0 /cygdrive/c/Users/Public/Desktop/CmpE146Package/GNUARM/bin/../lib/gcc/arm-elf/4.3.2/../../../../arm-elf/lib/libc.a(lib_a-makebuf.o)
 .text          0x00015ff0      0x118 /cygdrive/c/Users/Public/Desktop/CmpE146Package/GNUARM/bin/../lib/gcc/arm-elf/4.3.2/../../../../arm-elf/lib/libc.a(lib_a-memchr.o)
                0x00015ff0                memchr
 .glue_7        0x00016108        0x0 /cygdrive/c/Users/Public/Desktop/CmpE146Package/GNUARM/bin/../lib/gcc/arm-elf/4.3.2/../../../../arm-elf/lib/libc.a(lib_a-memchr.o)
 .glue_7t       0x00016108        0x0 /cygdrive/c/Users/Public/Desktop/CmpE146Package/GNUARM/bin/../lib/gcc/arm-elf/4.3.2/../../../../arm-elf/lib/libc.a(lib_a-memchr.o)
 .text          0x00016108      0xd88 /cygdrive/c/Users/Public/Desktop/CmpE146Package/GNUARM/bin/../lib/gcc/arm-elf/4.3.2/../../../../arm-elf/lib/libc.a(lib_a-mprec.o)
                0x0001640c                _mprec_log10
                0x000164e8                __any_on
                0x00016584                _Balloc
                0x00016390                __ratio
                0x00016bb8                __i2b
                0x000162d0                __b2d
                0x00016dac                __s2b
                0x00016210                __mcmp
                0x00016124                __hi0bits
                0x00016cb4                __pow5mult
                0x000168a8                __lshift
                0x000169cc                __multiply
                0x00016608                __d2b
                0x00016460                __copybits
                0x00016270                __ulp
                0x00016724                __mdiff
                0x0001617c                __lo0bits
                0x00016bd8                __multadd
                0x00016108                _Bfree
 .glue_7        0x00016e90        0x0 /cygdrive/c/Users/Public/Desktop/CmpE146Package/GNUARM/bin/../lib/gcc/arm-elf/4.3.2/../../../../arm-elf/lib/libc.a(lib_a-mprec.o)
 .glue_7t       0x00016e90        0x0 /cygdrive/c/Users/Public/Desktop/CmpE146Package/GNUARM/bin/../lib/gcc/arm-elf/4.3.2/../../../../arm-elf/lib/libc.a(lib_a-mprec.o)
 .text          0x00016e90       0x3c /cygdrive/c/Users/Public/Desktop/CmpE146Package/GNUARM/bin/../lib/gcc/arm-elf/4.3.2/../../../../arm-elf/lib/libc.a(lib_a-s_isinfd.o)
                0x00016e90                __isinfd
 .glue_7        0x00016ecc        0x0 /cygdrive/c/Users/Public/Desktop/CmpE146Package/GNUARM/bin/../lib/gcc/arm-elf/4.3.2/../../../../arm-elf/lib/libc.a(lib_a-s_isinfd.o)
 .glue_7t       0x00016ecc        0x0 /cygdrive/c/Users/Public/Desktop/CmpE146Package/GNUARM/bin/../lib/gcc/arm-elf/4.3.2/../../../../arm-elf/lib/libc.a(lib_a-s_isinfd.o)
 .text          0x00016ecc       0x30 /cygdrive/c/Users/Public/Desktop/CmpE146Package/GNUARM/bin/../lib/gcc/arm-elf/4.3.2/../../../../arm-elf/lib/libc.a(lib_a-s_isnand.o)
                0x00016ecc                __isnand
 .glue_7        0x00016efc        0x0 /cygdrive/c/Users/Public/Desktop/CmpE146Package/GNUARM/bin/../lib/gcc/arm-elf/4.3.2/../../../../arm-elf/lib/libc.a(lib_a-s_isnand.o)
 .glue_7t       0x00016efc        0x0 /cygdrive/c/Users/Public/Desktop/CmpE146Package/GNUARM/bin/../lib/gcc/arm-elf/4.3.2/../../../../arm-elf/lib/libc.a(lib_a-s_isnand.o)
 .text          0x00016efc        0xc /cygdrive/c/Users/Public/Desktop/CmpE146Package/GNUARM/bin/../lib/gcc/arm-elf/4.3.2/../../../../arm-elf/lib/libc.a(lib_a-sf_nan.o)
                0x00016efc                nanf
 .glue_7        0x00016f08        0x0 /cygdrive/c/Users/Public/Desktop/CmpE146Package/GNUARM/bin/../lib/gcc/arm-elf/4.3.2/../../../../arm-elf/lib/libc.a(lib_a-sf_nan.o)
 .glue_7t       0x00016f08        0x0 /cygdrive/c/Users/Public/Desktop/CmpE146Package/GNUARM/bin/../lib/gcc/arm-elf/4.3.2/../../../../arm-elf/lib/libc.a(lib_a-sf_nan.o)
 .text          0x00016f08       0xc0 /cygdrive/c/Users/Public/Desktop/CmpE146Package/GNUARM/bin/../lib/gcc/arm-elf/4.3.2/../../../../arm-elf/lib/libc.a(lib_a-stdio.o)
                0x00016f10                __sseek
                0x00016f98                __sread
                0x00016f08                __sclose
                0x00016f44                __swrite
 .glue_7        0x00016fc8        0x0 /cygdrive/c/Users/Public/Desktop/CmpE146Package/GNUARM/bin/../lib/gcc/arm-elf/4.3.2/../../../../arm-elf/lib/libc.a(lib_a-stdio.o)
 .glue_7t       0x00016fc8        0x0 /cygdrive/c/Users/Public/Desktop/CmpE146Package/GNUARM/bin/../lib/gcc/arm-elf/4.3.2/../../../../arm-elf/lib/libc.a(lib_a-stdio.o)
 .text          0x00016fc8      0x8ec /cygdrive/c/Users/Public/Desktop/CmpE146Package/GNUARM/bin/../lib/gcc/arm-elf/4.3.2/../../../../arm-elf/lib/libc.a(lib_a-syscalls.o)
                0x000170f0                _getpid
                0x00016fc8                initialise_monitor_handles
                0x000174c0                isatty
                0x00017884                _fstat
                0x000173d0                _open
                0x000173f0                _sbrk
                0x00017100                _raise
                0x00017148                _times
                0x00017838                _stat
                0x00017748                _lseek
                0x000170f8                _link
                0x00017570                _swiwrite
                0x000171c4                _rename
                0x00017654                _swilseek
                0x000174f8                _swiclose
                0x000172f0                _swiopen
                0x000172ac                _unlink
                0x000175ac                _write
                0x0001707c                _kill
                0x00017104                _gettimeofday
                0x00017794                _read
                0x000170d0                _exit
                0x0001721c                _system
                0x00017758                _swiread
                0x00017560                _close
 .glue_7        0x000178b4        0x0 /cygdrive/c/Users/Public/Desktop/CmpE146Package/GNUARM/bin/../lib/gcc/arm-elf/4.3.2/../../../../arm-elf/lib/libc.a(lib_a-syscalls.o)
 .glue_7t       0x000178b4        0x0 /cygdrive/c/Users/Public/Desktop/CmpE146Package/GNUARM/bin/../lib/gcc/arm-elf/4.3.2/../../../../arm-elf/lib/libc.a(lib_a-syscalls.o)
 .text          0x000178b4       0x9c /cygdrive/c/Users/Public/Desktop/CmpE146Package/GNUARM/bin/../lib/gcc/arm-elf/4.3.2/../../../../arm-elf/lib/libc.a(lib_a-callocr.o)
                0x000178b4                _calloc_r
 .glue_7        0x00017950        0x0 /cygdrive/c/Users/Public/Desktop/CmpE146Package/GNUARM/bin/../lib/gcc/arm-elf/4.3.2/../../../../arm-elf/lib/libc.a(lib_a-callocr.o)
 .glue_7t       0x00017950        0x0 /cygdrive/c/Users/Public/Desktop/CmpE146Package/GNUARM/bin/../lib/gcc/arm-elf/4.3.2/../../../../arm-elf/lib/libc.a(lib_a-callocr.o)
 .text          0x00017950       0x10 /cygdrive/c/Users/Public/Desktop/CmpE146Package/GNUARM/bin/../lib/gcc/arm-elf/4.3.2/../../../../arm-elf/lib/libc.a(lib_a-errno.o)
                0x00017950                __errno
 .glue_7        0x00017960        0x0 /cygdrive/c/Users/Public/Desktop/CmpE146Package/GNUARM/bin/../lib/gcc/arm-elf/4.3.2/../../../../arm-elf/lib/libc.a(lib_a-errno.o)
 .glue_7t       0x00017960        0x0 /cygdrive/c/Users/Public/Desktop/CmpE146Package/GNUARM/bin/../lib/gcc/arm-elf/4.3.2/../../../../arm-elf/lib/libc.a(lib_a-errno.o)
 .text          0x00017960      0x118 /cygdrive/c/Users/Public/Desktop/CmpE146Package/GNUARM/bin/../lib/gcc/arm-elf/4.3.2/../../../../arm-elf/lib/libc.a(lib_a-fclose.o)
                0x00017960                _fclose_r
                0x00017a64                fclose
 .glue_7        0x00017a78        0x0 /cygdrive/c/Users/Public/Desktop/CmpE146Package/GNUARM/bin/../lib/gcc/arm-elf/4.3.2/../../../../arm-elf/lib/libc.a(lib_a-fclose.o)
 .glue_7t       0x00017a78        0x0 /cygdrive/c/Users/Public/Desktop/CmpE146Package/GNUARM/bin/../lib/gcc/arm-elf/4.3.2/../../../../arm-elf/lib/libc.a(lib_a-fclose.o)
 .text          0x00017a78      0x470 /cygdrive/c/Users/Public/Desktop/CmpE146Package/GNUARM/bin/../lib/gcc/arm-elf/4.3.2/libgcc.a(_muldivdf3.o)
                0x00017ce4                __aeabi_ddiv
                0x00017a78                __aeabi_dmul
                0x00017ce4                __divdf3
                0x00017a78                __muldf3
 .glue_7        0x00017ee8        0x0 /cygdrive/c/Users/Public/Desktop/CmpE146Package/GNUARM/bin/../lib/gcc/arm-elf/4.3.2/libgcc.a(_muldivdf3.o)
 .glue_7t       0x00017ee8        0x0 /cygdrive/c/Users/Public/Desktop/CmpE146Package/GNUARM/bin/../lib/gcc/arm-elf/4.3.2/libgcc.a(_muldivdf3.o)
 .text          0x00017ee8      0x128 /cygdrive/c/Users/Public/Desktop/CmpE146Package/GNUARM/bin/../lib/gcc/arm-elf/4.3.2/libgcc.a(_cmpdf2.o)
                0x00017fd4                __aeabi_dcmple
                0x00017ef8                __cmpdf2
                0x00017ef8                __eqdf2
                0x00017ee8                __gtdf2
                0x00017f98                __aeabi_cdcmple
                0x00017f7c                __aeabi_cdrcmple
                0x00017ef0                __ltdf2
                0x00017fc0                __aeabi_dcmplt
                0x00017ef0                __ledf2
                0x00017ffc                __aeabi_dcmpgt
                0x00017fe8                __aeabi_dcmpge
                0x00017ef8                __nedf2
                0x00017fac                __aeabi_dcmpeq
                0x00017f98                __aeabi_cdcmpeq
                0x00017ee8                __gedf2
 .glue_7        0x00018010        0x0 /cygdrive/c/Users/Public/Desktop/CmpE146Package/GNUARM/bin/../lib/gcc/arm-elf/4.3.2/libgcc.a(_cmpdf2.o)
 .glue_7t       0x00018010        0x0 /cygdrive/c/Users/Public/Desktop/CmpE146Package/GNUARM/bin/../lib/gcc/arm-elf/4.3.2/libgcc.a(_cmpdf2.o)
 .text          0x00018010       0x5c /cygdrive/c/Users/Public/Desktop/CmpE146Package/GNUARM/bin/../lib/gcc/arm-elf/4.3.2/libgcc.a(_fixdfsi.o)
                0x00018010                __fixdfsi
                0x00018010                __aeabi_d2iz
 .glue_7        0x0001806c        0x0 /cygdrive/c/Users/Public/Desktop/CmpE146Package/GNUARM/bin/../lib/gcc/arm-elf/4.3.2/libgcc.a(_fixdfsi.o)
 .glue_7t       0x0001806c        0x0 /cygdrive/c/Users/Public/Desktop/CmpE146Package/GNUARM/bin/../lib/gcc/arm-elf/4.3.2/libgcc.a(_fixdfsi.o)
 .text          0x0001806c       0x54 /cygdrive/c/Users/Public/Desktop/CmpE146Package/GNUARM/bin/../lib/gcc/arm-elf/4.3.2/libgcc.a(_fixunsdfsi.o)
                0x0001806c                __fixunsdfsi
                0x0001806c                __aeabi_d2uiz
 .glue_7        0x000180c0        0x0 /cygdrive/c/Users/Public/Desktop/CmpE146Package/GNUARM/bin/../lib/gcc/arm-elf/4.3.2/libgcc.a(_fixunsdfsi.o)
 .glue_7t       0x000180c0        0x0 /cygdrive/c/Users/Public/Desktop/CmpE146Package/GNUARM/bin/../lib/gcc/arm-elf/4.3.2/libgcc.a(_fixunsdfsi.o)
                0x000180c0                __text_end__ = (__text_start__ + SIZEOF (.text))
                0x000180c0                __dtors_load_start__ = (__text_end__ ALIGN 0x4)

.vfp11_veneer   0x00000000        0x0
 .vfp11_veneer  0x00000000        0x0 ./main.o
 .vfp11_veneer  0x00000000        0x0 ./utils/src/rprintf.o
 .vfp11_veneer  0x00000000        0x0 ./utils/src/timer.o
 .vfp11_veneer  0x00000000        0x0 ./utils/cString.o
 .vfp11_veneer  0x00000000        0x0 ./fat/diskio.o
 .vfp11_veneer  0x00000000        0x0 ./fat/ff.o
 .vfp11_veneer  0x00000000        0x0 ./fat/rtc.o
 .vfp11_veneer  0x00000000        0x0 ./fat/option/ccsbcs.o
 .vfp11_veneer  0x00000000        0x0 ./fat/option/reentrant.o
 .vfp11_veneer  0x00000000        0x0 ./drivers/i2c.o
 .vfp11_veneer  0x00000000        0x0 ./drivers/pcm1774.o
 .vfp11_veneer  0x00000000        0x0 ./drivers/ssp_spi.o
 .vfp11_veneer  0x00000000        0x0 ./drivers/sta013.o
 .vfp11_veneer  0x00000000        0x0 ./drivers/uart0.o
 .vfp11_veneer  0x00000000        0x0 ./drivers/watchdog.o
 .vfp11_veneer  0x00000000        0x0 ./System/cppmem.o
 .vfp11_veneer  0x00000000        0x0 ./System/cpu.o
 .vfp11_veneer  0x00000000        0x0 ./System/syscalls.o
 .vfp11_veneer  0x00000000        0x0 ./System/startup/Arm7CStartup.o
 .vfp11_veneer  0x00000000        0x0 ./System/startup/Lpc2000ExceptionVectors.o
 .vfp11_veneer  0x00000000        0x0 ./System/startup/exceptionHandlers.o
 .vfp11_veneer  0x00000000        0x0 ./MP3/button.o
 .vfp11_veneer  0x00000000        0x0 ./MP3/control.o
 .vfp11_veneer  0x00000000        0x0 ./MP3/mp3.o
 .vfp11_veneer  0x00000000        0x0 ./General/userInterface.o
 .vfp11_veneer  0x00000000        0x0 ./FreeRTOS/src/croutine.o
 .vfp11_veneer  0x00000000        0x0 ./FreeRTOS/src/list.o
 .vfp11_veneer  0x00000000        0x0 ./FreeRTOS/src/port.o
 .vfp11_veneer  0x00000000        0x0 ./FreeRTOS/src/portISR.o
 .vfp11_veneer  0x00000000        0x0 ./FreeRTOS/src/queue.o
 .vfp11_veneer  0x00000000        0x0 ./FreeRTOS/src/tasks.o
 .vfp11_veneer  0x00000000        0x0 ./FreeRTOS/src/timers.o
 .vfp11_veneer  0x00000000        0x0 ./FreeRTOS/mem/heap_3.o
 .vfp11_veneer  0x00000000        0x0 ./FreeRTOS/hooks/hooks.o
 .vfp11_veneer  0x00000000        0x0 /cygdrive/c/Users/Public/Desktop/CmpE146Package/GNUARM/bin/../lib/gcc/arm-elf/4.3.2/libgcc.a(_udivsi3.o)
 .vfp11_veneer  0x00000000        0x0 /cygdrive/c/Users/Public/Desktop/CmpE146Package/GNUARM/bin/../lib/gcc/arm-elf/4.3.2/libgcc.a(_divsi3.o)
 .vfp11_veneer  0x00000000        0x0 /cygdrive/c/Users/Public/Desktop/CmpE146Package/GNUARM/bin/../lib/gcc/arm-elf/4.3.2/libgcc.a(_umodsi3.o)
 .vfp11_veneer  0x00000000        0x0 /cygdrive/c/Users/Public/Desktop/CmpE146Package/GNUARM/bin/../lib/gcc/arm-elf/4.3.2/libgcc.a(_dvmd_tls.o)
 .vfp11_veneer  0x00000000        0x0 /cygdrive/c/Users/Public/Desktop/CmpE146Package/GNUARM/bin/../lib/gcc/arm-elf/4.3.2/libgcc.a(_addsubdf3.o)
 .vfp11_veneer  0x00000000        0x0 /cygdrive/c/Users/Public/Desktop/CmpE146Package/GNUARM/bin/../lib/gcc/arm-elf/4.3.2/libgcc.a(_truncdfsf2.o)
 .vfp11_veneer  0x00000000        0x0 /cygdrive/c/Users/Public/Desktop/CmpE146Package/GNUARM/bin/../lib/gcc/arm-elf/4.3.2/libgcc.a(_addsubsf3.o)
 .vfp11_veneer  0x00000000        0x0 /cygdrive/c/Users/Public/Desktop/CmpE146Package/GNUARM/bin/../lib/gcc/arm-elf/4.3.2/../../../../arm-elf/lib/libc.a(lib_a-atof.o)
 .vfp11_veneer  0x00000000        0x0 /cygdrive/c/Users/Public/Desktop/CmpE146Package/GNUARM/bin/../lib/gcc/arm-elf/4.3.2/../../../../arm-elf/lib/libc.a(lib_a-atoi.o)
 .vfp11_veneer  0x00000000        0x0 /cygdrive/c/Users/Public/Desktop/CmpE146Package/GNUARM/bin/../lib/gcc/arm-elf/4.3.2/../../../../arm-elf/lib/libc.a(lib_a-iprintf.o)
 .vfp11_veneer  0x00000000        0x0 /cygdrive/c/Users/Public/Desktop/CmpE146Package/GNUARM/bin/../lib/gcc/arm-elf/4.3.2/../../../../arm-elf/lib/libc.a(lib_a-malloc.o)
 .vfp11_veneer  0x00000000        0x0 /cygdrive/c/Users/Public/Desktop/CmpE146Package/GNUARM/bin/../lib/gcc/arm-elf/4.3.2/../../../../arm-elf/lib/libc.a(lib_a-mallocr.o)
 .vfp11_veneer  0x00000000        0x0 /cygdrive/c/Users/Public/Desktop/CmpE146Package/GNUARM/bin/../lib/gcc/arm-elf/4.3.2/../../../../arm-elf/lib/libc.a(lib_a-memcmp.o)
 .vfp11_veneer  0x00000000        0x0 /cygdrive/c/Users/Public/Desktop/CmpE146Package/GNUARM/bin/../lib/gcc/arm-elf/4.3.2/../../../../arm-elf/lib/libc.a(lib_a-memcpy.o)
 .vfp11_veneer  0x00000000        0x0 /cygdrive/c/Users/Public/Desktop/CmpE146Package/GNUARM/bin/../lib/gcc/arm-elf/4.3.2/../../../../arm-elf/lib/libc.a(lib_a-memmove.o)
 .vfp11_veneer  0x00000000        0x0 /cygdrive/c/Users/Public/Desktop/CmpE146Package/GNUARM/bin/../lib/gcc/arm-elf/4.3.2/../../../../arm-elf/lib/libc.a(lib_a-memset.o)
 .vfp11_veneer  0x00000000        0x0 /cygdrive/c/Users/Public/Desktop/CmpE146Package/GNUARM/bin/../lib/gcc/arm-elf/4.3.2/../../../../arm-elf/lib/libc.a(lib_a-mlock.o)
 .vfp11_veneer  0x00000000        0x0 /cygdrive/c/Users/Public/Desktop/CmpE146Package/GNUARM/bin/../lib/gcc/arm-elf/4.3.2/../../../../arm-elf/lib/libc.a(lib_a-realloc.o)
 .vfp11_veneer  0x00000000        0x0 /cygdrive/c/Users/Public/Desktop/CmpE146Package/GNUARM/bin/../lib/gcc/arm-elf/4.3.2/../../../../arm-elf/lib/libc.a(lib_a-reallocr.o)
 .vfp11_veneer  0x00000000        0x0 /cygdrive/c/Users/Public/Desktop/CmpE146Package/GNUARM/bin/../lib/gcc/arm-elf/4.3.2/../../../../arm-elf/lib/libc.a(lib_a-siprintf.o)
 .vfp11_veneer  0x00000000        0x0 /cygdrive/c/Users/Public/Desktop/CmpE146Package/GNUARM/bin/../lib/gcc/arm-elf/4.3.2/../../../../arm-elf/lib/libc.a(lib_a-sprintf.o)
 .vfp11_veneer  0x00000000        0x0 /cygdrive/c/Users/Public/Desktop/CmpE146Package/GNUARM/bin/../lib/gcc/arm-elf/4.3.2/../../../../arm-elf/lib/libc.a(lib_a-strcat.o)
 .vfp11_veneer  0x00000000        0x0 /cygdrive/c/Users/Public/Desktop/CmpE146Package/GNUARM/bin/../lib/gcc/arm-elf/4.3.2/../../../../arm-elf/lib/libc.a(lib_a-strchr.o)
 .vfp11_veneer  0x00000000        0x0 /cygdrive/c/Users/Public/Desktop/CmpE146Package/GNUARM/bin/../lib/gcc/arm-elf/4.3.2/../../../../arm-elf/lib/libc.a(lib_a-strcmp.o)
 .vfp11_veneer  0x00000000        0x0 /cygdrive/c/Users/Public/Desktop/CmpE146Package/GNUARM/bin/../lib/gcc/arm-elf/4.3.2/../../../../arm-elf/lib/libc.a(lib_a-strcpy.o)
 .vfp11_veneer  0x00000000        0x0 /cygdrive/c/Users/Public/Desktop/CmpE146Package/GNUARM/bin/../lib/gcc/arm-elf/4.3.2/../../../../arm-elf/lib/libc.a(lib_a-strlen.o)
 .vfp11_veneer  0x00000000        0x0 /cygdrive/c/Users/Public/Desktop/CmpE146Package/GNUARM/bin/../lib/gcc/arm-elf/4.3.2/../../../../arm-elf/lib/libc.a(lib_a-strncpy.o)
 .vfp11_veneer  0x00000000        0x0 /cygdrive/c/Users/Public/Desktop/CmpE146Package/GNUARM/bin/../lib/gcc/arm-elf/4.3.2/../../../../arm-elf/lib/libc.a(lib_a-strstr.o)
 .vfp11_veneer  0x00000000        0x0 /cygdrive/c/Users/Public/Desktop/CmpE146Package/GNUARM/bin/../lib/gcc/arm-elf/4.3.2/../../../../arm-elf/lib/libc.a(lib_a-strtod.o)
 .vfp11_veneer  0x00000000        0x0 /cygdrive/c/Users/Public/Desktop/CmpE146Package/GNUARM/bin/../lib/gcc/arm-elf/4.3.2/../../../../arm-elf/lib/libc.a(lib_a-strtok.o)
 .vfp11_veneer  0x00000000        0x0 /cygdrive/c/Users/Public/Desktop/CmpE146Package/GNUARM/bin/../lib/gcc/arm-elf/4.3.2/../../../../arm-elf/lib/libc.a(lib_a-strtok_r.o)
 .vfp11_veneer  0x00000000        0x0 /cygdrive/c/Users/Public/Desktop/CmpE146Package/GNUARM/bin/../lib/gcc/arm-elf/4.3.2/../../../../arm-elf/lib/libc.a(lib_a-strtol.o)
 .vfp11_veneer  0x00000000        0x0 /cygdrive/c/Users/Public/Desktop/CmpE146Package/GNUARM/bin/../lib/gcc/arm-elf/4.3.2/../../../../arm-elf/lib/libc.a(lib_a-tolower.o)
 .vfp11_veneer  0x00000000        0x0 /cygdrive/c/Users/Public/Desktop/CmpE146Package/GNUARM/bin/../lib/gcc/arm-elf/4.3.2/../../../../arm-elf/lib/libc.a(lib_a-toupper.o)
 .vfp11_veneer  0x00000000        0x0 /cygdrive/c/Users/Public/Desktop/CmpE146Package/GNUARM/bin/../lib/gcc/arm-elf/4.3.2/../../../../arm-elf/lib/libc.a(lib_a-vfiprintf.o)
 .vfp11_veneer  0x00000000        0x0 /cygdrive/c/Users/Public/Desktop/CmpE146Package/GNUARM/bin/../lib/gcc/arm-elf/4.3.2/../../../../arm-elf/lib/libc.a(lib_a-vfprintf.o)
 .vfp11_veneer  0x00000000        0x0 /cygdrive/c/Users/Public/Desktop/CmpE146Package/GNUARM/bin/../lib/gcc/arm-elf/4.3.2/../../../../arm-elf/lib/libc.a(lib_a-wsetup.o)
 .vfp11_veneer  0x00000000        0x0 /cygdrive/c/Users/Public/Desktop/CmpE146Package/GNUARM/bin/../lib/gcc/arm-elf/4.3.2/../../../../arm-elf/lib/libc.a(lib_a-ctype_.o)
 .vfp11_veneer  0x00000000        0x0 /cygdrive/c/Users/Public/Desktop/CmpE146Package/GNUARM/bin/../lib/gcc/arm-elf/4.3.2/../../../../arm-elf/lib/libc.a(lib_a-dtoa.o)
 .vfp11_veneer  0x00000000        0x0 /cygdrive/c/Users/Public/Desktop/CmpE146Package/GNUARM/bin/../lib/gcc/arm-elf/4.3.2/../../../../arm-elf/lib/libc.a(lib_a-fflush.o)
 .vfp11_veneer  0x00000000        0x0 /cygdrive/c/Users/Public/Desktop/CmpE146Package/GNUARM/bin/../lib/gcc/arm-elf/4.3.2/../../../../arm-elf/lib/libc.a(lib_a-findfp.o)
 .vfp11_veneer  0x00000000        0x0 /cygdrive/c/Users/Public/Desktop/CmpE146Package/GNUARM/bin/../lib/gcc/arm-elf/4.3.2/../../../../arm-elf/lib/libc.a(lib_a-freer.o)
 .vfp11_veneer  0x00000000        0x0 /cygdrive/c/Users/Public/Desktop/CmpE146Package/GNUARM/bin/../lib/gcc/arm-elf/4.3.2/../../../../arm-elf/lib/libc.a(lib_a-fvwrite.o)
 .vfp11_veneer  0x00000000        0x0 /cygdrive/c/Users/Public/Desktop/CmpE146Package/GNUARM/bin/../lib/gcc/arm-elf/4.3.2/../../../../arm-elf/lib/libc.a(lib_a-fwalk.o)
 .vfp11_veneer  0x00000000        0x0 /cygdrive/c/Users/Public/Desktop/CmpE146Package/GNUARM/bin/../lib/gcc/arm-elf/4.3.2/../../../../arm-elf/lib/libc.a(lib_a-gdtoa-gethex.o)
 .vfp11_veneer  0x00000000        0x0 /cygdrive/c/Users/Public/Desktop/CmpE146Package/GNUARM/bin/../lib/gcc/arm-elf/4.3.2/../../../../arm-elf/lib/libc.a(lib_a-gdtoa-hexnan.o)
 .vfp11_veneer  0x00000000        0x0 /cygdrive/c/Users/Public/Desktop/CmpE146Package/GNUARM/bin/../lib/gcc/arm-elf/4.3.2/../../../../arm-elf/lib/libc.a(lib_a-impure.o)
 .vfp11_veneer  0x00000000        0x0 /cygdrive/c/Users/Public/Desktop/CmpE146Package/GNUARM/bin/../lib/gcc/arm-elf/4.3.2/../../../../arm-elf/lib/libc.a(lib_a-locale.o)
 .vfp11_veneer  0x00000000        0x0 /cygdrive/c/Users/Public/Desktop/CmpE146Package/GNUARM/bin/../lib/gcc/arm-elf/4.3.2/../../../../arm-elf/lib/libc.a(lib_a-makebuf.o)
 .vfp11_veneer  0x00000000        0x0 /cygdrive/c/Users/Public/Desktop/CmpE146Package/GNUARM/bin/../lib/gcc/arm-elf/4.3.2/../../../../arm-elf/lib/libc.a(lib_a-memchr.o)
 .vfp11_veneer  0x00000000        0x0 /cygdrive/c/Users/Public/Desktop/CmpE146Package/GNUARM/bin/../lib/gcc/arm-elf/4.3.2/../../../../arm-elf/lib/libc.a(lib_a-mprec.o)
 .vfp11_veneer  0x00000000        0x0 /cygdrive/c/Users/Public/Desktop/CmpE146Package/GNUARM/bin/../lib/gcc/arm-elf/4.3.2/../../../../arm-elf/lib/libc.a(lib_a-s_isinfd.o)
 .vfp11_veneer  0x00000000        0x0 /cygdrive/c/Users/Public/Desktop/CmpE146Package/GNUARM/bin/../lib/gcc/arm-elf/4.3.2/../../../../arm-elf/lib/libc.a(lib_a-s_isnand.o)
 .vfp11_veneer  0x00000000        0x0 /cygdrive/c/Users/Public/Desktop/CmpE146Package/GNUARM/bin/../lib/gcc/arm-elf/4.3.2/../../../../arm-elf/lib/libc.a(lib_a-sf_nan.o)
 .vfp11_veneer  0x00000000        0x0 /cygdrive/c/Users/Public/Desktop/CmpE146Package/GNUARM/bin/../lib/gcc/arm-elf/4.3.2/../../../../arm-elf/lib/libc.a(lib_a-stdio.o)
 .vfp11_veneer  0x00000000        0x0 /cygdrive/c/Users/Public/Desktop/CmpE146Package/GNUARM/bin/../lib/gcc/arm-elf/4.3.2/../../../../arm-elf/lib/libc.a(lib_a-syscalls.o)
 .vfp11_veneer  0x00000000        0x0 /cygdrive/c/Users/Public/Desktop/CmpE146Package/GNUARM/bin/../lib/gcc/arm-elf/4.3.2/../../../../arm-elf/lib/libc.a(lib_a-callocr.o)
 .vfp11_veneer  0x00000000        0x0 /cygdrive/c/Users/Public/Desktop/CmpE146Package/GNUARM/bin/../lib/gcc/arm-elf/4.3.2/../../../../arm-elf/lib/libc.a(lib_a-errno.o)
 .vfp11_veneer  0x00000000        0x0 /cygdrive/c/Users/Public/Desktop/CmpE146Package/GNUARM/bin/../lib/gcc/arm-elf/4.3.2/../../../../arm-elf/lib/libc.a(lib_a-fclose.o)
 .vfp11_veneer  0x00000000        0x0 /cygdrive/c/Users/Public/Desktop/CmpE146Package/GNUARM/bin/../lib/gcc/arm-elf/4.3.2/libgcc.a(_muldivdf3.o)
 .vfp11_veneer  0x00000000        0x0 /cygdrive/c/Users/Public/Desktop/CmpE146Package/GNUARM/bin/../lib/gcc/arm-elf/4.3.2/libgcc.a(_cmpdf2.o)
 .vfp11_veneer  0x00000000        0x0 /cygdrive/c/Users/Public/Desktop/CmpE146Package/GNUARM/bin/../lib/gcc/arm-elf/4.3.2/libgcc.a(_fixdfsi.o)
 .vfp11_veneer  0x00000000        0x0 /cygdrive/c/Users/Public/Desktop/CmpE146Package/GNUARM/bin/../lib/gcc/arm-elf/4.3.2/libgcc.a(_fixunsdfsi.o)

.v4_bx          0x00000000        0x0
 .v4_bx         0x00000000        0x0 ./main.o
 .v4_bx         0x00000000        0x0 ./utils/src/rprintf.o
 .v4_bx         0x00000000        0x0 ./utils/src/timer.o
 .v4_bx         0x00000000        0x0 ./utils/cString.o
 .v4_bx         0x00000000        0x0 ./fat/diskio.o
 .v4_bx         0x00000000        0x0 ./fat/ff.o
 .v4_bx         0x00000000        0x0 ./fat/rtc.o
 .v4_bx         0x00000000        0x0 ./fat/option/ccsbcs.o
 .v4_bx         0x00000000        0x0 ./fat/option/reentrant.o
 .v4_bx         0x00000000        0x0 ./drivers/i2c.o
 .v4_bx         0x00000000        0x0 ./drivers/pcm1774.o
 .v4_bx         0x00000000        0x0 ./drivers/ssp_spi.o
 .v4_bx         0x00000000        0x0 ./drivers/sta013.o
 .v4_bx         0x00000000        0x0 ./drivers/uart0.o
 .v4_bx         0x00000000        0x0 ./drivers/watchdog.o
 .v4_bx         0x00000000        0x0 ./System/cppmem.o
 .v4_bx         0x00000000        0x0 ./System/cpu.o
 .v4_bx         0x00000000        0x0 ./System/syscalls.o
 .v4_bx         0x00000000        0x0 ./System/startup/Arm7CStartup.o
 .v4_bx         0x00000000        0x0 ./System/startup/Lpc2000ExceptionVectors.o
 .v4_bx         0x00000000        0x0 ./System/startup/exceptionHandlers.o
 .v4_bx         0x00000000        0x0 ./MP3/button.o
 .v4_bx         0x00000000        0x0 ./MP3/control.o
 .v4_bx         0x00000000        0x0 ./MP3/mp3.o
 .v4_bx         0x00000000        0x0 ./General/userInterface.o
 .v4_bx         0x00000000        0x0 ./FreeRTOS/src/croutine.o
 .v4_bx         0x00000000        0x0 ./FreeRTOS/src/list.o
 .v4_bx         0x00000000        0x0 ./FreeRTOS/src/port.o
 .v4_bx         0x00000000        0x0 ./FreeRTOS/src/portISR.o
 .v4_bx         0x00000000        0x0 ./FreeRTOS/src/queue.o
 .v4_bx         0x00000000        0x0 ./FreeRTOS/src/tasks.o
 .v4_bx         0x00000000        0x0 ./FreeRTOS/src/timers.o
 .v4_bx         0x00000000        0x0 ./FreeRTOS/mem/heap_3.o
 .v4_bx         0x00000000        0x0 ./FreeRTOS/hooks/hooks.o
 .v4_bx         0x00000000        0x0 /cygdrive/c/Users/Public/Desktop/CmpE146Package/GNUARM/bin/../lib/gcc/arm-elf/4.3.2/libgcc.a(_udivsi3.o)
 .v4_bx         0x00000000        0x0 /cygdrive/c/Users/Public/Desktop/CmpE146Package/GNUARM/bin/../lib/gcc/arm-elf/4.3.2/libgcc.a(_divsi3.o)
 .v4_bx         0x00000000        0x0 /cygdrive/c/Users/Public/Desktop/CmpE146Package/GNUARM/bin/../lib/gcc/arm-elf/4.3.2/libgcc.a(_umodsi3.o)
 .v4_bx         0x00000000        0x0 /cygdrive/c/Users/Public/Desktop/CmpE146Package/GNUARM/bin/../lib/gcc/arm-elf/4.3.2/libgcc.a(_dvmd_tls.o)
 .v4_bx         0x00000000        0x0 /cygdrive/c/Users/Public/Desktop/CmpE146Package/GNUARM/bin/../lib/gcc/arm-elf/4.3.2/libgcc.a(_addsubdf3.o)
 .v4_bx         0x00000000        0x0 /cygdrive/c/Users/Public/Desktop/CmpE146Package/GNUARM/bin/../lib/gcc/arm-elf/4.3.2/libgcc.a(_truncdfsf2.o)
 .v4_bx         0x00000000        0x0 /cygdrive/c/Users/Public/Desktop/CmpE146Package/GNUARM/bin/../lib/gcc/arm-elf/4.3.2/libgcc.a(_addsubsf3.o)
 .v4_bx         0x00000000        0x0 /cygdrive/c/Users/Public/Desktop/CmpE146Package/GNUARM/bin/../lib/gcc/arm-elf/4.3.2/../../../../arm-elf/lib/libc.a(lib_a-atof.o)
 .v4_bx         0x00000000        0x0 /cygdrive/c/Users/Public/Desktop/CmpE146Package/GNUARM/bin/../lib/gcc/arm-elf/4.3.2/../../../../arm-elf/lib/libc.a(lib_a-atoi.o)
 .v4_bx         0x00000000        0x0 /cygdrive/c/Users/Public/Desktop/CmpE146Package/GNUARM/bin/../lib/gcc/arm-elf/4.3.2/../../../../arm-elf/lib/libc.a(lib_a-iprintf.o)
 .v4_bx         0x00000000        0x0 /cygdrive/c/Users/Public/Desktop/CmpE146Package/GNUARM/bin/../lib/gcc/arm-elf/4.3.2/../../../../arm-elf/lib/libc.a(lib_a-malloc.o)
 .v4_bx         0x00000000        0x0 /cygdrive/c/Users/Public/Desktop/CmpE146Package/GNUARM/bin/../lib/gcc/arm-elf/4.3.2/../../../../arm-elf/lib/libc.a(lib_a-mallocr.o)
 .v4_bx         0x00000000        0x0 /cygdrive/c/Users/Public/Desktop/CmpE146Package/GNUARM/bin/../lib/gcc/arm-elf/4.3.2/../../../../arm-elf/lib/libc.a(lib_a-memcmp.o)
 .v4_bx         0x00000000        0x0 /cygdrive/c/Users/Public/Desktop/CmpE146Package/GNUARM/bin/../lib/gcc/arm-elf/4.3.2/../../../../arm-elf/lib/libc.a(lib_a-memcpy.o)
 .v4_bx         0x00000000        0x0 /cygdrive/c/Users/Public/Desktop/CmpE146Package/GNUARM/bin/../lib/gcc/arm-elf/4.3.2/../../../../arm-elf/lib/libc.a(lib_a-memmove.o)
 .v4_bx         0x00000000        0x0 /cygdrive/c/Users/Public/Desktop/CmpE146Package/GNUARM/bin/../lib/gcc/arm-elf/4.3.2/../../../../arm-elf/lib/libc.a(lib_a-memset.o)
 .v4_bx         0x00000000        0x0 /cygdrive/c/Users/Public/Desktop/CmpE146Package/GNUARM/bin/../lib/gcc/arm-elf/4.3.2/../../../../arm-elf/lib/libc.a(lib_a-mlock.o)
 .v4_bx         0x00000000        0x0 /cygdrive/c/Users/Public/Desktop/CmpE146Package/GNUARM/bin/../lib/gcc/arm-elf/4.3.2/../../../../arm-elf/lib/libc.a(lib_a-realloc.o)
 .v4_bx         0x00000000        0x0 /cygdrive/c/Users/Public/Desktop/CmpE146Package/GNUARM/bin/../lib/gcc/arm-elf/4.3.2/../../../../arm-elf/lib/libc.a(lib_a-reallocr.o)
 .v4_bx         0x00000000        0x0 /cygdrive/c/Users/Public/Desktop/CmpE146Package/GNUARM/bin/../lib/gcc/arm-elf/4.3.2/../../../../arm-elf/lib/libc.a(lib_a-siprintf.o)
 .v4_bx         0x00000000        0x0 /cygdrive/c/Users/Public/Desktop/CmpE146Package/GNUARM/bin/../lib/gcc/arm-elf/4.3.2/../../../../arm-elf/lib/libc.a(lib_a-sprintf.o)
 .v4_bx         0x00000000        0x0 /cygdrive/c/Users/Public/Desktop/CmpE146Package/GNUARM/bin/../lib/gcc/arm-elf/4.3.2/../../../../arm-elf/lib/libc.a(lib_a-strcat.o)
 .v4_bx         0x00000000        0x0 /cygdrive/c/Users/Public/Desktop/CmpE146Package/GNUARM/bin/../lib/gcc/arm-elf/4.3.2/../../../../arm-elf/lib/libc.a(lib_a-strchr.o)
 .v4_bx         0x00000000        0x0 /cygdrive/c/Users/Public/Desktop/CmpE146Package/GNUARM/bin/../lib/gcc/arm-elf/4.3.2/../../../../arm-elf/lib/libc.a(lib_a-strcmp.o)
 .v4_bx         0x00000000        0x0 /cygdrive/c/Users/Public/Desktop/CmpE146Package/GNUARM/bin/../lib/gcc/arm-elf/4.3.2/../../../../arm-elf/lib/libc.a(lib_a-strcpy.o)
 .v4_bx         0x00000000        0x0 /cygdrive/c/Users/Public/Desktop/CmpE146Package/GNUARM/bin/../lib/gcc/arm-elf/4.3.2/../../../../arm-elf/lib/libc.a(lib_a-strlen.o)
 .v4_bx         0x00000000        0x0 /cygdrive/c/Users/Public/Desktop/CmpE146Package/GNUARM/bin/../lib/gcc/arm-elf/4.3.2/../../../../arm-elf/lib/libc.a(lib_a-strncpy.o)
 .v4_bx         0x00000000        0x0 /cygdrive/c/Users/Public/Desktop/CmpE146Package/GNUARM/bin/../lib/gcc/arm-elf/4.3.2/../../../../arm-elf/lib/libc.a(lib_a-strstr.o)
 .v4_bx         0x00000000        0x0 /cygdrive/c/Users/Public/Desktop/CmpE146Package/GNUARM/bin/../lib/gcc/arm-elf/4.3.2/../../../../arm-elf/lib/libc.a(lib_a-strtod.o)
 .v4_bx         0x00000000        0x0 /cygdrive/c/Users/Public/Desktop/CmpE146Package/GNUARM/bin/../lib/gcc/arm-elf/4.3.2/../../../../arm-elf/lib/libc.a(lib_a-strtok.o)
 .v4_bx         0x00000000        0x0 /cygdrive/c/Users/Public/Desktop/CmpE146Package/GNUARM/bin/../lib/gcc/arm-elf/4.3.2/../../../../arm-elf/lib/libc.a(lib_a-strtok_r.o)
 .v4_bx         0x00000000        0x0 /cygdrive/c/Users/Public/Desktop/CmpE146Package/GNUARM/bin/../lib/gcc/arm-elf/4.3.2/../../../../arm-elf/lib/libc.a(lib_a-strtol.o)
 .v4_bx         0x00000000        0x0 /cygdrive/c/Users/Public/Desktop/CmpE146Package/GNUARM/bin/../lib/gcc/arm-elf/4.3.2/../../../../arm-elf/lib/libc.a(lib_a-tolower.o)
 .v4_bx         0x00000000        0x0 /cygdrive/c/Users/Public/Desktop/CmpE146Package/GNUARM/bin/../lib/gcc/arm-elf/4.3.2/../../../../arm-elf/lib/libc.a(lib_a-toupper.o)
 .v4_bx         0x00000000        0x0 /cygdrive/c/Users/Public/Desktop/CmpE146Package/GNUARM/bin/../lib/gcc/arm-elf/4.3.2/../../../../arm-elf/lib/libc.a(lib_a-vfiprintf.o)
 .v4_bx         0x00000000        0x0 /cygdrive/c/Users/Public/Desktop/CmpE146Package/GNUARM/bin/../lib/gcc/arm-elf/4.3.2/../../../../arm-elf/lib/libc.a(lib_a-vfprintf.o)
 .v4_bx         0x00000000        0x0 /cygdrive/c/Users/Public/Desktop/CmpE146Package/GNUARM/bin/../lib/gcc/arm-elf/4.3.2/../../../../arm-elf/lib/libc.a(lib_a-wsetup.o)
 .v4_bx         0x00000000        0x0 /cygdrive/c/Users/Public/Desktop/CmpE146Package/GNUARM/bin/../lib/gcc/arm-elf/4.3.2/../../../../arm-elf/lib/libc.a(lib_a-ctype_.o)
 .v4_bx         0x00000000        0x0 /cygdrive/c/Users/Public/Desktop/CmpE146Package/GNUARM/bin/../lib/gcc/arm-elf/4.3.2/../../../../arm-elf/lib/libc.a(lib_a-dtoa.o)
 .v4_bx         0x00000000        0x0 /cygdrive/c/Users/Public/Desktop/CmpE146Package/GNUARM/bin/../lib/gcc/arm-elf/4.3.2/../../../../arm-elf/lib/libc.a(lib_a-fflush.o)
 .v4_bx         0x00000000        0x0 /cygdrive/c/Users/Public/Desktop/CmpE146Package/GNUARM/bin/../lib/gcc/arm-elf/4.3.2/../../../../arm-elf/lib/libc.a(lib_a-findfp.o)
 .v4_bx         0x00000000        0x0 /cygdrive/c/Users/Public/Desktop/CmpE146Package/GNUARM/bin/../lib/gcc/arm-elf/4.3.2/../../../../arm-elf/lib/libc.a(lib_a-freer.o)
 .v4_bx         0x00000000        0x0 /cygdrive/c/Users/Public/Desktop/CmpE146Package/GNUARM/bin/../lib/gcc/arm-elf/4.3.2/../../../../arm-elf/lib/libc.a(lib_a-fvwrite.o)
 .v4_bx         0x00000000        0x0 /cygdrive/c/Users/Public/Desktop/CmpE146Package/GNUARM/bin/../lib/gcc/arm-elf/4.3.2/../../../../arm-elf/lib/libc.a(lib_a-fwalk.o)
 .v4_bx         0x00000000        0x0 /cygdrive/c/Users/Public/Desktop/CmpE146Package/GNUARM/bin/../lib/gcc/arm-elf/4.3.2/../../../../arm-elf/lib/libc.a(lib_a-gdtoa-gethex.o)
 .v4_bx         0x00000000        0x0 /cygdrive/c/Users/Public/Desktop/CmpE146Package/GNUARM/bin/../lib/gcc/arm-elf/4.3.2/../../../../arm-elf/lib/libc.a(lib_a-gdtoa-hexnan.o)
 .v4_bx         0x00000000        0x0 /cygdrive/c/Users/Public/Desktop/CmpE146Package/GNUARM/bin/../lib/gcc/arm-elf/4.3.2/../../../../arm-elf/lib/libc.a(lib_a-impure.o)
 .v4_bx         0x00000000        0x0 /cygdrive/c/Users/Public/Desktop/CmpE146Package/GNUARM/bin/../lib/gcc/arm-elf/4.3.2/../../../../arm-elf/lib/libc.a(lib_a-locale.o)
 .v4_bx         0x00000000        0x0 /cygdrive/c/Users/Public/Desktop/CmpE146Package/GNUARM/bin/../lib/gcc/arm-elf/4.3.2/../../../../arm-elf/lib/libc.a(lib_a-makebuf.o)