   1              		.file	"uart0.c"
   2              		.global	__udivsi3
   3              		.text
   4              		.align	2
   5              		.global	uart0Init
   7              	uart0Init:
   8              		@ args = 0, pretend = 0, frame = 0
   9              		@ frame_needed = 0, uses_anonymous_args = 0
  10 0000 58209FE5 		ldr	r2, .L3
  11 0004 003092E5 		ldr	r3, [r2, #0]
  12 0008 0F30C3E3 		bic	r3, r3, #15
  13 000c 003082E5 		str	r3, [r2, #0]
  14 0010 003092E5 		ldr	r3, [r2, #0]
  15 0014 053083E3 		orr	r3, r3, #5
  16 0018 003082E5 		str	r3, [r2, #0]
  17 001c 10402DE9 		stmfd	sp!, {r4, lr}
  18 0020 3C409FE5 		ldr	r4, .L3+4
  19 0024 0C3094E5 		ldr	r3, [r4, #12]
  20 0028 803083E3 		orr	r3, r3, #128
  21 002c 0012A0E1 		mov	r1, r0, asl #4
  22 0030 0C3084E5 		str	r3, [r4, #12]
  23 0034 2C009FE5 		ldr	r0, .L3+8
  24 0038 FEFFFFEB 		bl	__udivsi3
  25 003c 0030A0E3 		mov	r3, #0
  26 0040 000084E5 		str	r0, [r4, #0]
  27 0044 043084E5 		str	r3, [r4, #4]
  28 0048 0C3094E5 		ldr	r3, [r4, #12]
  29 004c 8030C3E3 		bic	r3, r3, #128
  30 0050 0C3084E5 		str	r3, [r4, #12]
  31 0054 0330A0E3 		mov	r3, #3
  32 0058 0C3084E5 		str	r3, [r4, #12]
  33 005c 1080BDE8 		ldmfd	sp!, {r4, pc}
  34              	.L4:
  35              		.align	2
  36              	.L3:
  37 0060 00C002E0 		.word	-536690688
  38 0064 00C000E0 		.word	-536821760
  39 0068 006CDC02 		.word	48000000
  41              		.align	2
  42              		.global	uart0GetChar
  44              	uart0GetChar:
  45              		@ args = 0, pretend = 0, frame = 0
  46              		@ frame_needed = 0, uses_anonymous_args = 0
  47              		@ link register save eliminated.
  48 006c 18209FE5 		ldr	r2, .L9
  49              	.L6:
  50 0070 143092E5 		ldr	r3, [r2, #20]
  51 0074 010013E3 		tst	r3, #1
  52 0078 FCFFFF0A 		beq	.L6
  53 007c 08309FE5 		ldr	r3, .L9
  54 0080 003093E5 		ldr	r3, [r3, #0]
  55 0084 0030C0E5 		strb	r3, [r0, #0]
  56 0088 1EFF2FE1 		bx	lr
  57              	.L10:
  58              		.align	2
  59              	.L9:
  60 008c 00C000E0 		.word	-536821760
  62              		.align	2
  63              		.global	uart0PutChar
  65              	uart0PutChar:
  66              		@ args = 0, pretend = 0, frame = 0
  67              		@ frame_needed = 0, uses_anonymous_args = 0
  68              		@ link register save eliminated.
  69 0090 18209FE5 		ldr	r2, .L15
  70 0094 FF0000E2 		and	r0, r0, #255
  71              	.L12:
  72 0098 143092E5 		ldr	r3, [r2, #20]
  73 009c 200013E3 		tst	r3, #32
  74 00a0 FCFFFF0A 		beq	.L12
  75 00a4 04309FE5 		ldr	r3, .L15
  76 00a8 000083E5 		str	r0, [r3, #0]
  77 00ac 1EFF2FE1 		bx	lr
  78              	.L16:
  79              		.align	2
  80              	.L15:
  81 00b0 00C000E0 		.word	-536821760
  83              		.ident	"GCC: (GNU) 4.3.2"
DEFINED SYMBOLS
                            *ABS*:00000000 uart0.c
/cygdrive/c/Users/ADMINI~1/AppData/Local/Temp/cc2JJYKW.s:7      .text:00000000 uart0Init
/cygdrive/c/Users/ADMINI~1/AppData/Local/Temp/cc2JJYKW.s:10     .text:00000000 $a
/cygdrive/c/Users/ADMINI~1/AppData/Local/Temp/cc2JJYKW.s:37     .text:00000060 $d
/cygdrive/c/Users/ADMINI~1/AppData/Local/Temp/cc2JJYKW.s:44     .text:0000006c uart0GetChar
/cygdrive/c/Users/ADMINI~1/AppData/Local/Temp/cc2JJYKW.s:48     .text:0000006c $a
/cygdrive/c/Users/ADMINI~1/AppData/Local/Temp/cc2JJYKW.s:60     .text:0000008c $d
/cygdrive/c/Users/ADMINI~1/AppData/Local/Temp/cc2JJYKW.s:65     .text:00000090 uart0PutChar
/cygdrive/c/Users/ADMINI~1/AppData/Local/Temp/cc2JJYKW.s:69     .text:00000090 $a
/cygdrive/c/Users/ADMINI~1/AppData/Local/Temp/cc2JJYKW.s:81     .text:000000b0 $d

UNDEFINED SYMBOLS
__udivsi3
